build (3.11)	Set up job	∩╗┐2026-02-19T22:11:46.2446025Z Current runner version: '2.331.0'
build (3.11)	Set up job	2026-02-19T22:11:46.2473339Z ##[group]Runner Image Provisioner
build (3.11)	Set up job	2026-02-19T22:11:46.2474211Z Hosted Compute Agent
build (3.11)	Set up job	2026-02-19T22:11:46.2474761Z Version: 20260213.493
build (3.11)	Set up job	2026-02-19T22:11:46.2475485Z Commit: 5c115507f6dd24b8de37d8bbe0bb4509d0cc0fa3
build (3.11)	Set up job	2026-02-19T22:11:46.2476237Z Build Date: 2026-02-13T00:28:41Z
build (3.11)	Set up job	2026-02-19T22:11:46.2476880Z Worker ID: {3b007ba6-86be-4dae-a2c6-ea5506365e55}
build (3.11)	Set up job	2026-02-19T22:11:46.2477653Z Azure Region: northcentralus
build (3.11)	Set up job	2026-02-19T22:11:46.2478230Z ##[endgroup]
build (3.11)	Set up job	2026-02-19T22:11:46.2479764Z ##[group]Operating System
build (3.11)	Set up job	2026-02-19T22:11:46.2480429Z Ubuntu
build (3.11)	Set up job	2026-02-19T22:11:46.2481017Z 24.04.3
build (3.11)	Set up job	2026-02-19T22:11:46.2481465Z LTS
build (3.11)	Set up job	2026-02-19T22:11:46.2482161Z ##[endgroup]
build (3.11)	Set up job	2026-02-19T22:11:46.2482691Z ##[group]Runner Image
build (3.11)	Set up job	2026-02-19T22:11:46.2483269Z Image: ubuntu-24.04
build (3.11)	Set up job	2026-02-19T22:11:46.2483846Z Version: 20260217.30.1
build (3.11)	Set up job	2026-02-19T22:11:46.2484888Z Included Software: https://github.com/actions/runner-images/blob/ubuntu24/20260217.30/images/ubuntu/Ubuntu2404-Readme.md
build (3.11)	Set up job	2026-02-19T22:11:46.2486565Z Image Release: https://github.com/actions/runner-images/releases/tag/ubuntu24%2F20260217.30
build (3.11)	Set up job	2026-02-19T22:11:46.2487509Z ##[endgroup]
build (3.11)	Set up job	2026-02-19T22:11:46.2488491Z ##[group]GITHUB_TOKEN Permissions
build (3.11)	Set up job	2026-02-19T22:11:46.2490636Z Contents: read
build (3.11)	Set up job	2026-02-19T22:11:46.2491201Z Metadata: read
build (3.11)	Set up job	2026-02-19T22:11:46.2491713Z ##[endgroup]
build (3.11)	Set up job	2026-02-19T22:11:46.2494361Z Secret source: Actions
build (3.11)	Set up job	2026-02-19T22:11:46.2495352Z Prepare workflow directory
build (3.11)	Set up job	2026-02-19T22:11:46.2830248Z Prepare all required actions
build (3.11)	Set up job	2026-02-19T22:11:46.2869821Z Getting action download info
build (3.11)	Set up job	2026-02-19T22:11:46.6029476Z Download action repository 'actions/checkout@v4' (SHA:34e114876b0b11c390a56381ad16ebd13914f8d5)
build (3.11)	Set up job	2026-02-19T22:11:46.7850137Z Download action repository 'actions/setup-python@v3' (SHA:3542bca2639a428e1796aaa6a2ffef0c0f575566)
build (3.11)	Set up job	2026-02-19T22:11:47.1146087Z Complete job name: build (3.11)
build (3.11)	Run actions/checkout@v4	∩╗┐2026-02-19T22:11:47.1825137Z ##[group]Run actions/checkout@v4
build (3.11)	Run actions/checkout@v4	2026-02-19T22:11:47.1826062Z with:
build (3.11)	Run actions/checkout@v4	2026-02-19T22:11:47.1826689Z   repository: Shivay00001/aria-runtime
build (3.11)	Run actions/checkout@v4	2026-02-19T22:11:47.1827492Z   token: ***
build (3.11)	Run actions/checkout@v4	2026-02-19T22:11:47.1827904Z   ssh-strict: true
build (3.11)	Run actions/checkout@v4	2026-02-19T22:11:47.1828330Z   ssh-user: git
build (3.11)	Run actions/checkout@v4	2026-02-19T22:11:47.1828762Z   persist-credentials: true
build (3.11)	Run actions/checkout@v4	2026-02-19T22:11:47.1829267Z   clean: true
build (3.11)	Run actions/checkout@v4	2026-02-19T22:11:47.1829714Z   sparse-checkout-cone-mode: true
build (3.11)	Run actions/checkout@v4	2026-02-19T22:11:47.1830265Z   fetch-depth: 1
build (3.11)	Run actions/checkout@v4	2026-02-19T22:11:47.1830682Z   fetch-tags: false
build (3.11)	Run actions/checkout@v4	2026-02-19T22:11:47.1831122Z   show-progress: true
build (3.11)	Run actions/checkout@v4	2026-02-19T22:11:47.1831556Z   lfs: false
build (3.11)	Run actions/checkout@v4	2026-02-19T22:11:47.1831955Z   submodules: false
build (3.11)	Run actions/checkout@v4	2026-02-19T22:11:47.1832586Z   set-safe-directory: true
build (3.11)	Run actions/checkout@v4	2026-02-19T22:11:47.1833352Z ##[endgroup]
build (3.11)	Run actions/checkout@v4	2026-02-19T22:11:47.3075550Z Syncing repository: Shivay00001/aria-runtime
build (3.11)	Run actions/checkout@v4	2026-02-19T22:11:47.3078509Z ##[group]Getting Git version info
build (3.11)	Run actions/checkout@v4	2026-02-19T22:11:47.3080045Z Working directory is '/home/runner/work/aria-runtime/aria-runtime'
build (3.11)	Run actions/checkout@v4	2026-02-19T22:11:47.3082490Z [command]/usr/bin/git version
build (3.11)	Run actions/checkout@v4	2026-02-19T22:11:47.3089608Z git version 2.53.0
build (3.11)	Run actions/checkout@v4	2026-02-19T22:11:47.3121666Z ##[endgroup]
build (3.11)	Run actions/checkout@v4	2026-02-19T22:11:47.3144317Z Temporarily overriding HOME='/home/runner/work/_temp/e3dcfeeb-b8e7-4908-ac1a-93208e5addd1' before making global git config changes
build (3.11)	Run actions/checkout@v4	2026-02-19T22:11:47.3147630Z Adding repository directory to the temporary git global config as a safe directory
build (3.11)	Run actions/checkout@v4	2026-02-19T22:11:47.3154550Z [command]/usr/bin/git config --global --add safe.directory /home/runner/work/aria-runtime/aria-runtime
build (3.11)	Run actions/checkout@v4	2026-02-19T22:11:47.3197594Z Deleting the contents of '/home/runner/work/aria-runtime/aria-runtime'
build (3.11)	Run actions/checkout@v4	2026-02-19T22:11:47.3201154Z ##[group]Initializing the repository
build (3.11)	Run actions/checkout@v4	2026-02-19T22:11:47.3205695Z [command]/usr/bin/git init /home/runner/work/aria-runtime/aria-runtime
build (3.11)	Run actions/checkout@v4	2026-02-19T22:11:47.3334984Z hint: Using 'master' as the name for the initial branch. This default branch name
build (3.11)	Run actions/checkout@v4	2026-02-19T22:11:47.3336534Z hint: will change to "main" in Git 3.0. To configure the initial branch name
build (3.11)	Run actions/checkout@v4	2026-02-19T22:11:47.3337892Z hint: to use in all of your new repositories, which will suppress this warning,
build (3.11)	Run actions/checkout@v4	2026-02-19T22:11:47.3339433Z hint: call:
build (3.11)	Run actions/checkout@v4	2026-02-19T22:11:47.3340158Z hint:
build (3.11)	Run actions/checkout@v4	2026-02-19T22:11:47.3340952Z hint: 	git config --global init.defaultBranch <name>
build (3.11)	Run actions/checkout@v4	2026-02-19T22:11:47.3341740Z hint:
build (3.11)	Run actions/checkout@v4	2026-02-19T22:11:47.3342743Z hint: Names commonly chosen instead of 'master' are 'main', 'trunk' and
build (3.11)	Run actions/checkout@v4	2026-02-19T22:11:47.3343999Z hint: 'development'. The just-created branch can be renamed via this command:
build (3.11)	Run actions/checkout@v4	2026-02-19T22:11:47.3345103Z hint:
build (3.11)	Run actions/checkout@v4	2026-02-19T22:11:47.3345602Z hint: 	git branch -m <name>
build (3.11)	Run actions/checkout@v4	2026-02-19T22:11:47.3346178Z hint:
build (3.11)	Run actions/checkout@v4	2026-02-19T22:11:47.3346909Z hint: Disable this message with "git config set advice.defaultBranchName false"
build (3.11)	Run actions/checkout@v4	2026-02-19T22:11:47.3348302Z Initialized empty Git repository in /home/runner/work/aria-runtime/aria-runtime/.git/
build (3.11)	Run actions/checkout@v4	2026-02-19T22:11:47.3351109Z [command]/usr/bin/git remote add origin https://github.com/Shivay00001/aria-runtime
build (3.11)	Run actions/checkout@v4	2026-02-19T22:11:47.3387319Z ##[endgroup]
build (3.11)	Run actions/checkout@v4	2026-02-19T22:11:47.3391867Z ##[group]Disabling automatic garbage collection
build (3.11)	Run actions/checkout@v4	2026-02-19T22:11:47.3393386Z [command]/usr/bin/git config --local gc.auto 0
build (3.11)	Run actions/checkout@v4	2026-02-19T22:11:47.3423897Z ##[endgroup]
build (3.11)	Run actions/checkout@v4	2026-02-19T22:11:47.3425269Z ##[group]Setting up auth
build (3.11)	Run actions/checkout@v4	2026-02-19T22:11:47.3431700Z [command]/usr/bin/git config --local --name-only --get-regexp core\.sshCommand
build (3.11)	Run actions/checkout@v4	2026-02-19T22:11:47.3465455Z [command]/usr/bin/git submodule foreach --recursive sh -c "git config --local --name-only --get-regexp 'core\.sshCommand' && git config --local --unset-all 'core.sshCommand' || :"
build (3.11)	Run actions/checkout@v4	2026-02-19T22:11:47.3847177Z [command]/usr/bin/git config --local --name-only --get-regexp http\.https\:\/\/github\.com\/\.extraheader
build (3.11)	Run actions/checkout@v4	2026-02-19T22:11:47.3881160Z [command]/usr/bin/git submodule foreach --recursive sh -c "git config --local --name-only --get-regexp 'http\.https\:\/\/github\.com\/\.extraheader' && git config --local --unset-all 'http.https://github.com/.extraheader' || :"
build (3.11)	Run actions/checkout@v4	2026-02-19T22:11:47.4120820Z [command]/usr/bin/git config --local --name-only --get-regexp ^includeIf\.gitdir:
build (3.11)	Run actions/checkout@v4	2026-02-19T22:11:47.4153910Z [command]/usr/bin/git submodule foreach --recursive git config --local --show-origin --name-only --get-regexp remote.origin.url
build (3.11)	Run actions/checkout@v4	2026-02-19T22:11:47.4408402Z [command]/usr/bin/git config --local http.https://github.com/.extraheader AUTHORIZATION: basic ***
build (3.11)	Run actions/checkout@v4	2026-02-19T22:11:47.4445891Z ##[endgroup]
build (3.11)	Run actions/checkout@v4	2026-02-19T22:11:47.4446877Z ##[group]Fetching the repository
build (3.11)	Run actions/checkout@v4	2026-02-19T22:11:47.4454838Z [command]/usr/bin/git -c protocol.version=2 fetch --no-tags --prune --no-recurse-submodules --depth=1 origin +626a621cab75fa4fe60815e962103f52efd0e548:refs/remotes/origin/master
build (3.11)	Run actions/checkout@v4	2026-02-19T22:11:47.7115721Z From https://github.com/Shivay00001/aria-runtime
build (3.11)	Run actions/checkout@v4	2026-02-19T22:11:47.7118111Z  * [new ref]         626a621cab75fa4fe60815e962103f52efd0e548 -> origin/master
build (3.11)	Run actions/checkout@v4	2026-02-19T22:11:47.7155862Z ##[endgroup]
build (3.11)	Run actions/checkout@v4	2026-02-19T22:11:47.7157771Z ##[group]Determining the checkout info
build (3.11)	Run actions/checkout@v4	2026-02-19T22:11:47.7159863Z ##[endgroup]
build (3.11)	Run actions/checkout@v4	2026-02-19T22:11:47.7164548Z [command]/usr/bin/git sparse-checkout disable
build (3.11)	Run actions/checkout@v4	2026-02-19T22:11:47.7209531Z [command]/usr/bin/git config --local --unset-all extensions.worktreeConfig
build (3.11)	Run actions/checkout@v4	2026-02-19T22:11:47.7237938Z ##[group]Checking out the ref
build (3.11)	Run actions/checkout@v4	2026-02-19T22:11:47.7242475Z [command]/usr/bin/git checkout --progress --force -B master refs/remotes/origin/master
build (3.11)	Run actions/checkout@v4	2026-02-19T22:11:47.7359296Z Reset branch 'master'
build (3.11)	Run actions/checkout@v4	2026-02-19T22:11:47.7362973Z branch 'master' set up to track 'origin/master'.
build (3.11)	Run actions/checkout@v4	2026-02-19T22:11:47.7369791Z ##[endgroup]
build (3.11)	Run actions/checkout@v4	2026-02-19T22:11:47.7404369Z [command]/usr/bin/git log -1 --format=%H
build (3.11)	Run actions/checkout@v4	2026-02-19T22:11:47.7427534Z 626a621cab75fa4fe60815e962103f52efd0e548
build (3.11)	Set up Python 3.11	∩╗┐2026-02-19T22:11:47.7706015Z ##[group]Run actions/setup-python@v3
build (3.11)	Set up Python 3.11	2026-02-19T22:11:47.7707260Z with:
build (3.11)	Set up Python 3.11	2026-02-19T22:11:47.7708097Z   python-version: 3.11
build (3.11)	Set up Python 3.11	2026-02-19T22:11:47.7709334Z   token: ***
build (3.11)	Set up Python 3.11	2026-02-19T22:11:47.7710189Z ##[endgroup]
build (3.11)	Set up Python 3.11	2026-02-19T22:11:47.8918984Z Successfully setup CPython (3.11.14)
build (3.11)	Install dependencies	∩╗┐2026-02-19T22:11:47.9063348Z ##[group]Run python -m pip install --upgrade pip
build (3.11)	Install dependencies	2026-02-19T22:11:47.9064939Z [36;1mpython -m pip install --upgrade pip[0m
build (3.11)	Install dependencies	2026-02-19T22:11:47.9066559Z [36;1mpython -m pip install build twine ruff pytest pytest-cov[0m
build (3.11)	Install dependencies	2026-02-19T22:11:47.9068547Z [36;1mpip install .[0m
build (3.11)	Install dependencies	2026-02-19T22:11:47.9142924Z shell: /usr/bin/bash -e {0}
build (3.11)	Install dependencies	2026-02-19T22:11:47.9143978Z env:
build (3.11)	Install dependencies	2026-02-19T22:11:47.9145013Z   pythonLocation: /opt/hostedtoolcache/Python/3.11.14/x64
build (3.11)	Install dependencies	2026-02-19T22:11:47.9146707Z   LD_LIBRARY_PATH: /opt/hostedtoolcache/Python/3.11.14/x64/lib
build (3.11)	Install dependencies	2026-02-19T22:11:47.9148116Z ##[endgroup]
build (3.11)	Install dependencies	2026-02-19T22:11:48.9909331Z Requirement already satisfied: pip in /opt/hostedtoolcache/Python/3.11.14/x64/lib/python3.11/site-packages (26.0.1)
build (3.11)	Install dependencies	2026-02-19T22:11:50.0461584Z Collecting build
build (3.11)	Install dependencies	2026-02-19T22:11:50.1017408Z   Downloading build-1.4.0-py3-none-any.whl.metadata (5.8 kB)
build (3.11)	Install dependencies	2026-02-19T22:11:50.1273065Z Collecting twine
build (3.11)	Install dependencies	2026-02-19T22:11:50.1318818Z   Downloading twine-6.2.0-py3-none-any.whl.metadata (3.6 kB)
build (3.11)	Install dependencies	2026-02-19T22:11:50.4671556Z Collecting ruff
build (3.11)	Install dependencies	2026-02-19T22:11:50.4725535Z   Downloading ruff-0.15.1-py3-none-manylinux_2_17_x86_64.manylinux2014_x86_64.whl.metadata (26 kB)
build (3.11)	Install dependencies	2026-02-19T22:11:50.5084957Z Collecting pytest
build (3.11)	Install dependencies	2026-02-19T22:11:50.5124959Z   Downloading pytest-9.0.2-py3-none-any.whl.metadata (7.6 kB)
build (3.11)	Install dependencies	2026-02-19T22:11:50.5291089Z Collecting pytest-cov
build (3.11)	Install dependencies	2026-02-19T22:11:50.5335502Z   Downloading pytest_cov-7.0.0-py3-none-any.whl.metadata (31 kB)
build (3.11)	Install dependencies	2026-02-19T22:11:50.5503797Z Collecting packaging>=24.0 (from build)
build (3.11)	Install dependencies	2026-02-19T22:11:50.5545554Z   Downloading packaging-26.0-py3-none-any.whl.metadata (3.3 kB)
build (3.11)	Install dependencies	2026-02-19T22:11:50.5642636Z Collecting pyproject_hooks (from build)
build (3.11)	Install dependencies	2026-02-19T22:11:50.5679047Z   Downloading pyproject_hooks-1.2.0-py3-none-any.whl.metadata (1.3 kB)
build (3.11)	Install dependencies	2026-02-19T22:11:50.5835999Z Collecting readme-renderer>=35.0 (from twine)
build (3.11)	Install dependencies	2026-02-19T22:11:50.5876249Z   Downloading readme_renderer-44.0-py3-none-any.whl.metadata (2.8 kB)
build (3.11)	Install dependencies	2026-02-19T22:11:50.6088008Z Collecting requests>=2.20 (from twine)
build (3.11)	Install dependencies	2026-02-19T22:11:50.6132328Z   Downloading requests-2.32.5-py3-none-any.whl.metadata (4.9 kB)
build (3.11)	Install dependencies	2026-02-19T22:11:50.6286974Z Collecting requests-toolbelt!=0.9.0,>=0.8.0 (from twine)
build (3.11)	Install dependencies	2026-02-19T22:11:50.6324345Z   Downloading requests_toolbelt-1.0.0-py2.py3-none-any.whl.metadata (14 kB)
build (3.11)	Install dependencies	2026-02-19T22:11:50.6529735Z Collecting urllib3>=1.26.0 (from twine)
build (3.11)	Install dependencies	2026-02-19T22:11:50.6569648Z   Downloading urllib3-2.6.3-py3-none-any.whl.metadata (6.9 kB)
build (3.11)	Install dependencies	2026-02-19T22:11:50.6839569Z Collecting keyring>=21.2.0 (from twine)
build (3.11)	Install dependencies	2026-02-19T22:11:50.6878475Z   Downloading keyring-25.7.0-py3-none-any.whl.metadata (21 kB)
build (3.11)	Install dependencies	2026-02-19T22:11:50.7045952Z Collecting rfc3986>=1.4.0 (from twine)
build (3.11)	Install dependencies	2026-02-19T22:11:50.7085326Z   Downloading rfc3986-2.0.0-py2.py3-none-any.whl.metadata (6.6 kB)
build (3.11)	Install dependencies	2026-02-19T22:11:50.7479682Z Collecting rich>=12.0.0 (from twine)
build (3.11)	Install dependencies	2026-02-19T22:11:50.7519479Z   Downloading rich-14.3.3-py3-none-any.whl.metadata (18 kB)
build (3.11)	Install dependencies	2026-02-19T22:11:50.7656746Z Collecting id (from twine)
build (3.11)	Install dependencies	2026-02-19T22:11:50.7709783Z   Downloading id-1.6.1-py3-none-any.whl.metadata (5.1 kB)
build (3.11)	Install dependencies	2026-02-19T22:11:50.7882772Z Collecting iniconfig>=1.0.1 (from pytest)
build (3.11)	Install dependencies	2026-02-19T22:11:50.7933389Z   Downloading iniconfig-2.3.0-py3-none-any.whl.metadata (2.5 kB)
build (3.11)	Install dependencies	2026-02-19T22:11:50.8121329Z Collecting pluggy<2,>=1.5 (from pytest)
build (3.11)	Install dependencies	2026-02-19T22:11:50.8217243Z   Downloading pluggy-1.6.0-py3-none-any.whl.metadata (4.8 kB)
build (3.11)	Install dependencies	2026-02-19T22:11:50.8386885Z Collecting pygments>=2.7.2 (from pytest)
build (3.11)	Install dependencies	2026-02-19T22:11:50.8421932Z   Downloading pygments-2.19.2-py3-none-any.whl.metadata (2.5 kB)
build (3.11)	Install dependencies	2026-02-19T22:11:51.1831102Z Collecting coverage>=7.10.6 (from coverage[toml]>=7.10.6->pytest-cov)
build (3.11)	Install dependencies	2026-02-19T22:11:51.1873746Z   Downloading coverage-7.13.4-cp311-cp311-manylinux1_x86_64.manylinux_2_28_x86_64.manylinux_2_5_x86_64.whl.metadata (8.5 kB)
build (3.11)	Install dependencies	2026-02-19T22:11:51.2042453Z Collecting SecretStorage>=3.2 (from keyring>=21.2.0->twine)
build (3.11)	Install dependencies	2026-02-19T22:11:51.2080267Z   Downloading secretstorage-3.5.0-py3-none-any.whl.metadata (4.0 kB)
build (3.11)	Install dependencies	2026-02-19T22:11:51.2189383Z Collecting jeepney>=0.4.2 (from keyring>=21.2.0->twine)
build (3.11)	Install dependencies	2026-02-19T22:11:51.2224694Z   Downloading jeepney-0.9.0-py3-none-any.whl.metadata (1.2 kB)
build (3.11)	Install dependencies	2026-02-19T22:11:51.2476826Z Collecting importlib_metadata>=4.11.4 (from keyring>=21.2.0->twine)
build (3.11)	Install dependencies	2026-02-19T22:11:51.2516373Z   Downloading importlib_metadata-8.7.1-py3-none-any.whl.metadata (4.7 kB)
build (3.11)	Install dependencies	2026-02-19T22:11:51.2649105Z Collecting jaraco.classes (from keyring>=21.2.0->twine)
build (3.11)	Install dependencies	2026-02-19T22:11:51.2688105Z   Downloading jaraco.classes-3.4.0-py3-none-any.whl.metadata (2.6 kB)
build (3.11)	Install dependencies	2026-02-19T22:11:51.2857796Z Collecting jaraco.functools (from keyring>=21.2.0->twine)
build (3.11)	Install dependencies	2026-02-19T22:11:51.2897488Z   Downloading jaraco_functools-4.4.0-py3-none-any.whl.metadata (3.0 kB)
build (3.11)	Install dependencies	2026-02-19T22:11:51.3025167Z Collecting jaraco.context (from keyring>=21.2.0->twine)
build (3.11)	Install dependencies	2026-02-19T22:11:51.3069967Z   Downloading jaraco_context-6.1.0-py3-none-any.whl.metadata (4.3 kB)
build (3.11)	Install dependencies	2026-02-19T22:11:51.3228412Z Collecting zipp>=3.20 (from importlib_metadata>=4.11.4->keyring>=21.2.0->twine)
build (3.11)	Install dependencies	2026-02-19T22:11:51.3264742Z   Downloading zipp-3.23.0-py3-none-any.whl.metadata (3.6 kB)
build (3.11)	Install dependencies	2026-02-19T22:11:51.3882450Z Collecting nh3>=0.2.14 (from readme-renderer>=35.0->twine)
build (3.11)	Install dependencies	2026-02-19T22:11:51.3920456Z   Downloading nh3-0.3.3-cp38-abi3-manylinux_2_17_x86_64.manylinux2014_x86_64.whl.metadata (2.0 kB)
build (3.11)	Install dependencies	2026-02-19T22:11:51.4063766Z Collecting docutils>=0.21.2 (from readme-renderer>=35.0->twine)
build (3.11)	Install dependencies	2026-02-19T22:11:51.4114356Z   Downloading docutils-0.22.4-py3-none-any.whl.metadata (15 kB)
build (3.11)	Install dependencies	2026-02-19T22:11:51.4844273Z Collecting charset_normalizer<4,>=2 (from requests>=2.20->twine)
build (3.11)	Install dependencies	2026-02-19T22:11:51.4912569Z   Downloading charset_normalizer-3.4.4-cp311-cp311-manylinux2014_x86_64.manylinux_2_17_x86_64.manylinux_2_28_x86_64.whl.metadata (37 kB)
build (3.11)	Install dependencies	2026-02-19T22:11:51.5057167Z Collecting idna<4,>=2.5 (from requests>=2.20->twine)
build (3.11)	Install dependencies	2026-02-19T22:11:51.5105242Z   Downloading idna-3.11-py3-none-any.whl.metadata (8.4 kB)
build (3.11)	Install dependencies	2026-02-19T22:11:51.5309147Z Collecting certifi>=2017.4.17 (from requests>=2.20->twine)
build (3.11)	Install dependencies	2026-02-19T22:11:51.5344735Z   Downloading certifi-2026.1.4-py3-none-any.whl.metadata (2.5 kB)
build (3.11)	Install dependencies	2026-02-19T22:11:51.5523655Z Collecting markdown-it-py>=2.2.0 (from rich>=12.0.0->twine)
build (3.11)	Install dependencies	2026-02-19T22:11:51.5576362Z   Downloading markdown_it_py-4.0.0-py3-none-any.whl.metadata (7.3 kB)
build (3.11)	Install dependencies	2026-02-19T22:11:51.5729373Z Collecting mdurl~=0.1 (from markdown-it-py>=2.2.0->rich>=12.0.0->twine)
build (3.11)	Install dependencies	2026-02-19T22:11:51.5768020Z   Downloading mdurl-0.1.2-py3-none-any.whl.metadata (1.6 kB)
build (3.11)	Install dependencies	2026-02-19T22:11:51.7362550Z Collecting cryptography>=2.0 (from SecretStorage>=3.2->keyring>=21.2.0->twine)
build (3.11)	Install dependencies	2026-02-19T22:11:51.7404633Z   Downloading cryptography-46.0.5-cp311-abi3-manylinux_2_34_x86_64.whl.metadata (5.7 kB)
build (3.11)	Install dependencies	2026-02-19T22:11:51.8320028Z Collecting cffi>=2.0.0 (from cryptography>=2.0->SecretStorage>=3.2->keyring>=21.2.0->twine)
build (3.11)	Install dependencies	2026-02-19T22:11:51.8360297Z   Downloading cffi-2.0.0-cp311-cp311-manylinux2014_x86_64.manylinux_2_17_x86_64.whl.metadata (2.6 kB)
build (3.11)	Install dependencies	2026-02-19T22:11:51.8488755Z Collecting pycparser (from cffi>=2.0.0->cryptography>=2.0->SecretStorage>=3.2->keyring>=21.2.0->twine)
build (3.11)	Install dependencies	2026-02-19T22:11:51.8525516Z   Downloading pycparser-3.0-py3-none-any.whl.metadata (8.2 kB)
build (3.11)	Install dependencies	2026-02-19T22:11:51.8713462Z Collecting more-itertools (from jaraco.classes->keyring>=21.2.0->twine)
build (3.11)	Install dependencies	2026-02-19T22:11:51.8749493Z   Downloading more_itertools-10.8.0-py3-none-any.whl.metadata (39 kB)
build (3.11)	Install dependencies	2026-02-19T22:11:51.8874551Z Collecting backports.tarfile (from jaraco.context->keyring>=21.2.0->twine)
build (3.11)	Install dependencies	2026-02-19T22:11:51.8918581Z   Downloading backports.tarfile-1.2.0-py3-none-any.whl.metadata (2.0 kB)
build (3.11)	Install dependencies	2026-02-19T22:11:51.9012276Z Downloading build-1.4.0-py3-none-any.whl (24 kB)
build (3.11)	Install dependencies	2026-02-19T22:11:51.9072541Z Downloading twine-6.2.0-py3-none-any.whl (42 kB)
build (3.11)	Install dependencies	2026-02-19T22:11:51.9132621Z Downloading ruff-0.15.1-py3-none-manylinux_2_17_x86_64.manylinux2014_x86_64.whl (11.1 MB)
build (3.11)	Install dependencies	2026-02-19T22:11:51.9711755Z    ΓöüΓöüΓöüΓöüΓöüΓöüΓöüΓöüΓöüΓöüΓöüΓöüΓöüΓöüΓöüΓöüΓöüΓöüΓöüΓöüΓöüΓöüΓöüΓöüΓöüΓöüΓöüΓöüΓöüΓöüΓöüΓöüΓöüΓöüΓöüΓöüΓöüΓöüΓöüΓöü 11.1/11.1 MB 205.1 MB/s  0:00:00
build (3.11)	Install dependencies	2026-02-19T22:11:51.9758247Z Downloading pytest-9.0.2-py3-none-any.whl (374 kB)
build (3.11)	Install dependencies	2026-02-19T22:11:51.9835530Z Downloading pluggy-1.6.0-py3-none-any.whl (20 kB)
build (3.11)	Install dependencies	2026-02-19T22:11:51.9901529Z Downloading pytest_cov-7.0.0-py3-none-any.whl (22 kB)
build (3.11)	Install dependencies	2026-02-19T22:11:51.9965433Z Downloading coverage-7.13.4-cp311-cp311-manylinux1_x86_64.manylinux_2_28_x86_64.manylinux_2_5_x86_64.whl (252 kB)
build (3.11)	Install dependencies	2026-02-19T22:11:52.0029195Z Downloading iniconfig-2.3.0-py3-none-any.whl (7.5 kB)
build (3.11)	Install dependencies	2026-02-19T22:11:52.0082189Z Downloading keyring-25.7.0-py3-none-any.whl (39 kB)
build (3.11)	Install dependencies	2026-02-19T22:11:52.0141222Z Downloading importlib_metadata-8.7.1-py3-none-any.whl (27 kB)
build (3.11)	Install dependencies	2026-02-19T22:11:52.0196384Z Downloading jeepney-0.9.0-py3-none-any.whl (49 kB)
build (3.11)	Install dependencies	2026-02-19T22:11:52.0251299Z Downloading packaging-26.0-py3-none-any.whl (74 kB)
build (3.11)	Install dependencies	2026-02-19T22:11:52.0319153Z Downloading pygments-2.19.2-py3-none-any.whl (1.2 MB)
build (3.11)	Install dependencies	2026-02-19T22:11:52.0407401Z    ΓöüΓöüΓöüΓöüΓöüΓöüΓöüΓöüΓöüΓöüΓöüΓöüΓöüΓöüΓöüΓöüΓöüΓöüΓöüΓöüΓöüΓöüΓöüΓöüΓöüΓöüΓöüΓöüΓöüΓöüΓöüΓöüΓöüΓöüΓöüΓöüΓöüΓöüΓöüΓöü 1.2/1.2 MB 163.6 MB/s  0:00:00
build (3.11)	Install dependencies	2026-02-19T22:11:52.0444199Z Downloading readme_renderer-44.0-py3-none-any.whl (13 kB)
build (3.11)	Install dependencies	2026-02-19T22:11:52.0507759Z Downloading docutils-0.22.4-py3-none-any.whl (633 kB)
build (3.11)	Install dependencies	2026-02-19T22:11:52.0572200Z    ΓöüΓöüΓöüΓöüΓöüΓöüΓöüΓöüΓöüΓöüΓöüΓöüΓöüΓöüΓöüΓöüΓöüΓöüΓöüΓöüΓöüΓöüΓöüΓöüΓöüΓöüΓöüΓöüΓöüΓöüΓöüΓöüΓöüΓöüΓöüΓöüΓöüΓöüΓöüΓöü 633.2/633.2 kB 100.5 MB/s  0:00:00
build (3.11)	Install dependencies	2026-02-19T22:11:52.0617111Z Downloading nh3-0.3.3-cp38-abi3-manylinux_2_17_x86_64.manylinux2014_x86_64.whl (811 kB)
build (3.11)	Install dependencies	2026-02-19T22:11:52.0688382Z    ΓöüΓöüΓöüΓöüΓöüΓöüΓöüΓöüΓöüΓöüΓöüΓöüΓöüΓöüΓöüΓöüΓöüΓöüΓöüΓöüΓöüΓöüΓöüΓöüΓöüΓöüΓöüΓöüΓöüΓöüΓöüΓöüΓöüΓöüΓöüΓöüΓöüΓöüΓöüΓöü 811.5/811.5 kB 129.7 MB/s  0:00:00
build (3.11)	Install dependencies	2026-02-19T22:11:52.0725463Z Downloading requests-2.32.5-py3-none-any.whl (64 kB)
build (3.11)	Install dependencies	2026-02-19T22:11:52.0814705Z Downloading charset_normalizer-3.4.4-cp311-cp311-manylinux2014_x86_64.manylinux_2_17_x86_64.manylinux_2_28_x86_64.whl (151 kB)
build (3.11)	Install dependencies	2026-02-19T22:11:52.0876554Z Downloading idna-3.11-py3-none-any.whl (71 kB)
build (3.11)	Install dependencies	2026-02-19T22:11:52.0937114Z Downloading urllib3-2.6.3-py3-none-any.whl (131 kB)
build (3.11)	Install dependencies	2026-02-19T22:11:52.0997214Z Downloading certifi-2026.1.4-py3-none-any.whl (152 kB)
build (3.11)	Install dependencies	2026-02-19T22:11:52.1058460Z Downloading requests_toolbelt-1.0.0-py2.py3-none-any.whl (54 kB)
build (3.11)	Install dependencies	2026-02-19T22:11:52.1114968Z Downloading rfc3986-2.0.0-py2.py3-none-any.whl (31 kB)
build (3.11)	Install dependencies	2026-02-19T22:11:52.1173734Z Downloading rich-14.3.3-py3-none-any.whl (310 kB)
build (3.11)	Install dependencies	2026-02-19T22:11:52.1241170Z Downloading markdown_it_py-4.0.0-py3-none-any.whl (87 kB)
build (3.11)	Install dependencies	2026-02-19T22:11:52.1299281Z Downloading mdurl-0.1.2-py3-none-any.whl (10.0 kB)
build (3.11)	Install dependencies	2026-02-19T22:11:52.1356253Z Downloading secretstorage-3.5.0-py3-none-any.whl (15 kB)
build (3.11)	Install dependencies	2026-02-19T22:11:52.1426982Z Downloading cryptography-46.0.5-cp311-abi3-manylinux_2_34_x86_64.whl (4.5 MB)
build (3.11)	Install dependencies	2026-02-19T22:11:52.1662219Z    ΓöüΓöüΓöüΓöüΓöüΓöüΓöüΓöüΓöüΓöüΓöüΓöüΓöüΓöüΓöüΓöüΓöüΓöüΓöüΓöüΓöüΓöüΓöüΓöüΓöüΓöüΓöüΓöüΓöüΓöüΓöüΓöüΓöüΓöüΓöüΓöüΓöüΓöüΓöüΓöü 4.5/4.5 MB 208.9 MB/s  0:00:00
build (3.11)	Install dependencies	2026-02-19T22:11:52.1726292Z Downloading cffi-2.0.0-cp311-cp311-manylinux2014_x86_64.manylinux_2_17_x86_64.whl (215 kB)
build (3.11)	Install dependencies	2026-02-19T22:11:52.1790464Z Downloading zipp-3.23.0-py3-none-any.whl (10 kB)
build (3.11)	Install dependencies	2026-02-19T22:11:52.1847115Z Downloading id-1.6.1-py3-none-any.whl (14 kB)
build (3.11)	Install dependencies	2026-02-19T22:11:52.1901552Z Downloading jaraco.classes-3.4.0-py3-none-any.whl (6.8 kB)
build (3.11)	Install dependencies	2026-02-19T22:11:52.1955815Z Downloading jaraco_context-6.1.0-py3-none-any.whl (7.1 kB)
build (3.11)	Install dependencies	2026-02-19T22:11:52.2009197Z Downloading backports.tarfile-1.2.0-py3-none-any.whl (30 kB)
build (3.11)	Install dependencies	2026-02-19T22:11:52.2064239Z Downloading jaraco_functools-4.4.0-py3-none-any.whl (10 kB)
build (3.11)	Install dependencies	2026-02-19T22:11:52.2119070Z Downloading more_itertools-10.8.0-py3-none-any.whl (69 kB)
build (3.11)	Install dependencies	2026-02-19T22:11:52.2175770Z Downloading pycparser-3.0-py3-none-any.whl (48 kB)
build (3.11)	Install dependencies	2026-02-19T22:11:52.2234482Z Downloading pyproject_hooks-1.2.0-py3-none-any.whl (10 kB)
build (3.11)	Install dependencies	2026-02-19T22:11:52.3194961Z Installing collected packages: zipp, urllib3, ruff, rfc3986, pyproject_hooks, pygments, pycparser, pluggy, packaging, nh3, more-itertools, mdurl, jeepney, iniconfig, idna, docutils, coverage, charset_normalizer, certifi, backports.tarfile, requests, readme-renderer, pytest, markdown-it-py, jaraco.functools, jaraco.context, jaraco.classes, importlib_metadata, id, cffi, build, rich, requests-toolbelt, pytest-cov, cryptography, SecretStorage, keyring, twine
build (3.11)	Install dependencies	2026-02-19T22:11:54.8612768Z 
build (3.11)	Install dependencies	2026-02-19T22:11:54.8636517Z Successfully installed SecretStorage-3.5.0 backports.tarfile-1.2.0 build-1.4.0 certifi-2026.1.4 cffi-2.0.0 charset_normalizer-3.4.4 coverage-7.13.4 cryptography-46.0.5 docutils-0.22.4 id-1.6.1 idna-3.11 importlib_metadata-8.7.1 iniconfig-2.3.0 jaraco.classes-3.4.0 jaraco.context-6.1.0 jaraco.functools-4.4.0 jeepney-0.9.0 keyring-25.7.0 markdown-it-py-4.0.0 mdurl-0.1.2 more-itertools-10.8.0 nh3-0.3.3 packaging-26.0 pluggy-1.6.0 pycparser-3.0 pygments-2.19.2 pyproject_hooks-1.2.0 pytest-9.0.2 pytest-cov-7.0.0 readme-renderer-44.0 requests-2.32.5 requests-toolbelt-1.0.0 rfc3986-2.0.0 rich-14.3.3 ruff-0.15.1 twine-6.2.0 urllib3-2.6.3 zipp-3.23.0
build (3.11)	Install dependencies	2026-02-19T22:11:55.3684971Z Processing ./.
build (3.11)	Install dependencies	2026-02-19T22:11:55.3702842Z   Installing build dependencies: started
build (3.11)	Install dependencies	2026-02-19T22:11:56.1790952Z   Installing build dependencies: finished with status 'done'
build (3.11)	Install dependencies	2026-02-19T22:11:56.1797082Z   Getting requirements to build wheel: started
build (3.11)	Install dependencies	2026-02-19T22:11:56.6393056Z   Getting requirements to build wheel: finished with status 'done'
build (3.11)	Install dependencies	2026-02-19T22:11:56.6401783Z   Preparing metadata (pyproject.toml): started
build (3.11)	Install dependencies	2026-02-19T22:11:56.8156429Z   Preparing metadata (pyproject.toml): finished with status 'done'
build (3.11)	Install dependencies	2026-02-19T22:11:56.9162217Z Collecting anthropic>=0.25.0 (from aria-runtime==0.1.0)
build (3.11)	Install dependencies	2026-02-19T22:11:56.9697716Z   Downloading anthropic-0.83.0-py3-none-any.whl.metadata (28 kB)
build (3.11)	Install dependencies	2026-02-19T22:11:56.9931332Z Collecting click>=8.1.7 (from aria-runtime==0.1.0)
build (3.11)	Install dependencies	2026-02-19T22:11:56.9975368Z   Downloading click-8.3.1-py3-none-any.whl.metadata (2.6 kB)
build (3.11)	Install dependencies	2026-02-19T22:11:57.0141175Z Collecting httpx>=0.27.0 (from aria-runtime==0.1.0)
build (3.11)	Install dependencies	2026-02-19T22:11:57.0181244Z   Downloading httpx-0.28.1-py3-none-any.whl.metadata (7.1 kB)
build (3.11)	Install dependencies	2026-02-19T22:11:57.0394576Z Collecting anyio<5,>=3.5.0 (from anthropic>=0.25.0->aria-runtime==0.1.0)
build (3.11)	Install dependencies	2026-02-19T22:11:57.0439958Z   Downloading anyio-4.12.1-py3-none-any.whl.metadata (4.3 kB)
build (3.11)	Install dependencies	2026-02-19T22:11:57.0561160Z Collecting distro<2,>=1.7.0 (from anthropic>=0.25.0->aria-runtime==0.1.0)
build (3.11)	Install dependencies	2026-02-19T22:11:57.0598139Z   Downloading distro-1.9.0-py3-none-any.whl.metadata (6.8 kB)
build (3.11)	Install dependencies	2026-02-19T22:11:57.0741945Z Collecting docstring-parser<1,>=0.15 (from anthropic>=0.25.0->aria-runtime==0.1.0)
build (3.11)	Install dependencies	2026-02-19T22:11:57.0779432Z   Downloading docstring_parser-0.17.0-py3-none-any.whl.metadata (3.5 kB)
build (3.11)	Install dependencies	2026-02-19T22:11:57.1585831Z Collecting jiter<1,>=0.4.0 (from anthropic>=0.25.0->aria-runtime==0.1.0)
build (3.11)	Install dependencies	2026-02-19T22:11:57.1628301Z   Downloading jiter-0.13.0-cp311-cp311-manylinux_2_17_x86_64.manylinux2014_x86_64.whl.metadata (5.2 kB)
build (3.11)	Install dependencies	2026-02-19T22:11:57.2648520Z Collecting pydantic<3,>=1.9.0 (from anthropic>=0.25.0->aria-runtime==0.1.0)
build (3.11)	Install dependencies	2026-02-19T22:11:57.2691158Z   Downloading pydantic-2.12.5-py3-none-any.whl.metadata (90 kB)
build (3.11)	Install dependencies	2026-02-19T22:11:57.2868788Z Collecting sniffio (from anthropic>=0.25.0->aria-runtime==0.1.0)
build (3.11)	Install dependencies	2026-02-19T22:11:57.2911179Z   Downloading sniffio-1.3.1-py3-none-any.whl.metadata (3.9 kB)
build (3.11)	Install dependencies	2026-02-19T22:11:57.3062287Z Collecting typing-extensions<5,>=4.10 (from anthropic>=0.25.0->aria-runtime==0.1.0)
build (3.11)	Install dependencies	2026-02-19T22:11:57.3098037Z   Downloading typing_extensions-4.15.0-py3-none-any.whl.metadata (3.3 kB)
build (3.11)	Install dependencies	2026-02-19T22:11:57.3143367Z Requirement already satisfied: idna>=2.8 in /opt/hostedtoolcache/Python/3.11.14/x64/lib/python3.11/site-packages (from anyio<5,>=3.5.0->anthropic>=0.25.0->aria-runtime==0.1.0) (3.11)
build (3.11)	Install dependencies	2026-02-19T22:11:57.3171496Z Requirement already satisfied: certifi in /opt/hostedtoolcache/Python/3.11.14/x64/lib/python3.11/site-packages (from httpx>=0.27.0->aria-runtime==0.1.0) (2026.1.4)
build (3.11)	Install dependencies	2026-02-19T22:11:57.3298243Z Collecting httpcore==1.* (from httpx>=0.27.0->aria-runtime==0.1.0)
build (3.11)	Install dependencies	2026-02-19T22:11:57.3334947Z   Downloading httpcore-1.0.9-py3-none-any.whl.metadata (21 kB)
build (3.11)	Install dependencies	2026-02-19T22:11:57.3484703Z Collecting h11>=0.16 (from httpcore==1.*->httpx>=0.27.0->aria-runtime==0.1.0)
build (3.11)	Install dependencies	2026-02-19T22:11:57.3563038Z   Downloading h11-0.16.0-py3-none-any.whl.metadata (8.3 kB)
build (3.11)	Install dependencies	2026-02-19T22:11:57.3660990Z Collecting annotated-types>=0.6.0 (from pydantic<3,>=1.9.0->anthropic>=0.25.0->aria-runtime==0.1.0)
build (3.11)	Install dependencies	2026-02-19T22:11:57.3699365Z   Downloading annotated_types-0.7.0-py3-none-any.whl.metadata (15 kB)
build (3.11)	Install dependencies	2026-02-19T22:11:57.9506756Z Collecting pydantic-core==2.41.5 (from pydantic<3,>=1.9.0->anthropic>=0.25.0->aria-runtime==0.1.0)
build (3.11)	Install dependencies	2026-02-19T22:11:57.9552263Z   Downloading pydantic_core-2.41.5-cp311-cp311-manylinux_2_17_x86_64.manylinux2014_x86_64.whl.metadata (7.3 kB)
build (3.11)	Install dependencies	2026-02-19T22:11:57.9684199Z Collecting typing-inspection>=0.4.2 (from pydantic<3,>=1.9.0->anthropic>=0.25.0->aria-runtime==0.1.0)
build (3.11)	Install dependencies	2026-02-19T22:11:57.9721722Z   Downloading typing_inspection-0.4.2-py3-none-any.whl.metadata (2.6 kB)
build (3.11)	Install dependencies	2026-02-19T22:11:57.9966449Z Downloading anthropic-0.83.0-py3-none-any.whl (456 kB)
build (3.11)	Install dependencies	2026-02-19T22:11:58.0052776Z Downloading anyio-4.12.1-py3-none-any.whl (113 kB)
build (3.11)	Install dependencies	2026-02-19T22:11:58.0124368Z Downloading distro-1.9.0-py3-none-any.whl (20 kB)
build (3.11)	Install dependencies	2026-02-19T22:11:58.0199391Z Downloading docstring_parser-0.17.0-py3-none-any.whl (36 kB)
build (3.11)	Install dependencies	2026-02-19T22:11:58.0254598Z Downloading httpx-0.28.1-py3-none-any.whl (73 kB)
build (3.11)	Install dependencies	2026-02-19T22:11:58.0329110Z Downloading httpcore-1.0.9-py3-none-any.whl (78 kB)
build (3.11)	Install dependencies	2026-02-19T22:11:58.0390334Z Downloading jiter-0.13.0-cp311-cp311-manylinux_2_17_x86_64.manylinux2014_x86_64.whl (362 kB)
build (3.11)	Install dependencies	2026-02-19T22:11:58.0461504Z Downloading pydantic-2.12.5-py3-none-any.whl (463 kB)
build (3.11)	Install dependencies	2026-02-19T22:11:58.0546151Z Downloading pydantic_core-2.41.5-cp311-cp311-manylinux_2_17_x86_64.manylinux2014_x86_64.whl (2.1 MB)
build (3.11)	Install dependencies	2026-02-19T22:11:58.0692908Z    ΓöüΓöüΓöüΓöüΓöüΓöüΓöüΓöüΓöüΓöüΓöüΓöüΓöüΓöüΓöüΓöüΓöüΓöüΓöüΓöüΓöüΓöüΓöüΓöüΓöüΓöüΓöüΓöüΓöüΓöüΓöüΓöüΓöüΓöüΓöüΓöüΓöüΓöüΓöüΓöü 2.1/2.1 MB 155.1 MB/s  0:00:00
build (3.11)	Install dependencies	2026-02-19T22:11:58.0730861Z Downloading typing_extensions-4.15.0-py3-none-any.whl (44 kB)
build (3.11)	Install dependencies	2026-02-19T22:11:58.0791404Z Downloading annotated_types-0.7.0-py3-none-any.whl (13 kB)
build (3.11)	Install dependencies	2026-02-19T22:11:58.0853017Z Downloading click-8.3.1-py3-none-any.whl (108 kB)
build (3.11)	Install dependencies	2026-02-19T22:11:58.0912448Z Downloading h11-0.16.0-py3-none-any.whl (37 kB)
build (3.11)	Install dependencies	2026-02-19T22:11:58.0971155Z Downloading typing_inspection-0.4.2-py3-none-any.whl (14 kB)
build (3.11)	Install dependencies	2026-02-19T22:11:58.1025931Z Downloading sniffio-1.3.1-py3-none-any.whl (10 kB)
build (3.11)	Install dependencies	2026-02-19T22:11:58.1475694Z Building wheels for collected packages: aria-runtime
build (3.11)	Install dependencies	2026-02-19T22:11:58.1483657Z   Building wheel for aria-runtime (pyproject.toml): started
build (3.11)	Install dependencies	2026-02-19T22:11:58.3562805Z   Building wheel for aria-runtime (pyproject.toml): finished with status 'done'
build (3.11)	Install dependencies	2026-02-19T22:11:58.3569786Z   Created wheel for aria-runtime: filename=aria_runtime-0.1.0-py3-none-any.whl size=41050 sha256=61fe3b927bccca9c60716284acea9a0019366c0a076b6f5b066e5bad0b7bba35
build (3.11)	Install dependencies	2026-02-19T22:11:58.3571898Z   Stored in directory: /home/runner/.cache/pip/wheels/2f/91/ea/e7b38ff50879316abe6f8cde5063ee62e5e75d9ab762f8bba2
build (3.11)	Install dependencies	2026-02-19T22:11:58.3591559Z Successfully built aria-runtime
build (3.11)	Install dependencies	2026-02-19T22:11:58.4077878Z Installing collected packages: typing-extensions, sniffio, jiter, h11, docstring-parser, distro, click, annotated-types, typing-inspection, pydantic-core, httpcore, anyio, pydantic, httpx, anthropic, aria-runtime
build (3.11)	Install dependencies	2026-02-19T22:11:59.4238115Z 
build (3.11)	Install dependencies	2026-02-19T22:11:59.4263425Z Successfully installed annotated-types-0.7.0 anthropic-0.83.0 anyio-4.12.1 aria-runtime-0.1.0 click-8.3.1 distro-1.9.0 docstring-parser-0.17.0 h11-0.16.0 httpcore-1.0.9 httpx-0.28.1 jiter-0.13.0 pydantic-2.12.5 pydantic-core-2.41.5 sniffio-1.3.1 typing-extensions-4.15.0 typing-inspection-0.4.2
build (3.11)	Lint with ruff	∩╗┐2026-02-19T22:11:59.5825847Z ##[group]Run # stop the build if there are Python syntax errors or undefined names
build (3.11)	Lint with ruff	2026-02-19T22:11:59.5826468Z [36;1m# stop the build if there are Python syntax errors or undefined names[0m
build (3.11)	Lint with ruff	2026-02-19T22:11:59.5826944Z [36;1mruff check --select=E9,F63,F7,F82 --target-version=py311 .[0m
build (3.11)	Lint with ruff	2026-02-19T22:11:59.5827331Z [36;1m# exit-zero treats all errors as warnings.[0m
build (3.11)	Lint with ruff	2026-02-19T22:11:59.5827679Z [36;1mruff check --target-version=py311 --exit-zero .[0m
build (3.11)	Lint with ruff	2026-02-19T22:11:59.5879467Z shell: /usr/bin/bash -e {0}
build (3.11)	Lint with ruff	2026-02-19T22:11:59.5879708Z env:
build (3.11)	Lint with ruff	2026-02-19T22:11:59.5879966Z   pythonLocation: /opt/hostedtoolcache/Python/3.11.14/x64
build (3.11)	Lint with ruff	2026-02-19T22:11:59.5880373Z   LD_LIBRARY_PATH: /opt/hostedtoolcache/Python/3.11.14/x64/lib
build (3.11)	Lint with ruff	2026-02-19T22:11:59.5880680Z ##[endgroup]
build (3.11)	Lint with ruff	2026-02-19T22:11:59.6062817Z All checks passed!
build (3.11)	Lint with ruff	2026-02-19T22:11:59.6203182Z N817 CamelCase `ToolManifest` imported as acronym `TM`
build (3.11)	Lint with ruff	2026-02-19T22:11:59.6203869Z    --> aria/kernel/kernel.py:377:39
build (3.11)	Lint with ruff	2026-02-19T22:11:59.6204289Z     |
build (3.11)	Lint with ruff	2026-02-19T22:11:59.6204978Z 375 |         self, session_id: str, step_id: str, manifest: object, arguments: dict, tool_call_id: str
build (3.11)	Lint with ruff	2026-02-19T22:11:59.6205977Z 376 |     ) -> ToolResult:
build (3.11)	Lint with ruff	2026-02-19T22:11:59.6206433Z 377 |         from aria.models.types import ToolManifest as TM
build (3.11)	Lint with ruff	2026-02-19T22:11:59.6206986Z     |                                       ^^^^^^^^^^^^^^^^^^
build (3.11)	Lint with ruff	2026-02-19T22:11:59.6207425Z 378 |
build (3.11)	Lint with ruff	2026-02-19T22:11:59.6207767Z 379 |         assert isinstance(manifest, TM)
build (3.11)	Lint with ruff	2026-02-19T22:11:59.6208194Z     |
build (3.11)	Lint with ruff	2026-02-19T22:11:59.6208340Z 
build (3.11)	Lint with ruff	2026-02-19T22:11:59.6208725Z N818 Exception name `PromptInjectionWarning` should be named with an Error suffix
build (3.11)	Lint with ruff	2026-02-19T22:11:59.6209437Z   --> aria/models/errors.py:42:7
build (3.11)	Lint with ruff	2026-02-19T22:11:59.6209802Z    |
build (3.11)	Lint with ruff	2026-02-19T22:11:59.6210129Z 42 | class PromptInjectionWarning(ARIAError):
build (3.11)	Lint with ruff	2026-02-19T22:11:59.6210573Z    |       ^^^^^^^^^^^^^^^^^^^^^^
build (3.11)	Lint with ruff	2026-02-19T22:11:59.6210931Z 43 |     pass
build (3.11)	Lint with ruff	2026-02-19T22:11:59.6211198Z    |
build (3.11)	Lint with ruff	2026-02-19T22:11:59.6211353Z 
build (3.11)	Lint with ruff	2026-02-19T22:11:59.6211833Z F401 `httpx` imported but unused; consider using `importlib.util.find_spec` to test for availability
build (3.11)	Lint with ruff	2026-02-19T22:11:59.6212943Z   --> aria/models/providers/anthropic_provider.py:50:24
build (3.11)	Lint with ruff	2026-02-19T22:11:59.6213410Z    |
build (3.11)	Lint with ruff	2026-02-19T22:11:59.6213671Z 48 |             try:
build (3.11)	Lint with ruff	2026-02-19T22:11:59.6213990Z 49 |                 import anthropic
build (3.11)	Lint with ruff	2026-02-19T22:11:59.6214390Z 50 |                 import httpx
build (3.11)	Lint with ruff	2026-02-19T22:11:59.6214744Z    |                        ^^^^^
build (3.11)	Lint with ruff	2026-02-19T22:11:59.6215135Z 51 |             except ImportError as exc:
build (3.11)	Lint with ruff	2026-02-19T22:11:59.6215580Z 52 |                 raise ImportError(
build (3.11)	Lint with ruff	2026-02-19T22:11:59.6215960Z    |
build (3.11)	Lint with ruff	2026-02-19T22:11:59.6216250Z help: Remove unused import: `httpx`
build (3.11)	Lint with ruff	2026-02-19T22:11:59.6216520Z 
build (3.11)	Lint with ruff	2026-02-19T22:11:59.6216802Z UP042 Class CBState inherits from both `str` and `enum.Enum`
build (3.11)	Lint with ruff	2026-02-19T22:11:59.6217415Z   --> aria/models/providers/circuit_breaker.py:11:7
build (3.11)	Lint with ruff	2026-02-19T22:11:59.6217865Z    |
build (3.11)	Lint with ruff	2026-02-19T22:11:59.6218133Z 11 | class CBState(str, Enum):
build (3.11)	Lint with ruff	2026-02-19T22:11:59.6218466Z    |       ^^^^^^^
build (3.11)	Lint with ruff	2026-02-19T22:11:59.6218757Z 12 |     CLOSED = "CLOSED"
build (3.11)	Lint with ruff	2026-02-19T22:11:59.6219073Z 13 |     OPEN = "OPEN"
build (3.11)	Lint with ruff	2026-02-19T22:11:59.6219378Z    |
build (3.11)	Lint with ruff	2026-02-19T22:11:59.6219655Z help: Inherit from `enum.StrEnum`
build (3.11)	Lint with ruff	2026-02-19T22:11:59.6219910Z 
build (3.11)	Lint with ruff	2026-02-19T22:11:59.6220039Z E501 Line too long (116 > 100)
build (3.11)	Lint with ruff	2026-02-19T22:11:59.6220467Z   --> aria/models/providers/ollama_provider.py:42:101
build (3.11)	Lint with ruff	2026-02-19T22:11:59.6220888Z    |
build (3.11)	Lint with ruff	2026-02-19T22:11:59.6221060Z 40 |             role = m.role.value
build (3.11)	Lint with ruff	2026-02-19T22:11:59.6221293Z 41 |             if role == "tool":
build (3.11)	Lint with ruff	2026-02-19T22:11:59.6221750Z 42 |                 # Ollama's chat API typically expects tool results as system or user messages depending on the model
build (3.11)	Lint with ruff	2026-02-19T22:11:59.6222574Z    |                                                                                                     ^^^^^^^^^^^^^^^^
build (3.11)	Lint with ruff	2026-02-19T22:11:59.6222985Z 43 |                 # mapping to user for generic compatibility
build (3.11)	Lint with ruff	2026-02-19T22:11:59.6223370Z 44 |                 role = "user"
build (3.11)	Lint with ruff	2026-02-19T22:11:59.6224266Z    |
build (3.11)	Lint with ruff	2026-02-19T22:11:59.6224426Z 
build (3.11)	Lint with ruff	2026-02-19T22:11:59.6224568Z E501 Line too long (112 > 100)
build (3.11)	Lint with ruff	2026-02-19T22:11:59.6225017Z   --> aria/models/providers/ollama_provider.py:65:101
build (3.11)	Lint with ruff	2026-02-19T22:11:59.6225489Z    |
build (3.11)	Lint with ruff	2026-02-19T22:11:59.6225734Z 63 |         }
build (3.11)	Lint with ruff	2026-02-19T22:11:59.6225948Z 64 |
build (3.11)	Lint with ruff	2026-02-19T22:11:59.6226338Z 65 |         # Add tool definitions if tools are present and model supports function calling (e.g. llama3.1, mistral)
build (3.11)	Lint with ruff	2026-02-19T22:11:59.6226889Z    |                                                                                                     ^^^^^^^^^^^^
build (3.11)	Lint with ruff	2026-02-19T22:11:59.6227498Z 66 |         # Note: tinyllama v1.1 doesn't support native tool calling well, but we pass it effectively as text if needed.
build (3.11)	Lint with ruff	2026-02-19T22:11:59.6228255Z 67 |         # For now, we omit 'tools' key in the payload for tinyllama unless we know it supports it,
build (3.11)	Lint with ruff	2026-02-19T22:11:59.6228651Z    |
build (3.11)	Lint with ruff	2026-02-19T22:11:59.6228745Z 
build (3.11)	Lint with ruff	2026-02-19T22:11:59.6228827Z E501 Line too long (118 > 100)
build (3.11)	Lint with ruff	2026-02-19T22:11:59.6229106Z   --> aria/models/providers/ollama_provider.py:66:101
build (3.11)	Lint with ruff	2026-02-19T22:11:59.6229561Z    |
build (3.11)	Lint with ruff	2026-02-19T22:11:59.6229940Z 65 |         # Add tool definitions if tools are present and model supports function calling (e.g. llama3.1, mistral)
build (3.11)	Lint with ruff	2026-02-19T22:11:59.6230643Z 66 |         # Note: tinyllama v1.1 doesn't support native tool calling well, but we pass it effectively as text if needed.
build (3.11)	Lint with ruff	2026-02-19T22:11:59.6231206Z    |                                                                                                     ^^^^^^^^^^^^^^^^^^
build (3.11)	Lint with ruff	2026-02-19T22:11:59.6231682Z 67 |         # For now, we omit 'tools' key in the payload for tinyllama unless we know it supports it,
build (3.11)	Lint with ruff	2026-02-19T22:11:59.6232337Z 68 |         # or we implement strict JSON enforcing.
build (3.11)	Lint with ruff	2026-02-19T22:11:59.6232604Z    |
build (3.11)	Lint with ruff	2026-02-19T22:11:59.6232690Z 
build (3.11)	Lint with ruff	2026-02-19T22:11:59.6232769Z E501 Line too long (197 > 100)
build (3.11)	Lint with ruff	2026-02-19T22:11:59.6233032Z   --> aria/models/providers/ollama_provider.py:80:101
build (3.11)	Lint with ruff	2026-02-19T22:11:59.6233296Z    |
build (3.11)	Lint with ruff	2026-02-19T22:11:59.6233650Z 78 | ΓÇª
build (3.11)	Lint with ruff	2026-02-19T22:11:59.6233822Z 79 | ΓÇª
build (3.11)	Lint with ruff	2026-02-19T22:11:59.6234514Z 80 | ΓÇªuse a tool, respond with: {{"tool": "name", "arguments": {{...}} }}\nIf answering directly, just provide the text.'
build (3.11)	Lint with ruff	2026-02-19T22:11:59.6235066Z    |                    ^^^^^^^^^^^^^^^^^^^^^^^^^^^^^^^^^^^^^^^^^^^^^^^^^^^^^^^^^^^^^^^^^^^^^^^^^^^^^^^^^^^^^^^^^^^^^^^^^
build (3.11)	Lint with ruff	2026-02-19T22:11:59.6235404Z 81 | ΓÇª
build (3.11)	Lint with ruff	2026-02-19T22:11:59.6235578Z 82 | ΓÇª
build (3.11)	Lint with ruff	2026-02-19T22:11:59.6235724Z    |
build (3.11)	Lint with ruff	2026-02-19T22:11:59.6235813Z 
build (3.11)	Lint with ruff	2026-02-19T22:11:59.6235983Z UP042 Class SessionStatus inherits from both `str` and `enum.Enum`
build (3.11)	Lint with ruff	2026-02-19T22:11:59.6236333Z   --> aria/models/types.py:20:7
build (3.11)	Lint with ruff	2026-02-19T22:11:59.6236549Z    |
build (3.11)	Lint with ruff	2026-02-19T22:11:59.6236724Z 20 | class SessionStatus(str, Enum):
build (3.11)	Lint with ruff	2026-02-19T22:11:59.6236961Z    |       ^^^^^^^^^^^^^
build (3.11)	Lint with ruff	2026-02-19T22:11:59.6237160Z 21 |     IDLE = "IDLE"
build (3.11)	Lint with ruff	2026-02-19T22:11:59.6237352Z 22 |     RUNNING = "RUNNING"
build (3.11)	Lint with ruff	2026-02-19T22:11:59.6237551Z    |
build (3.11)	Lint with ruff	2026-02-19T22:11:59.6237720Z help: Inherit from `enum.StrEnum`
build (3.11)	Lint with ruff	2026-02-19T22:11:59.6237892Z 
build (3.11)	Lint with ruff	2026-02-19T22:11:59.6238037Z UP042 Class StepType inherits from both `str` and `enum.Enum`
build (3.11)	Lint with ruff	2026-02-19T22:11:59.6238361Z   --> aria/models/types.py:29:7
build (3.11)	Lint with ruff	2026-02-19T22:11:59.6238574Z    |
build (3.11)	Lint with ruff	2026-02-19T22:11:59.6238740Z 29 | class StepType(str, Enum):
build (3.11)	Lint with ruff	2026-02-19T22:11:59.6238944Z    |       ^^^^^^^^
build (3.11)	Lint with ruff	2026-02-19T22:11:59.6239132Z 30 |     MODEL_CALL = "model_call"
build (3.11)	Lint with ruff	2026-02-19T22:11:59.6239358Z 31 |     TOOL_CALL = "tool_call"
build (3.11)	Lint with ruff	2026-02-19T22:11:59.6239566Z    |
build (3.11)	Lint with ruff	2026-02-19T22:11:59.6239729Z help: Inherit from `enum.StrEnum`
build (3.11)	Lint with ruff	2026-02-19T22:11:59.6239887Z 
build (3.11)	Lint with ruff	2026-02-19T22:11:59.6240034Z UP042 Class StepStatus inherits from both `str` and `enum.Enum`
build (3.11)	Lint with ruff	2026-02-19T22:11:59.6240354Z   --> aria/models/types.py:35:7
build (3.11)	Lint with ruff	2026-02-19T22:11:59.6240561Z    |
build (3.11)	Lint with ruff	2026-02-19T22:11:59.6240727Z 35 | class StepStatus(str, Enum):
build (3.11)	Lint with ruff	2026-02-19T22:11:59.6240943Z    |       ^^^^^^^^^^
build (3.11)	Lint with ruff	2026-02-19T22:11:59.6241134Z 36 |     STARTED = "started"
build (3.11)	Lint with ruff	2026-02-19T22:11:59.6241345Z 37 |     COMPLETED = "completed"
build (3.11)	Lint with ruff	2026-02-19T22:11:59.6241716Z    |
build (3.11)	Lint with ruff	2026-02-19T22:11:59.6241881Z help: Inherit from `enum.StrEnum`
build (3.11)	Lint with ruff	2026-02-19T22:11:59.6242289Z 
build (3.11)	Lint with ruff	2026-02-19T22:11:59.6242477Z UP042 Class ToolPermission inherits from both `str` and `enum.Enum`
build (3.11)	Lint with ruff	2026-02-19T22:11:59.6242817Z   --> aria/models/types.py:41:7
build (3.11)	Lint with ruff	2026-02-19T22:11:59.6243028Z    |
build (3.11)	Lint with ruff	2026-02-19T22:11:59.6243199Z 41 | class ToolPermission(str, Enum):
build (3.11)	Lint with ruff	2026-02-19T22:11:59.6243431Z    |       ^^^^^^^^^^^^^^
build (3.11)	Lint with ruff	2026-02-19T22:11:59.6243627Z 42 |     NONE = "none"
build (3.11)	Lint with ruff	2026-02-19T22:11:59.6243818Z 43 |     FILESYSTEM_READ = "fs_read"
build (3.11)	Lint with ruff	2026-02-19T22:11:59.6244039Z    |
build (3.11)	Lint with ruff	2026-02-19T22:11:59.6244200Z help: Inherit from `enum.StrEnum`
build (3.11)	Lint with ruff	2026-02-19T22:11:59.6244360Z 
build (3.11)	Lint with ruff	2026-02-19T22:11:59.6244505Z UP042 Class ActionType inherits from both `str` and `enum.Enum`
build (3.11)	Lint with ruff	2026-02-19T22:11:59.6244823Z   --> aria/models/types.py:49:7
build (3.11)	Lint with ruff	2026-02-19T22:11:59.6245030Z    |
build (3.11)	Lint with ruff	2026-02-19T22:11:59.6245190Z 49 | class ActionType(str, Enum):
build (3.11)	Lint with ruff	2026-02-19T22:11:59.6245407Z    |       ^^^^^^^^^^
build (3.11)	Lint with ruff	2026-02-19T22:11:59.6245597Z 50 |     TOOL_CALL = "tool_call"
build (3.11)	Lint with ruff	2026-02-19T22:11:59.6245830Z 51 |     FINAL_ANSWER = "final_answer"
build (3.11)	Lint with ruff	2026-02-19T22:11:59.6246193Z    |
build (3.11)	Lint with ruff	2026-02-19T22:11:59.6246360Z help: Inherit from `enum.StrEnum`
build (3.11)	Lint with ruff	2026-02-19T22:11:59.6246514Z 
build (3.11)	Lint with ruff	2026-02-19T22:11:59.6246663Z UP042 Class MessageRole inherits from both `str` and `enum.Enum`
build (3.11)	Lint with ruff	2026-02-19T22:11:59.6246985Z   --> aria/models/types.py:54:7
build (3.11)	Lint with ruff	2026-02-19T22:11:59.6247193Z    |
build (3.11)	Lint with ruff	2026-02-19T22:11:59.6247359Z 54 | class MessageRole(str, Enum):
build (3.11)	Lint with ruff	2026-02-19T22:11:59.6247582Z    |       ^^^^^^^^^^^
build (3.11)	Lint with ruff	2026-02-19T22:11:59.6247770Z 55 |     SYSTEM = "system"
build (3.11)	Lint with ruff	2026-02-19T22:11:59.6247965Z 56 |     USER = "user"
build (3.11)	Lint with ruff	2026-02-19T22:11:59.6248147Z    |
build (3.11)	Lint with ruff	2026-02-19T22:11:59.6248315Z help: Inherit from `enum.StrEnum`
build (3.11)	Lint with ruff	2026-02-19T22:11:59.6248472Z 
build (3.11)	Lint with ruff	2026-02-19T22:11:59.6248628Z UP042 Class LogLevel inherits from both `str` and `enum.Enum`
build (3.11)	Lint with ruff	2026-02-19T22:11:59.6248943Z   --> aria/models/types.py:61:7
build (3.11)	Lint with ruff	2026-02-19T22:11:59.6249150Z    |
build (3.11)	Lint with ruff	2026-02-19T22:11:59.6249307Z 61 | class LogLevel(str, Enum):
build (3.11)	Lint with ruff	2026-02-19T22:11:59.6249512Z    |       ^^^^^^^^
build (3.11)	Lint with ruff	2026-02-19T22:11:59.6249692Z 62 |     DEBUG = "DEBUG"
build (3.11)	Lint with ruff	2026-02-19T22:11:59.6249894Z 63 |     INFO = "INFO"
build (3.11)	Lint with ruff	2026-02-19T22:11:59.6250071Z    |
build (3.11)	Lint with ruff	2026-02-19T22:11:59.6250235Z help: Inherit from `enum.StrEnum`
build (3.11)	Lint with ruff	2026-02-19T22:11:59.6250387Z 
build (3.11)	Lint with ruff	2026-02-19T22:11:59.6250816Z B904 Within an `except` clause, raise exceptions with `raise ... from err` or `raise ... from None` to distinguish them from errors in exception handling
build (3.11)	Lint with ruff	2026-02-19T22:11:59.6251409Z    --> aria/tools/sandbox.py:134:13
build (3.11)	Lint with ruff	2026-02-19T22:11:59.6251634Z     |
build (3.11)	Lint with ruff	2026-02-19T22:11:59.6251828Z 132 |             resolved = Path(value).resolve()
build (3.11)	Lint with ruff	2026-02-19T22:11:59.6252349Z 133 |         except (OSError, ValueError):
build (3.11)	Lint with ruff	2026-02-19T22:11:59.6252910Z 134 |             raise PathTraversalError(f"Path {value!r} could not be resolved ΓÇö rejecting as unsafe")
build (3.11)	Lint with ruff	2026-02-19T22:11:59.6253405Z     |             ^^^^^^^^^^^^^^^^^^^^^^^^^^^^^^^^^^^^^^^^^^^^^^^^^^^^^^^^^^^^^^^^^^^^^^^^^^^^^^^^^^^^^^^
build (3.11)	Lint with ruff	2026-02-19T22:11:59.6253719Z 135 |         if not any(
build (3.11)	Lint with ruff	2026-02-19T22:11:59.6254029Z 136 |             resolved == base or str(resolved).startswith(str(base) + os.sep)
build (3.11)	Lint with ruff	2026-02-19T22:11:59.6254373Z     |
build (3.11)	Lint with ruff	2026-02-19T22:11:59.6254461Z 
build (3.11)	Lint with ruff	2026-02-19T22:11:59.6254879Z B904 Within an `except` clause, raise exceptions with `raise ... from err` or `raise ... from None` to distinguish them from errors in exception handling
build (3.11)	Lint with ruff	2026-02-19T22:11:59.6255481Z    --> aria/tools/sandbox.py:205:9
build (3.11)	Lint with ruff	2026-02-19T22:11:59.6255719Z     |
build (3.11)	Lint with ruff	2026-02-19T22:11:59.6255927Z 203 |           ms = int((time.monotonic() - started) * 1000)
build (3.11)	Lint with ruff	2026-02-19T22:11:59.6256358Z 204 |           _log.error("sandbox timeout", extra={"tool": manifest.name, "elapsed_ms": ms})
build (3.11)	Lint with ruff	2026-02-19T22:11:59.6256759Z 205 | /         raise ToolTimeoutError(
build (3.11)	Lint with ruff	2026-02-19T22:11:59.6257169Z 206 | |             f"Tool {manifest.name!r} exceeded timeout of {manifest.timeout_seconds}s"
build (3.11)	Lint with ruff	2026-02-19T22:11:59.6257537Z 207 | |         )
build (3.11)	Lint with ruff	2026-02-19T22:11:59.6257701Z     | |_________^
build (3.11)	Lint with ruff	2026-02-19T22:11:59.6257864Z 208 |
build (3.11)	Lint with ruff	2026-02-19T22:11:59.6258062Z 209 |       ms = int((time.monotonic() - started) * 1000)
build (3.11)	Lint with ruff	2026-02-19T22:11:59.6258542Z     |
build (3.11)	Lint with ruff	2026-02-19T22:11:59.6258634Z 
build (3.11)	Lint with ruff	2026-02-19T22:11:59.6258732Z E402 Module level import not at top of file
build (3.11)	Lint with ruff	2026-02-19T22:11:59.6259003Z   --> tests/test_aria.py:42:1
build (3.11)	Lint with ruff	2026-02-19T22:11:59.6259207Z    |
build (3.11)	Lint with ruff	2026-02-19T22:11:59.6259372Z 40 | print("\n[Unit] FSM")
build (3.11)	Lint with ruff	2026-02-19T22:11:59.6259563Z 41 |
build (3.11)	Lint with ruff	2026-02-19T22:11:59.6259747Z 42 | from aria.kernel.fsm import SessionFSM
build (3.11)	Lint with ruff	2026-02-19T22:11:59.6260005Z    | ^^^^^^^^^^^^^^^^^^^^^^^^^^^^^^^^^^^^^^
build (3.11)	Lint with ruff	2026-02-19T22:11:59.6260311Z 43 | from aria.models.errors import InvalidStateTransitionError
build (3.11)	Lint with ruff	2026-02-19T22:11:59.6260674Z 44 | from aria.models.types import SessionStatus
build (3.11)	Lint with ruff	2026-02-19T22:11:59.6260929Z    |
build (3.11)	Lint with ruff	2026-02-19T22:11:59.6261022Z 
build (3.11)	Lint with ruff	2026-02-19T22:11:59.6261115Z E402 Module level import not at top of file
build (3.11)	Lint with ruff	2026-02-19T22:11:59.6261370Z   --> tests/test_aria.py:43:1
build (3.11)	Lint with ruff	2026-02-19T22:11:59.6261582Z    |
build (3.11)	Lint with ruff	2026-02-19T22:11:59.6261763Z 42 | from aria.kernel.fsm import SessionFSM
build (3.11)	Lint with ruff	2026-02-19T22:11:59.6262359Z 43 | from aria.models.errors import InvalidStateTransitionError
build (3.11)	Lint with ruff	2026-02-19T22:11:59.6262959Z    | ^^^^^^^^^^^^^^^^^^^^^^^^^^^^^^^^^^^^^^^^^^^^^^^^^^^^^^^^^^
build (3.11)	Lint with ruff	2026-02-19T22:11:59.6263263Z 44 | from aria.models.types import SessionStatus
build (3.11)	Lint with ruff	2026-02-19T22:11:59.6263531Z    |
build (3.11)	Lint with ruff	2026-02-19T22:11:59.6263621Z 
build (3.11)	Lint with ruff	2026-02-19T22:11:59.6263719Z E402 Module level import not at top of file
build (3.11)	Lint with ruff	2026-02-19T22:11:59.6263987Z   --> tests/test_aria.py:44:1
build (3.11)	Lint with ruff	2026-02-19T22:11:59.6264192Z    |
build (3.11)	Lint with ruff	2026-02-19T22:11:59.6264388Z 42 | from aria.kernel.fsm import SessionFSM
build (3.11)	Lint with ruff	2026-02-19T22:11:59.6264725Z 43 | from aria.models.errors import InvalidStateTransitionError
build (3.11)	Lint with ruff	2026-02-19T22:11:59.6265075Z 44 | from aria.models.types import SessionStatus
build (3.11)	Lint with ruff	2026-02-19T22:11:59.6265344Z    | ^^^^^^^^^^^^^^^^^^^^^^^^^^^^^^^^^^^^^^^^^^^
build (3.11)	Lint with ruff	2026-02-19T22:11:59.6265572Z    |
build (3.11)	Lint with ruff	2026-02-19T22:11:59.6265656Z 
build (3.11)	Lint with ruff	2026-02-19T22:11:59.6265750Z E402 Module level import not at top of file
build (3.11)	Lint with ruff	2026-02-19T22:11:59.6266012Z    --> tests/test_aria.py:100:1
build (3.11)	Lint with ruff	2026-02-19T22:11:59.6266215Z     |
build (3.11)	Lint with ruff	2026-02-19T22:11:59.6266424Z  98 | print("\n[Unit] ToolManifest Validation")
build (3.11)	Lint with ruff	2026-02-19T22:11:59.6266681Z  99 |
build (3.11)	Lint with ruff	2026-02-19T22:11:59.6266923Z 100 | from aria.models.types import ToolManifest, ToolPermission
build (3.11)	Lint with ruff	2026-02-19T22:11:59.6267265Z     | ^^^^^^^^^^^^^^^^^^^^^^^^^^^^^^^^^^^^^^^^^^^^^^^^^^^^^^^^^^
build (3.11)	Lint with ruff	2026-02-19T22:11:59.6267508Z     |
build (3.11)	Lint with ruff	2026-02-19T22:11:59.6267594Z 
build (3.11)	Lint with ruff	2026-02-19T22:11:59.6267694Z E402 Module level import not at top of file
build (3.11)	Lint with ruff	2026-02-19T22:11:59.6267946Z    --> tests/test_aria.py:173:1
build (3.11)	Lint with ruff	2026-02-19T22:11:59.6268153Z     |
build (3.11)	Lint with ruff	2026-02-19T22:11:59.6268326Z 171 | print("\n[Unit] Secrets Scrubber")
build (3.11)	Lint with ruff	2026-02-19T22:11:59.6268570Z 172 |
build (3.11)	Lint with ruff	2026-02-19T22:11:59.6268873Z 173 | from aria.security.scrubber import scan_for_injection, scrub_record, scrub_value
build (3.11)	Lint with ruff	2026-02-19T22:11:59.6269311Z     | ^^^^^^^^^^^^^^^^^^^^^^^^^^^^^^^^^^^^^^^^^^^^^^^^^^^^^^^^^^^^^^^^^^^^^^^^^^^^^^^^
build (3.11)	Lint with ruff	2026-02-19T22:11:59.6269588Z     |
build (3.11)	Lint with ruff	2026-02-19T22:11:59.6269676Z 
build (3.11)	Lint with ruff	2026-02-19T22:11:59.6269821Z E402 Module level import not at top of file
build (3.11)	Lint with ruff	2026-02-19T22:11:59.6270080Z    --> tests/test_aria.py:206:1
build (3.11)	Lint with ruff	2026-02-19T22:11:59.6270300Z     |
build (3.11)	Lint with ruff	2026-02-19T22:11:59.6270473Z 204 | print("\n[Unit] Circuit Breaker")
build (3.11)	Lint with ruff	2026-02-19T22:11:59.6270706Z 205 |
build (3.11)	Lint with ruff	2026-02-19T22:11:59.6270937Z 206 | from aria.models.errors import CircuitBreakerOpenError
build (3.11)	Lint with ruff	2026-02-19T22:11:59.6271276Z     | ^^^^^^^^^^^^^^^^^^^^^^^^^^^^^^^^^^^^^^^^^^^^^^^^^^^^^^
build (3.11)	Lint with ruff	2026-02-19T22:11:59.6271667Z 207 | from aria.models.providers.circuit_breaker import CBState, CircuitBreaker
build (3.11)	Lint with ruff	2026-02-19T22:11:59.6272283Z     |
build (3.11)	Lint with ruff	2026-02-19T22:11:59.6272379Z 
build (3.11)	Lint with ruff	2026-02-19T22:11:59.6272483Z E402 Module level import not at top of file
build (3.11)	Lint with ruff	2026-02-19T22:11:59.6272743Z    --> tests/test_aria.py:207:1
build (3.11)	Lint with ruff	2026-02-19T22:11:59.6272952Z     |
build (3.11)	Lint with ruff	2026-02-19T22:11:59.6273176Z 206 | from aria.models.errors import CircuitBreakerOpenError
build (3.11)	Lint with ruff	2026-02-19T22:11:59.6273613Z 207 | from aria.models.providers.circuit_breaker import CBState, CircuitBreaker
build (3.11)	Lint with ruff	2026-02-19T22:11:59.6274017Z     | ^^^^^^^^^^^^^^^^^^^^^^^^^^^^^^^^^^^^^^^^^^^^^^^^^^^^^^^^^^^^^^^^^^^^^^^^^
build (3.11)	Lint with ruff	2026-02-19T22:11:59.6274277Z     |
build (3.11)	Lint with ruff	2026-02-19T22:11:59.6274494Z 
build (3.11)	Lint with ruff	2026-02-19T22:11:59.6274604Z E402 Module level import not at top of file
build (3.11)	Lint with ruff	2026-02-19T22:11:59.6274864Z    --> tests/test_aria.py:259:1
build (3.11)	Lint with ruff	2026-02-19T22:11:59.6275075Z     |
build (3.11)	Lint with ruff	2026-02-19T22:11:59.6275238Z 257 | print("\n[Unit] SQLite Memory")
build (3.11)	Lint with ruff	2026-02-19T22:11:59.6275469Z 258 |
build (3.11)	Lint with ruff	2026-02-19T22:11:59.6275664Z 259 | from aria.memory.sqlite import SQLiteStorage
build (3.11)	Lint with ruff	2026-02-19T22:11:59.6275951Z     | ^^^^^^^^^^^^^^^^^^^^^^^^^^^^^^^^^^^^^^^^^^^^
build (3.11)	Lint with ruff	2026-02-19T22:11:59.6276212Z 260 | from aria.models.types import (
build (3.11)	Lint with ruff	2026-02-19T22:11:59.6276444Z 261 |     AuditEvent,
build (3.11)	Lint with ruff	2026-02-19T22:11:59.6276633Z     |
build (3.11)	Lint with ruff	2026-02-19T22:11:59.6276717Z 
build (3.11)	Lint with ruff	2026-02-19T22:11:59.6276814Z E402 Module level import not at top of file
build (3.11)	Lint with ruff	2026-02-19T22:11:59.6277075Z    --> tests/test_aria.py:260:1
build (3.11)	Lint with ruff	2026-02-19T22:11:59.6277281Z     |
build (3.11)	Lint with ruff	2026-02-19T22:11:59.6277488Z 259 |   from aria.memory.sqlite import SQLiteStorage
build (3.11)	Lint with ruff	2026-02-19T22:11:59.6277778Z 260 | / from aria.models.types import (
build (3.11)	Lint with ruff	2026-02-19T22:11:59.6278023Z 261 | |     AuditEvent,
build (3.11)	Lint with ruff	2026-02-19T22:11:59.6278229Z 262 | |     KernelConfig,
build (3.11)	Lint with ruff	2026-02-19T22:11:59.6278549Z 263 | |     LogLevel,
build (3.11)	Lint with ruff	2026-02-19T22:11:59.6278732Z 264 | |     Message,
build (3.11)	Lint with ruff	2026-02-19T22:11:59.6278909Z 265 | |     MessageRole,
build (3.11)	Lint with ruff	2026-02-19T22:11:59.6279104Z 266 | | )
build (3.11)	Lint with ruff	2026-02-19T22:11:59.6279253Z     | |_^
build (3.11)	Lint with ruff	2026-02-19T22:11:59.6279429Z 267 |   from aria.models.types import (
build (3.11)	Lint with ruff	2026-02-19T22:11:59.6279678Z 268 |       SessionStatus as SS,
build (3.11)	Lint with ruff	2026-02-19T22:11:59.6279892Z     |
build (3.11)	Lint with ruff	2026-02-19T22:11:59.6279980Z 
build (3.11)	Lint with ruff	2026-02-19T22:11:59.6280077Z E402 Module level import not at top of file
build (3.11)	Lint with ruff	2026-02-19T22:11:59.6280342Z    --> tests/test_aria.py:267:1
build (3.11)	Lint with ruff	2026-02-19T22:11:59.6280556Z     |
build (3.11)	Lint with ruff	2026-02-19T22:11:59.6280709Z 265 |       MessageRole,
build (3.11)	Lint with ruff	2026-02-19T22:11:59.6280900Z 266 |   )
build (3.11)	Lint with ruff	2026-02-19T22:11:59.6281073Z 267 | / from aria.models.types import (
build (3.11)	Lint with ruff	2026-02-19T22:11:59.6281323Z 268 | |     SessionStatus as SS,
build (3.11)	Lint with ruff	2026-02-19T22:11:59.6281529Z 269 | | )
build (3.11)	Lint with ruff	2026-02-19T22:11:59.6281690Z     | |_^
build (3.11)	Lint with ruff	2026-02-19T22:11:59.6281834Z     |
build (3.11)	Lint with ruff	2026-02-19T22:11:59.6281923Z 
build (3.11)	Lint with ruff	2026-02-19T22:11:59.6282239Z N817 CamelCase `SessionStatus` imported as acronym `SS`
build (3.11)	Lint with ruff	2026-02-19T22:11:59.6282657Z    --> tests/test_aria.py:268:5
build (3.11)	Lint with ruff	2026-02-19T22:11:59.6282873Z     |
build (3.11)	Lint with ruff	2026-02-19T22:11:59.6283024Z 266 | )
build (3.11)	Lint with ruff	2026-02-19T22:11:59.6283199Z 267 | from aria.models.types import (
build (3.11)	Lint with ruff	2026-02-19T22:11:59.6283451Z 268 |     SessionStatus as SS,
build (3.11)	Lint with ruff	2026-02-19T22:11:59.6283664Z     |     ^^^^^^^^^^^^^^^^^^^
build (3.11)	Lint with ruff	2026-02-19T22:11:59.6283861Z 269 | )
build (3.11)	Lint with ruff	2026-02-19T22:11:59.6284006Z     |
build (3.11)	Lint with ruff	2026-02-19T22:11:59.6284097Z 
build (3.11)	Lint with ruff	2026-02-19T22:11:59.6284192Z E402 Module level import not at top of file
build (3.11)	Lint with ruff	2026-02-19T22:11:59.6284448Z    --> tests/test_aria.py:354:1
build (3.11)	Lint with ruff	2026-02-19T22:11:59.6284657Z     |
build (3.11)	Lint with ruff	2026-02-19T22:11:59.6284856Z 352 | print("\n[Unit] Path Traversal Prevention")
build (3.11)	Lint with ruff	2026-02-19T22:11:59.6285119Z 353 |
build (3.11)	Lint with ruff	2026-02-19T22:11:59.6285339Z 354 | from aria.models.errors import PathTraversalError
build (3.11)	Lint with ruff	2026-02-19T22:11:59.6285642Z     | ^^^^^^^^^^^^^^^^^^^^^^^^^^^^^^^^^^^^^^^^^^^^^^^^^
build (3.11)	Lint with ruff	2026-02-19T22:11:59.6285937Z 355 | from aria.tools.sandbox import validate_paths
build (3.11)	Lint with ruff	2026-02-19T22:11:59.6286204Z     |
build (3.11)	Lint with ruff	2026-02-19T22:11:59.6286300Z 
build (3.11)	Lint with ruff	2026-02-19T22:11:59.6286393Z E402 Module level import not at top of file
build (3.11)	Lint with ruff	2026-02-19T22:11:59.6286659Z    --> tests/test_aria.py:355:1
build (3.11)	Lint with ruff	2026-02-19T22:11:59.6286864Z     |
build (3.11)	Lint with ruff	2026-02-19T22:11:59.6287077Z 354 | from aria.models.errors import PathTraversalError
build (3.11)	Lint with ruff	2026-02-19T22:11:59.6287393Z 355 | from aria.tools.sandbox import validate_paths
build (3.11)	Lint with ruff	2026-02-19T22:11:59.6287686Z     | ^^^^^^^^^^^^^^^^^^^^^^^^^^^^^^^^^^^^^^^^^^^^^
build (3.11)	Lint with ruff	2026-02-19T22:11:59.6287913Z     |
build (3.11)	Lint with ruff	2026-02-19T22:11:59.6288003Z 
build (3.11)	Lint with ruff	2026-02-19T22:11:59.6288098Z E402 Module level import not at top of file
build (3.11)	Lint with ruff	2026-02-19T22:11:59.6288350Z    --> tests/test_aria.py:421:1
build (3.11)	Lint with ruff	2026-02-19T22:11:59.6288555Z     |
build (3.11)	Lint with ruff	2026-02-19T22:11:59.6288739Z 419 | print("\n[Integration] Kernel Execution")
build (3.11)	Lint with ruff	2026-02-19T22:11:59.6289007Z 420 |
build (3.11)	Lint with ruff	2026-02-19T22:11:59.6289186Z 421 | from unittest.mock import MagicMock
build (3.11)	Lint with ruff	2026-02-19T22:11:59.6289431Z     | ^^^^^^^^^^^^^^^^^^^^^^^^^^^^^^^^^^^
build (3.11)	Lint with ruff	2026-02-19T22:11:59.6289654Z 422 |
build (3.11)	Lint with ruff	2026-02-19T22:11:59.6289974Z 423 | from aria.kernel.kernel import AgentKernel
build (3.11)	Lint with ruff	2026-02-19T22:11:59.6290239Z     |
build (3.11)	Lint with ruff	2026-02-19T22:11:59.6290325Z 
build (3.11)	Lint with ruff	2026-02-19T22:11:59.6290419Z E402 Module level import not at top of file
build (3.11)	Lint with ruff	2026-02-19T22:11:59.6290681Z    --> tests/test_aria.py:423:1
build (3.11)	Lint with ruff	2026-02-19T22:11:59.6290883Z     |
build (3.11)	Lint with ruff	2026-02-19T22:11:59.6291061Z 421 | from unittest.mock import MagicMock
build (3.11)	Lint with ruff	2026-02-19T22:11:59.6291297Z 422 |
build (3.11)	Lint with ruff	2026-02-19T22:11:59.6291480Z 423 | from aria.kernel.kernel import AgentKernel
build (3.11)	Lint with ruff	2026-02-19T22:11:59.6291752Z     | ^^^^^^^^^^^^^^^^^^^^^^^^^^^^^^^^^^^^^^^^^^
build (3.11)	Lint with ruff	2026-02-19T22:11:59.6292196Z 424 | from aria.models.errors import ModelProviderExhaustedError
build (3.11)	Lint with ruff	2026-02-19T22:11:59.6292551Z 425 | from aria.models.router import ModelRouter
build (3.11)	Lint with ruff	2026-02-19T22:11:59.6292794Z     |
build (3.11)	Lint with ruff	2026-02-19T22:11:59.6292886Z 
build (3.11)	Lint with ruff	2026-02-19T22:11:59.6292978Z E402 Module level import not at top of file
build (3.11)	Lint with ruff	2026-02-19T22:11:59.6293229Z    --> tests/test_aria.py:424:1
build (3.11)	Lint with ruff	2026-02-19T22:11:59.6293431Z     |
build (3.11)	Lint with ruff	2026-02-19T22:11:59.6293619Z 423 | from aria.kernel.kernel import AgentKernel
build (3.11)	Lint with ruff	2026-02-19T22:11:59.6293963Z 424 | from aria.models.errors import ModelProviderExhaustedError
build (3.11)	Lint with ruff	2026-02-19T22:11:59.6294423Z     | ^^^^^^^^^^^^^^^^^^^^^^^^^^^^^^^^^^^^^^^^^^^^^^^^^^^^^^^^^^
build (3.11)	Lint with ruff	2026-02-19T22:11:59.6294706Z 425 | from aria.models.router import ModelRouter
build (3.11)	Lint with ruff	2026-02-19T22:11:59.6294981Z 426 | from aria.models.types import (
build (3.11)	Lint with ruff	2026-02-19T22:11:59.6295204Z     |
build (3.11)	Lint with ruff	2026-02-19T22:11:59.6295298Z 
build (3.11)	Lint with ruff	2026-02-19T22:11:59.6295388Z E402 Module level import not at top of file
build (3.11)	Lint with ruff	2026-02-19T22:11:59.6295644Z    --> tests/test_aria.py:425:1
build (3.11)	Lint with ruff	2026-02-19T22:11:59.6295843Z     |
build (3.11)	Lint with ruff	2026-02-19T22:11:59.6296032Z 423 | from aria.kernel.kernel import AgentKernel
build (3.11)	Lint with ruff	2026-02-19T22:11:59.6296367Z 424 | from aria.models.errors import ModelProviderExhaustedError
build (3.11)	Lint with ruff	2026-02-19T22:11:59.6296721Z 425 | from aria.models.router import ModelRouter
build (3.11)	Lint with ruff	2026-02-19T22:11:59.6296982Z     | ^^^^^^^^^^^^^^^^^^^^^^^^^^^^^^^^^^^^^^^^^^
build (3.11)	Lint with ruff	2026-02-19T22:11:59.6297232Z 426 | from aria.models.types import (
build (3.11)	Lint with ruff	2026-02-19T22:11:59.6297464Z 427 |     ActionType,
build (3.11)	Lint with ruff	2026-02-19T22:11:59.6297653Z     |
build (3.11)	Lint with ruff	2026-02-19T22:11:59.6297744Z 
build (3.11)	Lint with ruff	2026-02-19T22:11:59.6297842Z E402 Module level import not at top of file
build (3.11)	Lint with ruff	2026-02-19T22:11:59.6298094Z    --> tests/test_aria.py:426:1
build (3.11)	Lint with ruff	2026-02-19T22:11:59.6298302Z     |
build (3.11)	Lint with ruff	2026-02-19T22:11:59.6298542Z 424 |   from aria.models.errors import ModelProviderExhaustedError
build (3.11)	Lint with ruff	2026-02-19T22:11:59.6298903Z 425 |   from aria.models.router import ModelRouter
build (3.11)	Lint with ruff	2026-02-19T22:11:59.6299184Z 426 | / from aria.models.types import (
build (3.11)	Lint with ruff	2026-02-19T22:11:59.6299428Z 427 | |     ActionType,
build (3.11)	Lint with ruff	2026-02-19T22:11:59.6299624Z 428 | |     RawModelResponse,
build (3.11)	Lint with ruff	2026-02-19T22:11:59.6299843Z 429 | |     SessionRequest,
build (3.11)	Lint with ruff	2026-02-19T22:11:59.6300058Z 430 | |     ToolCallRequest,
build (3.11)	Lint with ruff	2026-02-19T22:11:59.6300259Z 431 | |     new_id,
build (3.11)	Lint with ruff	2026-02-19T22:11:59.6300443Z 432 | |     sha256_str,
build (3.11)	Lint with ruff	2026-02-19T22:11:59.6300619Z 433 | | )
build (3.11)	Lint with ruff	2026-02-19T22:11:59.6300777Z     | |_^
build (3.11)	Lint with ruff	2026-02-19T22:11:59.6300981Z 434 |   from aria.tools.registry import ToolRegistry
build (3.11)	Lint with ruff	2026-02-19T22:11:59.6301253Z     |
build (3.11)	Lint with ruff	2026-02-19T22:11:59.6301346Z 
build (3.11)	Lint with ruff	2026-02-19T22:11:59.6301441Z E402 Module level import not at top of file
build (3.11)	Lint with ruff	2026-02-19T22:11:59.6301710Z    --> tests/test_aria.py:434:1
build (3.11)	Lint with ruff	2026-02-19T22:11:59.6301913Z     |
build (3.11)	Lint with ruff	2026-02-19T22:11:59.6302333Z 432 |     sha256_str,
build (3.11)	Lint with ruff	2026-02-19T22:11:59.6302526Z 433 | )
build (3.11)	Lint with ruff	2026-02-19T22:11:59.6302726Z 434 | from aria.tools.registry import ToolRegistry
build (3.11)	Lint with ruff	2026-02-19T22:11:59.6303011Z     | ^^^^^^^^^^^^^^^^^^^^^^^^^^^^^^^^^^^^^^^^^^^^
build (3.11)	Lint with ruff	2026-02-19T22:11:59.6303239Z     |
build (3.11)	Lint with ruff	2026-02-19T22:11:59.6303323Z 
build (3.11)	Lint with ruff	2026-02-19T22:11:59.6303424Z E402 Module level import not at top of file
build (3.11)	Lint with ruff	2026-02-19T22:11:59.6303676Z    --> tests/test_aria.py:590:1
build (3.11)	Lint with ruff	2026-02-19T22:11:59.6303885Z     |
build (3.11)	Lint with ruff	2026-02-19T22:11:59.6304087Z 588 | print("\n[Integration] Sandbox + Builtin Tools")
build (3.11)	Lint with ruff	2026-02-19T22:11:59.6304361Z 589 |
build (3.11)	Lint with ruff	2026-02-19T22:11:59.6304517Z 590 | import inspect
build (3.11)	Lint with ruff	2026-02-19T22:11:59.6304702Z     | ^^^^^^^^^^^^^^
build (3.11)	Lint with ruff	2026-02-19T22:11:59.6304873Z 591 |
build (3.11)	Lint with ruff	2026-02-19T22:11:59.6305077Z 592 | from aria.models.errors import ToolTimeoutError
build (3.11)	Lint with ruff	2026-02-19T22:11:59.6305480Z     |
build (3.11)	Lint with ruff	2026-02-19T22:11:59.6305564Z 
build (3.11)	Lint with ruff	2026-02-19T22:11:59.6305662Z E402 Module level import not at top of file
build (3.11)	Lint with ruff	2026-02-19T22:11:59.6305917Z    --> tests/test_aria.py:592:1
build (3.11)	Lint with ruff	2026-02-19T22:11:59.6306118Z     |
build (3.11)	Lint with ruff	2026-02-19T22:11:59.6306274Z 590 | import inspect
build (3.11)	Lint with ruff	2026-02-19T22:11:59.6306443Z 591 |
build (3.11)	Lint with ruff	2026-02-19T22:11:59.6306649Z 592 | from aria.models.errors import ToolTimeoutError
build (3.11)	Lint with ruff	2026-02-19T22:11:59.6306940Z     | ^^^^^^^^^^^^^^^^^^^^^^^^^^^^^^^^^^^^^^^^^^^^^^^
build (3.11)	Lint with ruff	2026-02-19T22:11:59.6307281Z 593 | from aria.tools.builtin.read_file import ToolPlugin as ReadFileTool
build (3.11)	Lint with ruff	2026-02-19T22:11:59.6307739Z 594 | from aria.tools.builtin.write_file import ToolPlugin as WriteFileTool
build (3.11)	Lint with ruff	2026-02-19T22:11:59.6308083Z     |
build (3.11)	Lint with ruff	2026-02-19T22:11:59.6308173Z 
build (3.11)	Lint with ruff	2026-02-19T22:11:59.6308267Z E402 Module level import not at top of file
build (3.11)	Lint with ruff	2026-02-19T22:11:59.6308517Z    --> tests/test_aria.py:593:1
build (3.11)	Lint with ruff	2026-02-19T22:11:59.6308728Z     |
build (3.11)	Lint with ruff	2026-02-19T22:11:59.6308926Z 592 | from aria.models.errors import ToolTimeoutError
build (3.11)	Lint with ruff	2026-02-19T22:11:59.6309305Z 593 | from aria.tools.builtin.read_file import ToolPlugin as ReadFileTool
build (3.11)	Lint with ruff	2026-02-19T22:11:59.6309800Z     | ^^^^^^^^^^^^^^^^^^^^^^^^^^^^^^^^^^^^^^^^^^^^^^^^^^^^^^^^^^^^^^^^^^^
build (3.11)	Lint with ruff	2026-02-19T22:11:59.6310169Z 594 | from aria.tools.builtin.write_file import ToolPlugin as WriteFileTool
build (3.11)	Lint with ruff	2026-02-19T22:11:59.6310571Z 595 | from aria.tools.sandbox import run_tool_sandboxed
build (3.11)	Lint with ruff	2026-02-19T22:11:59.6310839Z     |
build (3.11)	Lint with ruff	2026-02-19T22:11:59.6310931Z 
build (3.11)	Lint with ruff	2026-02-19T22:11:59.6311026Z E402 Module level import not at top of file
build (3.11)	Lint with ruff	2026-02-19T22:11:59.6311275Z    --> tests/test_aria.py:594:1
build (3.11)	Lint with ruff	2026-02-19T22:11:59.6311480Z     |
build (3.11)	Lint with ruff	2026-02-19T22:11:59.6311685Z 592 | from aria.models.errors import ToolTimeoutError
build (3.11)	Lint with ruff	2026-02-19T22:11:59.6312177Z 593 | from aria.tools.builtin.read_file import ToolPlugin as ReadFileTool
build (3.11)	Lint with ruff	2026-02-19T22:11:59.6312633Z 594 | from aria.tools.builtin.write_file import ToolPlugin as WriteFileTool
build (3.11)	Lint with ruff	2026-02-19T22:11:59.6313006Z     | ^^^^^^^^^^^^^^^^^^^^^^^^^^^^^^^^^^^^^^^^^^^^^^^^^^^^^^^^^^^^^^^^^^^^^
build (3.11)	Lint with ruff	2026-02-19T22:11:59.6313331Z 595 | from aria.tools.sandbox import run_tool_sandboxed
build (3.11)	Lint with ruff	2026-02-19T22:11:59.6313603Z     |
build (3.11)	Lint with ruff	2026-02-19T22:11:59.6313695Z 
build (3.11)	Lint with ruff	2026-02-19T22:11:59.6313788Z E402 Module level import not at top of file
build (3.11)	Lint with ruff	2026-02-19T22:11:59.6314042Z    --> tests/test_aria.py:595:1
build (3.11)	Lint with ruff	2026-02-19T22:11:59.6314242Z     |
build (3.11)	Lint with ruff	2026-02-19T22:11:59.6314504Z 593 | from aria.tools.builtin.read_file import ToolPlugin as ReadFileTool
build (3.11)	Lint with ruff	2026-02-19T22:11:59.6314946Z 594 | from aria.tools.builtin.write_file import ToolPlugin as WriteFileTool
build (3.11)	Lint with ruff	2026-02-19T22:11:59.6315344Z 595 | from aria.tools.sandbox import run_tool_sandboxed
build (3.11)	Lint with ruff	2026-02-19T22:11:59.6315634Z     | ^^^^^^^^^^^^^^^^^^^^^^^^^^^^^^^^^^^^^^^^^^^^^^^^^
build (3.11)	Lint with ruff	2026-02-19T22:11:59.6315869Z     |
build (3.11)	Lint with ruff	2026-02-19T22:11:59.6315953Z 
build (3.11)	Lint with ruff	2026-02-19T22:11:59.6316037Z E501 Line too long (144 > 100)
build (3.11)	Lint with ruff	2026-02-19T22:11:59.6316259Z    --> tests/test_aria.py:691:101
build (3.11)	Lint with ruff	2026-02-19T22:11:59.6316484Z     |
build (3.11)	Lint with ruff	2026-02-19T22:11:59.6316683Z 689 | ΓÇª
build (3.11)	Lint with ruff	2026-02-19T22:11:59.6316853Z 690 | ΓÇª
build (3.11)	Lint with ruff	2026-02-19T22:11:59.6317232Z 691 | ΓÇªmethod\n    def execute(d):\n        time.sleep(60)\n        return {'result':'done'}\n"
build (3.11)	Lint with ruff	2026-02-19T22:11:59.6317697Z     |                                              ^^^^^^^^^^^^^^^^^^^^^^^^^^^^^^^^^^^^^^^^^^^^
build (3.11)	Lint with ruff	2026-02-19T22:11:59.6318000Z 692 | ΓÇª
build (3.11)	Lint with ruff	2026-02-19T22:11:59.6318163Z 693 | ΓÇª
build (3.11)	Lint with ruff	2026-02-19T22:11:59.6318306Z     |
build (3.11)	Lint with ruff	2026-02-19T22:11:59.6318397Z 
build (3.11)	Lint with ruff	2026-02-19T22:11:59.6318475Z E501 Line too long (111 > 100)
build (3.11)	Lint with ruff	2026-02-19T22:11:59.6318708Z   --> tests/test_sandbox.py:31:101
build (3.11)	Lint with ruff	2026-02-19T22:11:59.6318928Z    |
build (3.11)	Lint with ruff	2026-02-19T22:11:59.6319096Z 29 |             name="read_file",
build (3.11)	Lint with ruff	2026-02-19T22:11:59.6319313Z 30 |             version="1.0.0",
build (3.11)	Lint with ruff	2026-02-19T22:11:59.6319754Z 31 |             description="Read text contents of a file. Returns content string. Only allowed paths accessible.",
build (3.11)	Lint with ruff	2026-02-19T22:11:59.6320288Z    |                                                                                                     ^^^^^^^^^^^
build (3.11)	Lint with ruff	2026-02-19T22:11:59.6320698Z 32 |             permissions=frozenset({ToolPermission.FILESYSTEM_READ}),
build (3.11)	Lint with ruff	2026-02-19T22:11:59.6321171Z 33 |             timeout_seconds=10,
build (3.11)	Lint with ruff	2026-02-19T22:11:59.6321399Z    |
build (3.11)	Lint with ruff	2026-02-19T22:11:59.6321483Z 
build (3.11)	Lint with ruff	2026-02-19T22:11:59.6321563Z Found 43 errors.
build (3.11)	Lint with ruff	2026-02-19T22:11:59.6321884Z No fixes available (8 hidden fixes can be enabled with the `--unsafe-fixes` option).
build (3.11)	Test with pytest	∩╗┐2026-02-19T22:11:59.6348078Z ##[group]Run python -m pytest
build (3.11)	Test with pytest	2026-02-19T22:11:59.6348365Z [36;1mpython -m pytest[0m
build (3.11)	Test with pytest	2026-02-19T22:11:59.6399582Z shell: /usr/bin/bash -e {0}
build (3.11)	Test with pytest	2026-02-19T22:11:59.6399822Z env:
build (3.11)	Test with pytest	2026-02-19T22:11:59.6400071Z   pythonLocation: /opt/hostedtoolcache/Python/3.11.14/x64
build (3.11)	Test with pytest	2026-02-19T22:11:59.6400473Z   LD_LIBRARY_PATH: /opt/hostedtoolcache/Python/3.11.14/x64/lib
build (3.11)	Test with pytest	2026-02-19T22:11:59.6400785Z ##[endgroup]
build (3.11)	Test with pytest	2026-02-19T22:12:02.3467915Z ============================= test session starts ==============================
build (3.11)	Test with pytest	2026-02-19T22:12:02.3468835Z platform linux -- Python 3.11.14, pytest-9.0.2, pluggy-1.6.0
build (3.11)	Test with pytest	2026-02-19T22:12:02.3469491Z rootdir: /home/runner/work/aria-runtime/aria-runtime
build (3.11)	Test with pytest	2026-02-19T22:12:02.3470082Z configfile: pyproject.toml
build (3.11)	Test with pytest	2026-02-19T22:12:02.3470530Z testpaths: tests
build (3.11)	Test with pytest	2026-02-19T22:12:02.3471609Z plugins: anyio-4.12.1, cov-7.0.0
build (3.11)	Test with pytest	2026-02-19T22:12:02.3472551Z collected 164 items
build (3.11)	Test with pytest	2026-02-19T22:12:02.3472772Z 
build (3.11)	Test with pytest	2026-02-19T22:12:02.3551530Z tests/test_aria.py E                                                     [  0%]
build (3.11)	Test with pytest	2026-02-19T22:12:02.7064891Z tests/test_builtin_tools.py ........                                     [  5%]
build (3.11)	Test with pytest	2026-02-19T22:12:03.1206169Z tests/test_circuit_breaker.py ...........                                [ 12%]
build (3.11)	Test with pytest	2026-02-19T22:12:03.1508972Z tests/test_core.py ............................                          [ 29%]
build (3.11)	Test with pytest	2026-02-19T22:12:03.1626346Z tests/test_fsm.py ...........                                            [ 35%]
build (3.11)	Test with pytest	2026-02-19T22:12:03.2485915Z tests/test_kernel.py .....F...                                           [ 41%]
build (3.11)	Test with pytest	2026-02-19T22:12:03.3209985Z tests/test_memory.py ............                                        [ 48%]
build (3.11)	Test with pytest	2026-02-19T22:12:03.3338884Z tests/test_router.py .......                                             [ 53%]
build (3.11)	Test with pytest	2026-02-19T22:12:04.4530710Z tests/test_sandbox.py ......                                             [ 56%]
build (3.11)	Test with pytest	2026-02-19T22:12:04.4725192Z tests/test_sandbox_validation.py ..............                          [ 65%]
build (3.11)	Test with pytest	2026-02-19T22:12:04.4953414Z tests/test_scrubber.py ......................                            [ 78%]
build (3.11)	Test with pytest	2026-02-19T22:12:04.5475661Z tests/test_security.py ....................                              [ 90%]
build (3.11)	Test with pytest	2026-02-19T22:12:04.7220806Z tests/test_types.py ...............
build (3.11)	Test with pytest	2026-02-19T22:12:04.7221367Z ERROR: Coverage failure: total of 60 is less than fail-under=80
build (3.11)	Test with pytest	2026-02-19T22:12:04.7671855Z                                                                          [100%]
build (3.11)	Test with pytest	2026-02-19T22:12:04.7672576Z 
build (3.11)	Test with pytest	2026-02-19T22:12:04.7672809Z ==================================== ERRORS ====================================
build (3.11)	Test with pytest	2026-02-19T22:12:04.7673510Z ____________________________ ERROR at setup of test ____________________________
build (3.11)	Test with pytest	2026-02-19T22:12:04.7674342Z file /home/runner/work/aria-runtime/aria-runtime/tests/test_aria.py, line 23
build (3.11)	Test with pytest	2026-02-19T22:12:04.7675052Z   def test(name: str):
build (3.11)	Test with pytest	2026-02-19T22:12:04.7675421Z E       fixture 'name' not found
build (3.11)	Test with pytest	2026-02-19T22:12:04.7678064Z >       available fixtures: anyio_backend, anyio_backend_name, anyio_backend_options, cache, capfd, capfdbinary, caplog, capsys, capsysbinary, capteesys, cov, doctest_namespace, free_tcp_port, free_tcp_port_factory, free_udp_port, free_udp_port_factory, monkeypatch, no_cover, pytestconfig, record_property, record_testsuite_property, record_xml_attribute, recwarn, subtests, test_config, tmp_db, tmp_path, tmp_path_factory, tmpdir, tmpdir_factory
build (3.11)	Test with pytest	2026-02-19T22:12:04.7680770Z >       use 'pytest --fixtures [testpath]' for help on them.
build (3.11)	Test with pytest	2026-02-19T22:12:04.7681125Z 
build (3.11)	Test with pytest	2026-02-19T22:12:04.7681387Z /home/runner/work/aria-runtime/aria-runtime/tests/test_aria.py:23
build (3.11)	Test with pytest	2026-02-19T22:12:04.7681953Z =================================== FAILURES ===================================
build (3.11)	Test with pytest	2026-02-19T22:12:04.7682828Z ________________ TestKernelIntegration.test_step_limit_enforced ________________
build (3.11)	Test with pytest	2026-02-19T22:12:04.7683296Z 
build (3.11)	Test with pytest	2026-02-19T22:12:04.7683589Z self = <tests.test_kernel.TestKernelIntegration object at 0x7fe80220da10>
build (3.11)	Test with pytest	2026-02-19T22:12:04.7684416Z tmp_path = PosixPath('/tmp/pytest-of-runner/pytest-0/test_step_limit_enforced0')
build (3.11)	Test with pytest	2026-02-19T22:12:04.7685374Z 
build (3.11)	Test with pytest	2026-02-19T22:12:04.7685567Z     def test_step_limit_enforced(self, tmp_path):
build (3.11)	Test with pytest	2026-02-19T22:12:04.7686057Z         """Session fails when step limit exceeded."""
build (3.11)	Test with pytest	2026-02-19T22:12:04.7686492Z     
build (3.11)	Test with pytest	2026-02-19T22:12:04.7686752Z         cfg = KernelConfig(
build (3.11)	Test with pytest	2026-02-19T22:12:04.7687117Z             primary_provider="mock",
build (3.11)	Test with pytest	2026-02-19T22:12:04.7687489Z             max_steps=2,
build (3.11)	Test with pytest	2026-02-19T22:12:04.7687824Z             max_cost_usd=1.0,
build (3.11)	Test with pytest	2026-02-19T22:12:04.7688193Z             db_path=str(tmp_path / "lim.db"),
build (3.11)	Test with pytest	2026-02-19T22:12:04.7688632Z             log_path=str(tmp_path / "lim.jsonl"),
build (3.11)	Test with pytest	2026-02-19T22:12:04.7689348Z             allowed_permissions=frozenset({ToolPermission.NONE, ToolPermission.FILESYSTEM_READ}),
build (3.11)	Test with pytest	2026-02-19T22:12:04.7690253Z         )
build (3.11)	Test with pytest	2026-02-19T22:12:04.7690594Z         storage = SQLiteStorage(str(tmp_path / "lim.db"))
build (3.11)	Test with pytest	2026-02-19T22:12:04.7691499Z         # Always returns unknown tool call ΓÇö session will loop and hit limit
build (3.11)	Test with pytest	2026-02-19T22:12:04.7692336Z         tc = make_tool_call("nonexistent_tool_xyz", {})
build (3.11)	Test with pytest	2026-02-19T22:12:04.7692832Z         provider = MockProvider([tc, tc, tc, tc, tc])
build (3.11)	Test with pytest	2026-02-19T22:12:04.7693281Z         registry = ToolRegistry(cfg)
build (3.11)	Test with pytest	2026-02-19T22:12:04.7693661Z >       registry.build()
build (3.11)	Test with pytest	2026-02-19T22:12:04.7693879Z 
build (3.11)	Test with pytest	2026-02-19T22:12:04.7694009Z tests/test_kernel.py:110: 
build (3.11)	Test with pytest	2026-02-19T22:12:04.7694430Z _ _ _ _ _ _ _ _ _ _ _ _ _ _ _ _ _ _ _ _ _ _ _ _ _ _ _ _ _ _ _ _ _ _ _ _ _ _ _ _ 
build (3.11)	Test with pytest	2026-02-19T22:12:04.7694925Z aria/tools/registry.py:29: in build
build (3.11)	Test with pytest	2026-02-19T22:12:04.7695375Z     self._register(cls, module_path=_module_path(cls))
build (3.11)	Test with pytest	2026-02-19T22:12:04.7695907Z _ _ _ _ _ _ _ _ _ _ _ _ _ _ _ _ _ _ _ _ _ _ _ _ _ _ _ _ _ _ _ _ _ _ _ _ _ _ _ _ 
build (3.11)	Test with pytest	2026-02-19T22:12:04.7696272Z 
build (3.11)	Test with pytest	2026-02-19T22:12:04.7696540Z self = <aria.tools.registry.ToolRegistry object at 0x7fe8021e5250>
build (3.11)	Test with pytest	2026-02-19T22:12:04.7697175Z cls = <class 'aria.tools.builtin.write_file.ToolPlugin'>
build (3.11)	Test with pytest	2026-02-19T22:12:04.7697950Z module_path = '/home/runner/work/aria-runtime/aria-runtime/aria/tools/builtin/write_file.py'
build (3.11)	Test with pytest	2026-02-19T22:12:04.7698517Z 
build (3.11)	Test with pytest	2026-02-19T22:12:04.7698748Z     def _register(self, cls: Any, module_path: str) -> None:
build (3.11)	Test with pytest	2026-02-19T22:12:04.7699271Z         manifest = getattr(cls, "manifest", None)
build (3.11)	Test with pytest	2026-02-19T22:12:04.7699759Z         if not isinstance(manifest, ToolManifest):
build (3.11)	Test with pytest	2026-02-19T22:12:04.7700436Z             raise ManifestValidationError(f"{cls.__name__}.manifest must be a ToolManifest")
build (3.11)	Test with pytest	2026-02-19T22:12:04.7701156Z         if not callable(getattr(cls, "execute", None)):
build (3.11)	Test with pytest	2026-02-19T22:12:04.7701838Z             raise ManifestValidationError(f"Tool {manifest.name!r} has no execute() method")
build (3.11)	Test with pytest	2026-02-19T22:12:04.7702798Z         disallowed = manifest.permissions - self._config.allowed_permissions
build (3.11)	Test with pytest	2026-02-19T22:12:04.7703368Z         if disallowed:
build (3.11)	Test with pytest	2026-02-19T22:12:04.7703713Z >           raise PermissionDeniedError(
build (3.11)	Test with pytest	2026-02-19T22:12:04.7704198Z                 f"Tool {manifest.name!r} requires {disallowed} "
build (3.11)	Test with pytest	2026-02-19T22:12:04.7704805Z                 f"not in allowed_permissions: {self._config.allowed_permissions}"
build (3.11)	Test with pytest	2026-02-19T22:12:04.7705342Z             )
build (3.11)	Test with pytest	2026-02-19T22:12:04.7706836Z E           aria.models.errors.PermissionDeniedError: Tool 'write_file' requires frozenset({<ToolPermission.FILESYSTEM_WRITE: 'fs_write'>}) not in allowed_permissions: frozenset({<ToolPermission.NONE: 'none'>, <ToolPermission.FILESYSTEM_READ: 'fs_read'>})
build (3.11)	Test with pytest	2026-02-19T22:12:04.7708275Z 
build (3.11)	Test with pytest	2026-02-19T22:12:04.7708464Z aria/tools/registry.py:64: PermissionDeniedError
build (3.11)	Test with pytest	2026-02-19T22:12:04.7708988Z ================================ tests coverage ================================
build (3.11)	Test with pytest	2026-02-19T22:12:04.7709618Z _______________ coverage: platform linux, python 3.11.14-final-0 _______________
build (3.11)	Test with pytest	2026-02-19T22:12:04.7710070Z 
build (3.11)	Test with pytest	2026-02-19T22:12:04.7710271Z Name                                          Stmts   Miss  Cover   Missing
build (3.11)	Test with pytest	2026-02-19T22:12:04.7710844Z ---------------------------------------------------------------------------
build (3.11)	Test with pytest	2026-02-19T22:12:04.7711436Z aria/__init__.py                                  0      0   100%
build (3.11)	Test with pytest	2026-02-19T22:12:04.7712387Z aria/cli/__init__.py                              0      0   100%
build (3.11)	Test with pytest	2026-02-19T22:12:04.7712991Z aria/cli/audit_cmd.py                            69     69     0%   3-96
build (3.11)	Test with pytest	2026-02-19T22:12:04.7713631Z aria/cli/bootstrap.py                            50     50     0%   3-78
build (3.11)	Test with pytest	2026-02-19T22:12:04.7714275Z aria/cli/main.py                                 33     33     0%   3-59
build (3.11)	Test with pytest	2026-02-19T22:12:04.7714861Z aria/cli/run_cmd.py                              49     49     0%   3-79
build (3.11)	Test with pytest	2026-02-19T22:12:04.7715478Z aria/cli/tools_cmd.py                            28     28     0%   3-39
build (3.11)	Test with pytest	2026-02-19T22:12:04.7716089Z aria/kernel/__init__.py                           0      0   100%
build (3.11)	Test with pytest	2026-02-19T22:12:04.7716713Z aria/kernel/context.py                           16      1    94%   37
build (3.11)	Test with pytest	2026-02-19T22:12:04.7717509Z aria/kernel/fsm.py                               23      0   100%
build (3.11)	Test with pytest	2026-02-19T22:12:04.7718319Z aria/kernel/kernel.py                           173     37    79%   106-108, 164, 227, 314-344, 392-415, 445-452, 473-475, 490-494
build (3.11)	Test with pytest	2026-02-19T22:12:04.7719204Z aria/logging_setup.py                            56     43    23%   21-86, 94-112
build (3.11)	Test with pytest	2026-02-19T22:12:04.7719858Z aria/memory/__init__.py                           0      0   100%
build (3.11)	Test with pytest	2026-02-19T22:12:04.7720945Z aria/memory/sqlite.py                           152     30    80%   164-165, 171-173, 183-185, 210-211, 242-243, 277-278, 286-287, 313-314, 344-345, 367-368, 376-377, 388-389, 408-409, 414-415
build (3.11)	Test with pytest	2026-02-19T22:12:04.7722215Z aria/models/__init__.py                           0      0   100%
build (3.11)	Test with pytest	2026-02-19T22:12:04.7722835Z aria/models/errors.py                            70      0   100%
build (3.11)	Test with pytest	2026-02-19T22:12:04.7723479Z aria/models/providers/__init__.py                 0      0   100%
build (3.11)	Test with pytest	2026-02-19T22:12:04.7724193Z aria/models/providers/anthropic_provider.py      72     72     0%   9-164
build (3.11)	Test with pytest	2026-02-19T22:12:04.7724909Z aria/models/providers/base.py                     4      0   100%
build (3.11)	Test with pytest	2026-02-19T22:12:04.7725556Z aria/models/providers/circuit_breaker.py         49      0   100%
build (3.11)	Test with pytest	2026-02-19T22:12:04.7726273Z aria/models/providers/ollama_provider.py         62     62     0%   8-153
build (3.11)	Test with pytest	2026-02-19T22:12:04.7726985Z aria/models/router.py                            50      2    96%   71-72
build (3.11)	Test with pytest	2026-02-19T22:12:04.7727703Z aria/models/types.py                            218     20    91%   90-92, 96-102, 106-112, 142, 269, 271
build (3.11)	Test with pytest	2026-02-19T22:12:04.7728421Z aria/security/__init__.py                         0      0   100%
build (3.11)	Test with pytest	2026-02-19T22:12:04.7729080Z aria/security/scrubber.py                        38      2    95%   90, 93
build (3.11)	Test with pytest	2026-02-19T22:12:04.7729821Z aria/security/secrets.py                         32     21    34%   12, 15-28, 31-36, 40, 48-50
build (3.11)	Test with pytest	2026-02-19T22:12:04.7730519Z aria/tools/__init__.py                            0      0   100%
build (3.11)	Test with pytest	2026-02-19T22:12:04.7731126Z aria/tools/builtin/__init__.py                    3      0   100%
build (3.11)	Test with pytest	2026-02-19T22:12:04.7731787Z aria/tools/builtin/read_file.py                  18     11    39%   41-51
build (3.11)	Test with pytest	2026-02-19T22:12:04.7732647Z aria/tools/builtin/write_file.py                 19     12    37%   43-54
build (3.11)	Test with pytest	2026-02-19T22:12:04.7733441Z aria/tools/registry.py                           78     27    65%   32, 34-36, 40-54, 59, 61, 69, 83-85, 103-104
build (3.11)	Test with pytest	2026-02-19T22:12:04.7734362Z aria/tools/sandbox.py                           113     20    82%   41-42, 63, 65, 68, 71, 74, 76, 79-82, 133-134, 212-214, 220, 224-225
build (3.11)	Test with pytest	2026-02-19T22:12:04.7735182Z ---------------------------------------------------------------------------
build (3.11)	Test with pytest	2026-02-19T22:12:04.7735753Z TOTAL                                          1475    589    60%
build (3.11)	Test with pytest	2026-02-19T22:12:04.7736352Z FAIL Required test coverage of 80% not reached. Total coverage: 60.07%
build (3.11)	Test with pytest	2026-02-19T22:12:04.7736994Z =========================== short test summary info ============================
build (3.11)	Test with pytest	2026-02-19T22:12:04.7739250Z FAILED tests/test_kernel.py::TestKernelIntegration::test_step_limit_enforced - aria.models.errors.PermissionDeniedError: Tool 'write_file' requires frozenset({<ToolPermission.FILESYSTEM_WRITE: 'fs_write'>}) not in allowed_permissions: frozenset({<ToolPermission.NONE: 'none'>, <ToolPermission.FILESYSTEM_READ: 'fs_read'>})
build (3.11)	Test with pytest	2026-02-19T22:12:04.7741480Z ERROR tests/test_aria.py::test
build (3.11)	Test with pytest	2026-02-19T22:12:04.7741954Z ==================== 1 failed, 162 passed, 1 error in 4.28s ====================
build (3.11)	Test with pytest	2026-02-19T22:12:04.8129791Z ##[error]Process completed with exit code 1.
build (3.11)	Post Run actions/checkout@v4	∩╗┐2026-02-19T22:12:04.8257469Z Post job cleanup.
build (3.11)	Post Run actions/checkout@v4	2026-02-19T22:12:04.9204025Z [command]/usr/bin/git version
build (3.11)	Post Run actions/checkout@v4	2026-02-19T22:12:04.9241743Z git version 2.53.0
build (3.11)	Post Run actions/checkout@v4	2026-02-19T22:12:04.9284323Z Temporarily overriding HOME='/home/runner/work/_temp/78253079-bb15-4740-bab2-51f3580983cb' before making global git config changes
build (3.11)	Post Run actions/checkout@v4	2026-02-19T22:12:04.9285828Z Adding repository directory to the temporary git global config as a safe directory
build (3.11)	Post Run actions/checkout@v4	2026-02-19T22:12:04.9290012Z [command]/usr/bin/git config --global --add safe.directory /home/runner/work/aria-runtime/aria-runtime
build (3.11)	Post Run actions/checkout@v4	2026-02-19T22:12:04.9331035Z [command]/usr/bin/git config --local --name-only --get-regexp core\.sshCommand
build (3.11)	Post Run actions/checkout@v4	2026-02-19T22:12:04.9364395Z [command]/usr/bin/git submodule foreach --recursive sh -c "git config --local --name-only --get-regexp 'core\.sshCommand' && git config --local --unset-all 'core.sshCommand' || :"
build (3.11)	Post Run actions/checkout@v4	2026-02-19T22:12:04.9607371Z [command]/usr/bin/git config --local --name-only --get-regexp http\.https\:\/\/github\.com\/\.extraheader
build (3.11)	Post Run actions/checkout@v4	2026-02-19T22:12:04.9629375Z http.https://github.com/.extraheader
build (3.11)	Post Run actions/checkout@v4	2026-02-19T22:12:04.9643865Z [command]/usr/bin/git config --local --unset-all http.https://github.com/.extraheader
build (3.11)	Post Run actions/checkout@v4	2026-02-19T22:12:04.9676348Z [command]/usr/bin/git submodule foreach --recursive sh -c "git config --local --name-only --get-regexp 'http\.https\:\/\/github\.com\/\.extraheader' && git config --local --unset-all 'http.https://github.com/.extraheader' || :"
build (3.11)	Post Run actions/checkout@v4	2026-02-19T22:12:04.9910608Z [command]/usr/bin/git config --local --name-only --get-regexp ^includeIf\.gitdir:
build (3.11)	Post Run actions/checkout@v4	2026-02-19T22:12:04.9941858Z [command]/usr/bin/git submodule foreach --recursive git config --local --show-origin --name-only --get-regexp remote.origin.url
build (3.11)	Complete job	∩╗┐2026-02-19T22:12:05.0300841Z Cleaning up orphan processes
build (3.12)	Set up job	∩╗┐2026-02-19T22:11:46.4564056Z Current runner version: '2.331.0'
build (3.12)	Set up job	2026-02-19T22:11:46.4590096Z ##[group]Runner Image Provisioner
build (3.12)	Set up job	2026-02-19T22:11:46.4590901Z Hosted Compute Agent
build (3.12)	Set up job	2026-02-19T22:11:46.4591552Z Version: 20260123.484
build (3.12)	Set up job	2026-02-19T22:11:46.4592124Z Commit: 6bd6555ca37d84114959e1c76d2c01448ff61c5d
build (3.12)	Set up job	2026-02-19T22:11:46.4592826Z Build Date: 2026-01-23T19:41:17Z
build (3.12)	Set up job	2026-02-19T22:11:46.4593483Z Worker ID: {9ba00708-e671-47fe-9629-2f0c77f0d04f}
build (3.12)	Set up job	2026-02-19T22:11:46.4594207Z Azure Region: centralus
build (3.12)	Set up job	2026-02-19T22:11:46.4594748Z ##[endgroup]
build (3.12)	Set up job	2026-02-19T22:11:46.4596398Z ##[group]Operating System
build (3.12)	Set up job	2026-02-19T22:11:46.4597113Z Ubuntu
build (3.12)	Set up job	2026-02-19T22:11:46.4597553Z 24.04.3
build (3.12)	Set up job	2026-02-19T22:11:46.4598056Z LTS
build (3.12)	Set up job	2026-02-19T22:11:46.4598530Z ##[endgroup]
build (3.12)	Set up job	2026-02-19T22:11:46.4599041Z ##[group]Runner Image
build (3.12)	Set up job	2026-02-19T22:11:46.4599529Z Image: ubuntu-24.04
build (3.12)	Set up job	2026-02-19T22:11:46.4600099Z Version: 20260201.15.1
build (3.12)	Set up job	2026-02-19T22:11:46.4601084Z Included Software: https://github.com/actions/runner-images/blob/ubuntu24/20260201.15/images/ubuntu/Ubuntu2404-Readme.md
build (3.12)	Set up job	2026-02-19T22:11:46.4602735Z Image Release: https://github.com/actions/runner-images/releases/tag/ubuntu24%2F20260201.15
build (3.12)	Set up job	2026-02-19T22:11:46.4603630Z ##[endgroup]
build (3.12)	Set up job	2026-02-19T22:11:46.4604661Z ##[group]GITHUB_TOKEN Permissions
build (3.12)	Set up job	2026-02-19T22:11:46.4606715Z Contents: read
build (3.12)	Set up job	2026-02-19T22:11:46.4607273Z Metadata: read
build (3.12)	Set up job	2026-02-19T22:11:46.4607884Z ##[endgroup]
build (3.12)	Set up job	2026-02-19T22:11:46.4611199Z Secret source: Actions
build (3.12)	Set up job	2026-02-19T22:11:46.4612158Z Prepare workflow directory
build (3.12)	Set up job	2026-02-19T22:11:46.4941232Z Prepare all required actions
build (3.12)	Set up job	2026-02-19T22:11:46.4980400Z Getting action download info
build (3.12)	Set up job	2026-02-19T22:11:46.8582298Z Download action repository 'actions/checkout@v4' (SHA:34e114876b0b11c390a56381ad16ebd13914f8d5)
build (3.12)	Set up job	2026-02-19T22:11:46.9801052Z Download action repository 'actions/setup-python@v3' (SHA:3542bca2639a428e1796aaa6a2ffef0c0f575566)
build (3.12)	Set up job	2026-02-19T22:11:47.2623851Z Complete job name: build (3.12)
build (3.12)	Run actions/checkout@v4	∩╗┐2026-02-19T22:11:47.3232063Z ##[group]Run actions/checkout@v4
build (3.12)	Run actions/checkout@v4	2026-02-19T22:11:47.3233252Z with:
build (3.12)	Run actions/checkout@v4	2026-02-19T22:11:47.3233694Z   repository: Shivay00001/aria-runtime
build (3.12)	Run actions/checkout@v4	2026-02-19T22:11:47.3234454Z   token: ***
build (3.12)	Run actions/checkout@v4	2026-02-19T22:11:47.3234845Z   ssh-strict: true
build (3.12)	Run actions/checkout@v4	2026-02-19T22:11:47.3235290Z   ssh-user: git
build (3.12)	Run actions/checkout@v4	2026-02-19T22:11:47.3235687Z   persist-credentials: true
build (3.12)	Run actions/checkout@v4	2026-02-19T22:11:47.3236336Z   clean: true
build (3.12)	Run actions/checkout@v4	2026-02-19T22:11:47.3236738Z   sparse-checkout-cone-mode: true
build (3.12)	Run actions/checkout@v4	2026-02-19T22:11:47.3237215Z   fetch-depth: 1
build (3.12)	Run actions/checkout@v4	2026-02-19T22:11:47.3237594Z   fetch-tags: false
build (3.12)	Run actions/checkout@v4	2026-02-19T22:11:47.3237987Z   show-progress: true
build (3.12)	Run actions/checkout@v4	2026-02-19T22:11:47.3238377Z   lfs: false
build (3.12)	Run actions/checkout@v4	2026-02-19T22:11:47.3238738Z   submodules: false
build (3.12)	Run actions/checkout@v4	2026-02-19T22:11:47.3239129Z   set-safe-directory: true
build (3.12)	Run actions/checkout@v4	2026-02-19T22:11:47.3239859Z ##[endgroup]
build (3.12)	Run actions/checkout@v4	2026-02-19T22:11:47.4332484Z Syncing repository: Shivay00001/aria-runtime
build (3.12)	Run actions/checkout@v4	2026-02-19T22:11:47.4335043Z ##[group]Getting Git version info
build (3.12)	Run actions/checkout@v4	2026-02-19T22:11:47.4336456Z Working directory is '/home/runner/work/aria-runtime/aria-runtime'
build (3.12)	Run actions/checkout@v4	2026-02-19T22:11:47.4338226Z [command]/usr/bin/git version
build (3.12)	Run actions/checkout@v4	2026-02-19T22:11:47.4412267Z git version 2.52.0
build (3.12)	Run actions/checkout@v4	2026-02-19T22:11:47.4439439Z ##[endgroup]
build (3.12)	Run actions/checkout@v4	2026-02-19T22:11:47.4461157Z Temporarily overriding HOME='/home/runner/work/_temp/1c801946-f0e6-454a-bf27-08a318689b38' before making global git config changes
build (3.12)	Run actions/checkout@v4	2026-02-19T22:11:47.4462518Z Adding repository directory to the temporary git global config as a safe directory
build (3.12)	Run actions/checkout@v4	2026-02-19T22:11:47.4466713Z [command]/usr/bin/git config --global --add safe.directory /home/runner/work/aria-runtime/aria-runtime
build (3.12)	Run actions/checkout@v4	2026-02-19T22:11:47.4507313Z Deleting the contents of '/home/runner/work/aria-runtime/aria-runtime'
build (3.12)	Run actions/checkout@v4	2026-02-19T22:11:47.4510894Z ##[group]Initializing the repository
build (3.12)	Run actions/checkout@v4	2026-02-19T22:11:47.4514859Z [command]/usr/bin/git init /home/runner/work/aria-runtime/aria-runtime
build (3.12)	Run actions/checkout@v4	2026-02-19T22:11:47.4624874Z hint: Using 'master' as the name for the initial branch. This default branch name
build (3.12)	Run actions/checkout@v4	2026-02-19T22:11:47.4626991Z hint: will change to "main" in Git 3.0. To configure the initial branch name
build (3.12)	Run actions/checkout@v4	2026-02-19T22:11:47.4628887Z hint: to use in all of your new repositories, which will suppress this warning,
build (3.12)	Run actions/checkout@v4	2026-02-19T22:11:47.4630660Z hint: call:
build (3.12)	Run actions/checkout@v4	2026-02-19T22:11:47.4631488Z hint:
build (3.12)	Run actions/checkout@v4	2026-02-19T22:11:47.4632534Z hint: 	git config --global init.defaultBranch <name>
build (3.12)	Run actions/checkout@v4	2026-02-19T22:11:47.4633829Z hint:
build (3.12)	Run actions/checkout@v4	2026-02-19T22:11:47.4634867Z hint: Names commonly chosen instead of 'master' are 'main', 'trunk' and
build (3.12)	Run actions/checkout@v4	2026-02-19T22:11:47.4636667Z hint: 'development'. The just-created branch can be renamed via this command:
build (3.12)	Run actions/checkout@v4	2026-02-19T22:11:47.4637951Z hint:
build (3.12)	Run actions/checkout@v4	2026-02-19T22:11:47.4638584Z hint: 	git branch -m <name>
build (3.12)	Run actions/checkout@v4	2026-02-19T22:11:47.4639328Z hint:
build (3.12)	Run actions/checkout@v4	2026-02-19T22:11:47.4640304Z hint: Disable this message with "git config set advice.defaultBranchName false"
build (3.12)	Run actions/checkout@v4	2026-02-19T22:11:47.4642132Z Initialized empty Git repository in /home/runner/work/aria-runtime/aria-runtime/.git/
build (3.12)	Run actions/checkout@v4	2026-02-19T22:11:47.4645052Z [command]/usr/bin/git remote add origin https://github.com/Shivay00001/aria-runtime
build (3.12)	Run actions/checkout@v4	2026-02-19T22:11:47.4679675Z ##[endgroup]
build (3.12)	Run actions/checkout@v4	2026-02-19T22:11:47.4680898Z ##[group]Disabling automatic garbage collection
build (3.12)	Run actions/checkout@v4	2026-02-19T22:11:47.4684910Z [command]/usr/bin/git config --local gc.auto 0
build (3.12)	Run actions/checkout@v4	2026-02-19T22:11:47.4714304Z ##[endgroup]
build (3.12)	Run actions/checkout@v4	2026-02-19T22:11:47.4715508Z ##[group]Setting up auth
build (3.12)	Run actions/checkout@v4	2026-02-19T22:11:47.4722310Z [command]/usr/bin/git config --local --name-only --get-regexp core\.sshCommand
build (3.12)	Run actions/checkout@v4	2026-02-19T22:11:47.4753500Z [command]/usr/bin/git submodule foreach --recursive sh -c "git config --local --name-only --get-regexp 'core\.sshCommand' && git config --local --unset-all 'core.sshCommand' || :"
build (3.12)	Run actions/checkout@v4	2026-02-19T22:11:47.5120087Z [command]/usr/bin/git config --local --name-only --get-regexp http\.https\:\/\/github\.com\/\.extraheader
build (3.12)	Run actions/checkout@v4	2026-02-19T22:11:47.5152983Z [command]/usr/bin/git submodule foreach --recursive sh -c "git config --local --name-only --get-regexp 'http\.https\:\/\/github\.com\/\.extraheader' && git config --local --unset-all 'http.https://github.com/.extraheader' || :"
build (3.12)	Run actions/checkout@v4	2026-02-19T22:11:47.5399786Z [command]/usr/bin/git config --local --name-only --get-regexp ^includeIf\.gitdir:
build (3.12)	Run actions/checkout@v4	2026-02-19T22:11:47.5435286Z [command]/usr/bin/git submodule foreach --recursive git config --local --show-origin --name-only --get-regexp remote.origin.url
build (3.12)	Run actions/checkout@v4	2026-02-19T22:11:47.5661518Z [command]/usr/bin/git config --local http.https://github.com/.extraheader AUTHORIZATION: basic ***
build (3.12)	Run actions/checkout@v4	2026-02-19T22:11:47.5696440Z ##[endgroup]
build (3.12)	Run actions/checkout@v4	2026-02-19T22:11:47.5697729Z ##[group]Fetching the repository
build (3.12)	Run actions/checkout@v4	2026-02-19T22:11:47.5706429Z [command]/usr/bin/git -c protocol.version=2 fetch --no-tags --prune --no-recurse-submodules --depth=1 origin +626a621cab75fa4fe60815e962103f52efd0e548:refs/remotes/origin/master
build (3.12)	Run actions/checkout@v4	2026-02-19T22:11:47.9526418Z From https://github.com/Shivay00001/aria-runtime
build (3.12)	Run actions/checkout@v4	2026-02-19T22:11:47.9528355Z  * [new ref]         626a621cab75fa4fe60815e962103f52efd0e548 -> origin/master
build (3.12)	Run actions/checkout@v4	2026-02-19T22:11:47.9563821Z ##[endgroup]
build (3.12)	Run actions/checkout@v4	2026-02-19T22:11:47.9565307Z ##[group]Determining the checkout info
build (3.12)	Run actions/checkout@v4	2026-02-19T22:11:47.9567023Z ##[endgroup]
build (3.12)	Run actions/checkout@v4	2026-02-19T22:11:47.9572319Z [command]/usr/bin/git sparse-checkout disable
build (3.12)	Run actions/checkout@v4	2026-02-19T22:11:47.9618913Z [command]/usr/bin/git config --local --unset-all extensions.worktreeConfig
build (3.12)	Run actions/checkout@v4	2026-02-19T22:11:47.9648265Z ##[group]Checking out the ref
build (3.12)	Run actions/checkout@v4	2026-02-19T22:11:47.9653746Z [command]/usr/bin/git checkout --progress --force -B master refs/remotes/origin/master
build (3.12)	Run actions/checkout@v4	2026-02-19T22:11:47.9784829Z Reset branch 'master'
build (3.12)	Run actions/checkout@v4	2026-02-19T22:11:47.9787763Z branch 'master' set up to track 'origin/master'.
build (3.12)	Run actions/checkout@v4	2026-02-19T22:11:47.9794125Z ##[endgroup]
build (3.12)	Run actions/checkout@v4	2026-02-19T22:11:47.9830571Z [command]/usr/bin/git log -1 --format=%H
build (3.12)	Run actions/checkout@v4	2026-02-19T22:11:47.9853578Z 626a621cab75fa4fe60815e962103f52efd0e548
build (3.12)	Set up Python 3.12	∩╗┐2026-02-19T22:11:48.0118607Z ##[group]Run actions/setup-python@v3
build (3.12)	Set up Python 3.12	2026-02-19T22:11:48.0119727Z with:
build (3.12)	Set up Python 3.12	2026-02-19T22:11:48.0120429Z   python-version: 3.12
build (3.12)	Set up Python 3.12	2026-02-19T22:11:48.0121532Z   token: ***
build (3.12)	Set up Python 3.12	2026-02-19T22:11:48.0122241Z ##[endgroup]
build (3.12)	Set up Python 3.12	2026-02-19T22:11:48.1317322Z Successfully setup CPython (3.12.12)
build (3.12)	Install dependencies	∩╗┐2026-02-19T22:11:48.1456065Z ##[group]Run python -m pip install --upgrade pip
build (3.12)	Install dependencies	2026-02-19T22:11:48.1457830Z [36;1mpython -m pip install --upgrade pip[0m
build (3.12)	Install dependencies	2026-02-19T22:11:48.1459340Z [36;1mpython -m pip install build twine ruff pytest pytest-cov[0m
build (3.12)	Install dependencies	2026-02-19T22:11:48.1460942Z [36;1mpip install .[0m
build (3.12)	Install dependencies	2026-02-19T22:11:48.1544981Z shell: /usr/bin/bash -e {0}
build (3.12)	Install dependencies	2026-02-19T22:11:48.1546393Z env:
build (3.12)	Install dependencies	2026-02-19T22:11:48.1547554Z   pythonLocation: /opt/hostedtoolcache/Python/3.12.12/x64
build (3.12)	Install dependencies	2026-02-19T22:11:48.1549222Z   LD_LIBRARY_PATH: /opt/hostedtoolcache/Python/3.12.12/x64/lib
build (3.12)	Install dependencies	2026-02-19T22:11:48.1550488Z ##[endgroup]
build (3.12)	Install dependencies	2026-02-19T22:11:50.1655958Z Requirement already satisfied: pip in /opt/hostedtoolcache/Python/3.12.12/x64/lib/python3.12/site-packages (26.0)
build (3.12)	Install dependencies	2026-02-19T22:11:50.3120496Z Collecting pip
build (3.12)	Install dependencies	2026-02-19T22:11:50.3892958Z   Downloading pip-26.0.1-py3-none-any.whl.metadata (4.7 kB)
build (3.12)	Install dependencies	2026-02-19T22:11:50.4057403Z Downloading pip-26.0.1-py3-none-any.whl (1.8 MB)
build (3.12)	Install dependencies	2026-02-19T22:11:50.5828951Z    ΓöüΓöüΓöüΓöüΓöüΓöüΓöüΓöüΓöüΓöüΓöüΓöüΓöüΓöüΓöüΓöüΓöüΓöüΓöüΓöüΓöüΓöüΓöüΓöüΓöüΓöüΓöüΓöüΓöüΓöüΓöüΓöüΓöüΓöüΓöüΓöüΓöüΓöüΓöüΓöü 1.8/1.8 MB 11.7 MB/s  0:00:00
build (3.12)	Install dependencies	2026-02-19T22:11:50.6078945Z Installing collected packages: pip
build (3.12)	Install dependencies	2026-02-19T22:11:50.6080183Z   Attempting uninstall: pip
build (3.12)	Install dependencies	2026-02-19T22:11:50.6099937Z     Found existing installation: pip 26.0
build (3.12)	Install dependencies	2026-02-19T22:11:50.6739632Z     Uninstalling pip-26.0:
build (3.12)	Install dependencies	2026-02-19T22:11:50.6804485Z       Successfully uninstalled pip-26.0
build (3.12)	Install dependencies	2026-02-19T22:11:51.5721183Z Successfully installed pip-26.0.1
build (3.12)	Install dependencies	2026-02-19T22:11:52.1716924Z Collecting build
build (3.12)	Install dependencies	2026-02-19T22:11:52.2582771Z   Downloading build-1.4.0-py3-none-any.whl.metadata (5.8 kB)
build (3.12)	Install dependencies	2026-02-19T22:11:52.2967986Z Collecting twine
build (3.12)	Install dependencies	2026-02-19T22:11:52.3110693Z   Downloading twine-6.2.0-py3-none-any.whl.metadata (3.6 kB)
build (3.12)	Install dependencies	2026-02-19T22:11:52.7001143Z Collecting ruff
build (3.12)	Install dependencies	2026-02-19T22:11:52.7144194Z   Downloading ruff-0.15.1-py3-none-manylinux_2_17_x86_64.manylinux2014_x86_64.whl.metadata (26 kB)
build (3.12)	Install dependencies	2026-02-19T22:11:52.7658199Z Collecting pytest
build (3.12)	Install dependencies	2026-02-19T22:11:52.7798721Z   Downloading pytest-9.0.2-py3-none-any.whl.metadata (7.6 kB)
build (3.12)	Install dependencies	2026-02-19T22:11:52.8061469Z Collecting pytest-cov
build (3.12)	Install dependencies	2026-02-19T22:11:52.8200584Z   Downloading pytest_cov-7.0.0-py3-none-any.whl.metadata (31 kB)
build (3.12)	Install dependencies	2026-02-19T22:11:52.8510179Z Collecting packaging>=24.0 (from build)
build (3.12)	Install dependencies	2026-02-19T22:11:52.8646295Z   Downloading packaging-26.0-py3-none-any.whl.metadata (3.3 kB)
build (3.12)	Install dependencies	2026-02-19T22:11:52.8877032Z Collecting pyproject_hooks (from build)
build (3.12)	Install dependencies	2026-02-19T22:11:52.9016317Z   Downloading pyproject_hooks-1.2.0-py3-none-any.whl.metadata (1.3 kB)
build (3.12)	Install dependencies	2026-02-19T22:11:52.9288215Z Collecting readme-renderer>=35.0 (from twine)
build (3.12)	Install dependencies	2026-02-19T22:11:52.9429643Z   Downloading readme_renderer-44.0-py3-none-any.whl.metadata (2.8 kB)
build (3.12)	Install dependencies	2026-02-19T22:11:52.9746049Z Collecting requests>=2.20 (from twine)
build (3.12)	Install dependencies	2026-02-19T22:11:52.9899284Z   Downloading requests-2.32.5-py3-none-any.whl.metadata (4.9 kB)
build (3.12)	Install dependencies	2026-02-19T22:11:53.0147400Z Collecting requests-toolbelt!=0.9.0,>=0.8.0 (from twine)
build (3.12)	Install dependencies	2026-02-19T22:11:53.0284888Z   Downloading requests_toolbelt-1.0.0-py2.py3-none-any.whl.metadata (14 kB)
build (3.12)	Install dependencies	2026-02-19T22:11:53.0607924Z Collecting urllib3>=1.26.0 (from twine)
build (3.12)	Install dependencies	2026-02-19T22:11:53.0750401Z   Downloading urllib3-2.6.3-py3-none-any.whl.metadata (6.9 kB)
build (3.12)	Install dependencies	2026-02-19T22:11:53.1131867Z Collecting keyring>=21.2.0 (from twine)
build (3.12)	Install dependencies	2026-02-19T22:11:53.1270197Z   Downloading keyring-25.7.0-py3-none-any.whl.metadata (21 kB)
build (3.12)	Install dependencies	2026-02-19T22:11:53.1532453Z Collecting rfc3986>=1.4.0 (from twine)
build (3.12)	Install dependencies	2026-02-19T22:11:53.1670451Z   Downloading rfc3986-2.0.0-py2.py3-none-any.whl.metadata (6.6 kB)
build (3.12)	Install dependencies	2026-02-19T22:11:53.2083921Z Collecting rich>=12.0.0 (from twine)
build (3.12)	Install dependencies	2026-02-19T22:11:53.2221155Z   Downloading rich-14.3.3-py3-none-any.whl.metadata (18 kB)
build (3.12)	Install dependencies	2026-02-19T22:11:53.2492583Z Collecting id (from twine)
build (3.12)	Install dependencies	2026-02-19T22:11:53.2627735Z   Downloading id-1.6.1-py3-none-any.whl.metadata (5.1 kB)
build (3.12)	Install dependencies	2026-02-19T22:11:53.2868257Z Collecting iniconfig>=1.0.1 (from pytest)
build (3.12)	Install dependencies	2026-02-19T22:11:53.3011183Z   Downloading iniconfig-2.3.0-py3-none-any.whl.metadata (2.5 kB)
build (3.12)	Install dependencies	2026-02-19T22:11:53.3248348Z Collecting pluggy<2,>=1.5 (from pytest)
build (3.12)	Install dependencies	2026-02-19T22:11:53.3382970Z   Downloading pluggy-1.6.0-py3-none-any.whl.metadata (4.8 kB)
build (3.12)	Install dependencies	2026-02-19T22:11:53.3719555Z Collecting pygments>=2.7.2 (from pytest)
build (3.12)	Install dependencies	2026-02-19T22:11:53.3854548Z   Downloading pygments-2.19.2-py3-none-any.whl.metadata (2.5 kB)
build (3.12)	Install dependencies	2026-02-19T22:11:53.7649986Z Collecting coverage>=7.10.6 (from coverage[toml]>=7.10.6->pytest-cov)
build (3.12)	Install dependencies	2026-02-19T22:11:53.7788392Z   Downloading coverage-7.13.4-cp312-cp312-manylinux1_x86_64.manylinux_2_28_x86_64.manylinux_2_5_x86_64.whl.metadata (8.5 kB)
build (3.12)	Install dependencies	2026-02-19T22:11:53.8066545Z Collecting SecretStorage>=3.2 (from keyring>=21.2.0->twine)
build (3.12)	Install dependencies	2026-02-19T22:11:53.8202655Z   Downloading secretstorage-3.5.0-py3-none-any.whl.metadata (4.0 kB)
build (3.12)	Install dependencies	2026-02-19T22:11:53.8426845Z Collecting jeepney>=0.4.2 (from keyring>=21.2.0->twine)
build (3.12)	Install dependencies	2026-02-19T22:11:53.8565606Z   Downloading jeepney-0.9.0-py3-none-any.whl.metadata (1.2 kB)
build (3.12)	Install dependencies	2026-02-19T22:11:53.8805352Z Collecting jaraco.classes (from keyring>=21.2.0->twine)
build (3.12)	Install dependencies	2026-02-19T22:11:53.8959144Z   Downloading jaraco.classes-3.4.0-py3-none-any.whl.metadata (2.6 kB)
build (3.12)	Install dependencies	2026-02-19T22:11:53.9223737Z Collecting jaraco.functools (from keyring>=21.2.0->twine)
build (3.12)	Install dependencies	2026-02-19T22:11:53.9362259Z   Downloading jaraco_functools-4.4.0-py3-none-any.whl.metadata (3.0 kB)
build (3.12)	Install dependencies	2026-02-19T22:11:53.9598452Z Collecting jaraco.context (from keyring>=21.2.0->twine)
build (3.12)	Install dependencies	2026-02-19T22:11:53.9735171Z   Downloading jaraco_context-6.1.0-py3-none-any.whl.metadata (4.3 kB)
build (3.12)	Install dependencies	2026-02-19T22:11:54.0220994Z Collecting nh3>=0.2.14 (from readme-renderer>=35.0->twine)
build (3.12)	Install dependencies	2026-02-19T22:11:54.0362242Z   Downloading nh3-0.3.3-cp38-abi3-manylinux_2_17_x86_64.manylinux2014_x86_64.whl.metadata (2.0 kB)
build (3.12)	Install dependencies	2026-02-19T22:11:54.0619766Z Collecting docutils>=0.21.2 (from readme-renderer>=35.0->twine)
build (3.12)	Install dependencies	2026-02-19T22:11:54.0756359Z   Downloading docutils-0.22.4-py3-none-any.whl.metadata (15 kB)
build (3.12)	Install dependencies	2026-02-19T22:11:54.1634602Z Collecting charset_normalizer<4,>=2 (from requests>=2.20->twine)
build (3.12)	Install dependencies	2026-02-19T22:11:54.1775346Z   Downloading charset_normalizer-3.4.4-cp312-cp312-manylinux2014_x86_64.manylinux_2_17_x86_64.manylinux_2_28_x86_64.whl.metadata (37 kB)
build (3.12)	Install dependencies	2026-02-19T22:11:54.2070985Z Collecting idna<4,>=2.5 (from requests>=2.20->twine)
build (3.12)	Install dependencies	2026-02-19T22:11:54.2209082Z   Downloading idna-3.11-py3-none-any.whl.metadata (8.4 kB)
build (3.12)	Install dependencies	2026-02-19T22:11:54.2535543Z Collecting certifi>=2017.4.17 (from requests>=2.20->twine)
build (3.12)	Install dependencies	2026-02-19T22:11:54.2679963Z   Downloading certifi-2026.1.4-py3-none-any.whl.metadata (2.5 kB)
build (3.12)	Install dependencies	2026-02-19T22:11:54.3002497Z Collecting markdown-it-py>=2.2.0 (from rich>=12.0.0->twine)
build (3.12)	Install dependencies	2026-02-19T22:11:54.3139510Z   Downloading markdown_it_py-4.0.0-py3-none-any.whl.metadata (7.3 kB)
build (3.12)	Install dependencies	2026-02-19T22:11:54.3391737Z Collecting mdurl~=0.1 (from markdown-it-py>=2.2.0->rich>=12.0.0->twine)
build (3.12)	Install dependencies	2026-02-19T22:11:54.3547693Z   Downloading mdurl-0.1.2-py3-none-any.whl.metadata (1.6 kB)
build (3.12)	Install dependencies	2026-02-19T22:11:54.5346847Z Collecting cryptography>=2.0 (from SecretStorage>=3.2->keyring>=21.2.0->twine)
build (3.12)	Install dependencies	2026-02-19T22:11:54.5485173Z   Downloading cryptography-46.0.5-cp311-abi3-manylinux_2_34_x86_64.whl.metadata (5.7 kB)
build (3.12)	Install dependencies	2026-02-19T22:11:54.6575981Z Collecting cffi>=2.0.0 (from cryptography>=2.0->SecretStorage>=3.2->keyring>=21.2.0->twine)
build (3.12)	Install dependencies	2026-02-19T22:11:54.6715741Z   Downloading cffi-2.0.0-cp312-cp312-manylinux2014_x86_64.manylinux_2_17_x86_64.whl.metadata (2.6 kB)
build (3.12)	Install dependencies	2026-02-19T22:11:54.6945166Z Collecting pycparser (from cffi>=2.0.0->cryptography>=2.0->SecretStorage>=3.2->keyring>=21.2.0->twine)
build (3.12)	Install dependencies	2026-02-19T22:11:54.7082424Z   Downloading pycparser-3.0-py3-none-any.whl.metadata (8.2 kB)
build (3.12)	Install dependencies	2026-02-19T22:11:54.7396486Z Collecting more-itertools (from jaraco.classes->keyring>=21.2.0->twine)
build (3.12)	Install dependencies	2026-02-19T22:11:54.7553464Z   Downloading more_itertools-10.8.0-py3-none-any.whl.metadata (39 kB)
build (3.12)	Install dependencies	2026-02-19T22:11:54.7788689Z Downloading build-1.4.0-py3-none-any.whl (24 kB)
build (3.12)	Install dependencies	2026-02-19T22:11:54.7950636Z Downloading twine-6.2.0-py3-none-any.whl (42 kB)
build (3.12)	Install dependencies	2026-02-19T22:11:54.8126793Z Downloading ruff-0.15.1-py3-none-manylinux_2_17_x86_64.manylinux2014_x86_64.whl (11.1 MB)
build (3.12)	Install dependencies	2026-02-19T22:11:54.9171016Z    ΓöüΓöüΓöüΓöüΓöüΓöüΓöüΓöüΓöüΓöüΓöüΓöüΓöüΓöüΓöüΓöüΓöüΓöüΓöüΓöüΓöüΓöüΓöüΓöüΓöüΓöüΓöüΓöüΓöüΓöüΓöüΓöüΓöüΓöüΓöüΓöüΓöüΓöüΓöüΓöü 11.1/11.1 MB 127.4 MB/s  0:00:00
build (3.12)	Install dependencies	2026-02-19T22:11:54.9342622Z Downloading pytest-9.0.2-py3-none-any.whl (374 kB)
build (3.12)	Install dependencies	2026-02-19T22:11:54.9516845Z Downloading pluggy-1.6.0-py3-none-any.whl (20 kB)
build (3.12)	Install dependencies	2026-02-19T22:11:54.9676384Z Downloading pytest_cov-7.0.0-py3-none-any.whl (22 kB)
build (3.12)	Install dependencies	2026-02-19T22:11:54.9840104Z Downloading coverage-7.13.4-cp312-cp312-manylinux1_x86_64.manylinux_2_28_x86_64.manylinux_2_5_x86_64.whl (254 kB)
build (3.12)	Install dependencies	2026-02-19T22:11:55.0004061Z Downloading iniconfig-2.3.0-py3-none-any.whl (7.5 kB)
build (3.12)	Install dependencies	2026-02-19T22:11:55.0160955Z Downloading keyring-25.7.0-py3-none-any.whl (39 kB)
build (3.12)	Install dependencies	2026-02-19T22:11:55.0319271Z Downloading jeepney-0.9.0-py3-none-any.whl (49 kB)
build (3.12)	Install dependencies	2026-02-19T22:11:55.0491456Z Downloading packaging-26.0-py3-none-any.whl (74 kB)
build (3.12)	Install dependencies	2026-02-19T22:11:55.0654448Z Downloading pygments-2.19.2-py3-none-any.whl (1.2 MB)
build (3.12)	Install dependencies	2026-02-19T22:11:55.0757155Z    ΓöüΓöüΓöüΓöüΓöüΓöüΓöüΓöüΓöüΓöüΓöüΓöüΓöüΓöüΓöüΓöüΓöüΓöüΓöüΓöüΓöüΓöüΓöüΓöüΓöüΓöüΓöüΓöüΓöüΓöüΓöüΓöüΓöüΓöüΓöüΓöüΓöüΓöüΓöüΓöü 1.2/1.2 MB 132.9 MB/s  0:00:00
build (3.12)	Install dependencies	2026-02-19T22:11:55.0891492Z Downloading readme_renderer-44.0-py3-none-any.whl (13 kB)
build (3.12)	Install dependencies	2026-02-19T22:11:55.1053669Z Downloading docutils-0.22.4-py3-none-any.whl (633 kB)
build (3.12)	Install dependencies	2026-02-19T22:11:55.1120325Z    ΓöüΓöüΓöüΓöüΓöüΓöüΓöüΓöüΓöüΓöüΓöüΓöüΓöüΓöüΓöüΓöüΓöüΓöüΓöüΓöüΓöüΓöüΓöüΓöüΓöüΓöüΓöüΓöüΓöüΓöüΓöüΓöüΓöüΓöüΓöüΓöüΓöüΓöüΓöüΓöü 633.2/633.2 kB 92.9 MB/s  0:00:00
build (3.12)	Install dependencies	2026-02-19T22:11:55.1264419Z Downloading nh3-0.3.3-cp38-abi3-manylinux_2_17_x86_64.manylinux2014_x86_64.whl (811 kB)
build (3.12)	Install dependencies	2026-02-19T22:11:55.1335775Z    ΓöüΓöüΓöüΓöüΓöüΓöüΓöüΓöüΓöüΓöüΓöüΓöüΓöüΓöüΓöüΓöüΓöüΓöüΓöüΓöüΓöüΓöüΓöüΓöüΓöüΓöüΓöüΓöüΓöüΓöüΓöüΓöüΓöüΓöüΓöüΓöüΓöüΓöüΓöüΓöü 811.5/811.5 kB 118.7 MB/s  0:00:00
build (3.12)	Install dependencies	2026-02-19T22:11:55.1476900Z Downloading requests-2.32.5-py3-none-any.whl (64 kB)
build (3.12)	Install dependencies	2026-02-19T22:11:55.1639007Z Downloading charset_normalizer-3.4.4-cp312-cp312-manylinux2014_x86_64.manylinux_2_17_x86_64.manylinux_2_28_x86_64.whl (153 kB)
build (3.12)	Install dependencies	2026-02-19T22:11:55.1801680Z Downloading idna-3.11-py3-none-any.whl (71 kB)
build (3.12)	Install dependencies	2026-02-19T22:11:55.1989157Z Downloading urllib3-2.6.3-py3-none-any.whl (131 kB)
build (3.12)	Install dependencies	2026-02-19T22:11:55.2165590Z Downloading certifi-2026.1.4-py3-none-any.whl (152 kB)
build (3.12)	Install dependencies	2026-02-19T22:11:55.2345982Z Downloading requests_toolbelt-1.0.0-py2.py3-none-any.whl (54 kB)
build (3.12)	Install dependencies	2026-02-19T22:11:55.2505379Z Downloading rfc3986-2.0.0-py2.py3-none-any.whl (31 kB)
build (3.12)	Install dependencies	2026-02-19T22:11:55.2671451Z Downloading rich-14.3.3-py3-none-any.whl (310 kB)
build (3.12)	Install dependencies	2026-02-19T22:11:55.2849433Z Downloading markdown_it_py-4.0.0-py3-none-any.whl (87 kB)
build (3.12)	Install dependencies	2026-02-19T22:11:55.3005540Z Downloading mdurl-0.1.2-py3-none-any.whl (10.0 kB)
build (3.12)	Install dependencies	2026-02-19T22:11:55.3161720Z Downloading secretstorage-3.5.0-py3-none-any.whl (15 kB)
build (3.12)	Install dependencies	2026-02-19T22:11:55.3321759Z Downloading cryptography-46.0.5-cp311-abi3-manylinux_2_34_x86_64.whl (4.5 MB)
build (3.12)	Install dependencies	2026-02-19T22:11:55.3564657Z    ΓöüΓöüΓöüΓöüΓöüΓöüΓöüΓöüΓöüΓöüΓöüΓöüΓöüΓöüΓöüΓöüΓöüΓöüΓöüΓöüΓöüΓöüΓöüΓöüΓöüΓöüΓöüΓöüΓöüΓöüΓöüΓöüΓöüΓöüΓöüΓöüΓöüΓöüΓöüΓöü 4.5/4.5 MB 211.3 MB/s  0:00:00
build (3.12)	Install dependencies	2026-02-19T22:11:55.3701177Z Downloading cffi-2.0.0-cp312-cp312-manylinux2014_x86_64.manylinux_2_17_x86_64.whl (219 kB)
build (3.12)	Install dependencies	2026-02-19T22:11:55.3868856Z Downloading id-1.6.1-py3-none-any.whl (14 kB)
build (3.12)	Install dependencies	2026-02-19T22:11:55.4026617Z Downloading jaraco.classes-3.4.0-py3-none-any.whl (6.8 kB)
build (3.12)	Install dependencies	2026-02-19T22:11:55.4186623Z Downloading jaraco_context-6.1.0-py3-none-any.whl (7.1 kB)
build (3.12)	Install dependencies	2026-02-19T22:11:55.4342677Z Downloading jaraco_functools-4.4.0-py3-none-any.whl (10 kB)
build (3.12)	Install dependencies	2026-02-19T22:11:55.4502906Z Downloading more_itertools-10.8.0-py3-none-any.whl (69 kB)
build (3.12)	Install dependencies	2026-02-19T22:11:55.4661039Z Downloading pycparser-3.0-py3-none-any.whl (48 kB)
build (3.12)	Install dependencies	2026-02-19T22:11:55.4821035Z Downloading pyproject_hooks-1.2.0-py3-none-any.whl (10 kB)
build (3.12)	Install dependencies	2026-02-19T22:11:55.5812044Z Installing collected packages: urllib3, ruff, rfc3986, pyproject_hooks, pygments, pycparser, pluggy, packaging, nh3, more-itertools, mdurl, jeepney, jaraco.context, iniconfig, idna, docutils, coverage, charset_normalizer, certifi, requests, readme-renderer, pytest, markdown-it-py, jaraco.functools, jaraco.classes, id, cffi, build, rich, requests-toolbelt, pytest-cov, cryptography, SecretStorage, keyring, twine
build (3.12)	Install dependencies	2026-02-19T22:11:58.3292254Z 
build (3.12)	Install dependencies	2026-02-19T22:11:58.3327395Z Successfully installed SecretStorage-3.5.0 build-1.4.0 certifi-2026.1.4 cffi-2.0.0 charset_normalizer-3.4.4 coverage-7.13.4 cryptography-46.0.5 docutils-0.22.4 id-1.6.1 idna-3.11 iniconfig-2.3.0 jaraco.classes-3.4.0 jaraco.context-6.1.0 jaraco.functools-4.4.0 jeepney-0.9.0 keyring-25.7.0 markdown-it-py-4.0.0 mdurl-0.1.2 more-itertools-10.8.0 nh3-0.3.3 packaging-26.0 pluggy-1.6.0 pycparser-3.0 pygments-2.19.2 pyproject_hooks-1.2.0 pytest-9.0.2 pytest-cov-7.0.0 readme-renderer-44.0 requests-2.32.5 requests-toolbelt-1.0.0 rfc3986-2.0.0 rich-14.3.3 ruff-0.15.1 twine-6.2.0 urllib3-2.6.3
build (3.12)	Install dependencies	2026-02-19T22:11:58.8832173Z Processing ./.
build (3.12)	Install dependencies	2026-02-19T22:11:58.8851172Z   Installing build dependencies: started
build (3.12)	Install dependencies	2026-02-19T22:11:59.9004610Z   Installing build dependencies: finished with status 'done'
build (3.12)	Install dependencies	2026-02-19T22:11:59.9010610Z   Getting requirements to build wheel: started
build (3.12)	Install dependencies	2026-02-19T22:12:00.4164009Z   Getting requirements to build wheel: finished with status 'done'
build (3.12)	Install dependencies	2026-02-19T22:12:00.4173428Z   Preparing metadata (pyproject.toml): started
build (3.12)	Install dependencies	2026-02-19T22:12:00.6094030Z   Preparing metadata (pyproject.toml): finished with status 'done'
build (3.12)	Install dependencies	2026-02-19T22:12:00.7464710Z Collecting anthropic>=0.25.0 (from aria-runtime==0.1.0)
build (3.12)	Install dependencies	2026-02-19T22:12:00.8325393Z   Downloading anthropic-0.83.0-py3-none-any.whl.metadata (28 kB)
build (3.12)	Install dependencies	2026-02-19T22:12:00.8739871Z Collecting click>=8.1.7 (from aria-runtime==0.1.0)
build (3.12)	Install dependencies	2026-02-19T22:12:00.8878067Z   Downloading click-8.3.1-py3-none-any.whl.metadata (2.6 kB)
build (3.12)	Install dependencies	2026-02-19T22:12:00.9184475Z Collecting httpx>=0.27.0 (from aria-runtime==0.1.0)
build (3.12)	Install dependencies	2026-02-19T22:12:00.9325277Z   Downloading httpx-0.28.1-py3-none-any.whl.metadata (7.1 kB)
build (3.12)	Install dependencies	2026-02-19T22:12:00.9667155Z Collecting anyio<5,>=3.5.0 (from anthropic>=0.25.0->aria-runtime==0.1.0)
build (3.12)	Install dependencies	2026-02-19T22:12:00.9818525Z   Downloading anyio-4.12.1-py3-none-any.whl.metadata (4.3 kB)
build (3.12)	Install dependencies	2026-02-19T22:12:01.0065590Z Collecting distro<2,>=1.7.0 (from anthropic>=0.25.0->aria-runtime==0.1.0)
build (3.12)	Install dependencies	2026-02-19T22:12:01.0204940Z   Downloading distro-1.9.0-py3-none-any.whl.metadata (6.8 kB)
build (3.12)	Install dependencies	2026-02-19T22:12:01.0451509Z Collecting docstring-parser<1,>=0.15 (from anthropic>=0.25.0->aria-runtime==0.1.0)
build (3.12)	Install dependencies	2026-02-19T22:12:01.0587548Z   Downloading docstring_parser-0.17.0-py3-none-any.whl.metadata (3.5 kB)
build (3.12)	Install dependencies	2026-02-19T22:12:01.1674716Z Collecting jiter<1,>=0.4.0 (from anthropic>=0.25.0->aria-runtime==0.1.0)
build (3.12)	Install dependencies	2026-02-19T22:12:01.1814236Z   Downloading jiter-0.13.0-cp312-cp312-manylinux_2_17_x86_64.manylinux2014_x86_64.whl.metadata (5.2 kB)
build (3.12)	Install dependencies	2026-02-19T22:12:01.3427825Z Collecting pydantic<3,>=1.9.0 (from anthropic>=0.25.0->aria-runtime==0.1.0)
build (3.12)	Install dependencies	2026-02-19T22:12:01.3567361Z   Downloading pydantic-2.12.5-py3-none-any.whl.metadata (90 kB)
build (3.12)	Install dependencies	2026-02-19T22:12:01.3940356Z Collecting sniffio (from anthropic>=0.25.0->aria-runtime==0.1.0)
build (3.12)	Install dependencies	2026-02-19T22:12:01.4077162Z   Downloading sniffio-1.3.1-py3-none-any.whl.metadata (3.9 kB)
build (3.12)	Install dependencies	2026-02-19T22:12:01.4358663Z Collecting typing-extensions<5,>=4.10 (from anthropic>=0.25.0->aria-runtime==0.1.0)
build (3.12)	Install dependencies	2026-02-19T22:12:01.4494655Z   Downloading typing_extensions-4.15.0-py3-none-any.whl.metadata (3.3 kB)
build (3.12)	Install dependencies	2026-02-19T22:12:01.4540042Z Requirement already satisfied: idna>=2.8 in /opt/hostedtoolcache/Python/3.12.12/x64/lib/python3.12/site-packages (from anyio<5,>=3.5.0->anthropic>=0.25.0->aria-runtime==0.1.0) (3.11)
build (3.12)	Install dependencies	2026-02-19T22:12:01.4568868Z Requirement already satisfied: certifi in /opt/hostedtoolcache/Python/3.12.12/x64/lib/python3.12/site-packages (from httpx>=0.27.0->aria-runtime==0.1.0) (2026.1.4)
build (3.12)	Install dependencies	2026-02-19T22:12:01.4831313Z Collecting httpcore==1.* (from httpx>=0.27.0->aria-runtime==0.1.0)
build (3.12)	Install dependencies	2026-02-19T22:12:01.4972277Z   Downloading httpcore-1.0.9-py3-none-any.whl.metadata (21 kB)
build (3.12)	Install dependencies	2026-02-19T22:12:01.5238688Z Collecting h11>=0.16 (from httpcore==1.*->httpx>=0.27.0->aria-runtime==0.1.0)
build (3.12)	Install dependencies	2026-02-19T22:12:01.5374149Z   Downloading h11-0.16.0-py3-none-any.whl.metadata (8.3 kB)
build (3.12)	Install dependencies	2026-02-19T22:12:01.5603560Z Collecting annotated-types>=0.6.0 (from pydantic<3,>=1.9.0->anthropic>=0.25.0->aria-runtime==0.1.0)
build (3.12)	Install dependencies	2026-02-19T22:12:01.5737471Z   Downloading annotated_types-0.7.0-py3-none-any.whl.metadata (15 kB)
build (3.12)	Install dependencies	2026-02-19T22:12:02.3185495Z Collecting pydantic-core==2.41.5 (from pydantic<3,>=1.9.0->anthropic>=0.25.0->aria-runtime==0.1.0)
build (3.12)	Install dependencies	2026-02-19T22:12:02.3326033Z   Downloading pydantic_core-2.41.5-cp312-cp312-manylinux_2_17_x86_64.manylinux2014_x86_64.whl.metadata (7.3 kB)
build (3.12)	Install dependencies	2026-02-19T22:12:02.3564435Z Collecting typing-inspection>=0.4.2 (from pydantic<3,>=1.9.0->anthropic>=0.25.0->aria-runtime==0.1.0)
build (3.12)	Install dependencies	2026-02-19T22:12:02.3701752Z   Downloading typing_inspection-0.4.2-py3-none-any.whl.metadata (2.6 kB)
build (3.12)	Install dependencies	2026-02-19T22:12:02.3923740Z Downloading anthropic-0.83.0-py3-none-any.whl (456 kB)
build (3.12)	Install dependencies	2026-02-19T22:12:02.4265681Z Downloading anyio-4.12.1-py3-none-any.whl (113 kB)
build (3.12)	Install dependencies	2026-02-19T22:12:02.4425446Z Downloading distro-1.9.0-py3-none-any.whl (20 kB)
build (3.12)	Install dependencies	2026-02-19T22:12:02.4585129Z Downloading docstring_parser-0.17.0-py3-none-any.whl (36 kB)
build (3.12)	Install dependencies	2026-02-19T22:12:02.4742871Z Downloading httpx-0.28.1-py3-none-any.whl (73 kB)
build (3.12)	Install dependencies	2026-02-19T22:12:02.4905720Z Downloading httpcore-1.0.9-py3-none-any.whl (78 kB)
build (3.12)	Install dependencies	2026-02-19T22:12:02.5065207Z Downloading jiter-0.13.0-cp312-cp312-manylinux_2_17_x86_64.manylinux2014_x86_64.whl (360 kB)
build (3.12)	Install dependencies	2026-02-19T22:12:02.5254255Z Downloading pydantic-2.12.5-py3-none-any.whl (463 kB)
build (3.12)	Install dependencies	2026-02-19T22:12:02.5446041Z Downloading pydantic_core-2.41.5-cp312-cp312-manylinux_2_17_x86_64.manylinux2014_x86_64.whl (2.1 MB)
build (3.12)	Install dependencies	2026-02-19T22:12:02.5689262Z    ΓöüΓöüΓöüΓöüΓöüΓöüΓöüΓöüΓöüΓöüΓöüΓöüΓöüΓöüΓöüΓöüΓöüΓöüΓöüΓöüΓöüΓöüΓöüΓöüΓöüΓöüΓöüΓöüΓöüΓöüΓöüΓöüΓöüΓöüΓöüΓöüΓöüΓöüΓöüΓöü 2.1/2.1 MB 86.2 MB/s  0:00:00
build (3.12)	Install dependencies	2026-02-19T22:12:02.5832951Z Downloading typing_extensions-4.15.0-py3-none-any.whl (44 kB)
build (3.12)	Install dependencies	2026-02-19T22:12:02.5989216Z Downloading annotated_types-0.7.0-py3-none-any.whl (13 kB)
build (3.12)	Install dependencies	2026-02-19T22:12:02.6145714Z Downloading click-8.3.1-py3-none-any.whl (108 kB)
build (3.12)	Install dependencies	2026-02-19T22:12:02.6305710Z Downloading h11-0.16.0-py3-none-any.whl (37 kB)
build (3.12)	Install dependencies	2026-02-19T22:12:02.6460874Z Downloading typing_inspection-0.4.2-py3-none-any.whl (14 kB)
build (3.12)	Install dependencies	2026-02-19T22:12:02.6617134Z Downloading sniffio-1.3.1-py3-none-any.whl (10 kB)
build (3.12)	Install dependencies	2026-02-19T22:12:02.6825312Z Building wheels for collected packages: aria-runtime
build (3.12)	Install dependencies	2026-02-19T22:12:02.6833773Z   Building wheel for aria-runtime (pyproject.toml): started
build (3.12)	Install dependencies	2026-02-19T22:12:02.9180896Z   Building wheel for aria-runtime (pyproject.toml): finished with status 'done'
build (3.12)	Install dependencies	2026-02-19T22:12:02.9188186Z   Created wheel for aria-runtime: filename=aria_runtime-0.1.0-py3-none-any.whl size=41050 sha256=f388cc6a42fa88c16d64c3a7c1db6a32c12f863543fb69de70561c08f0a5e307
build (3.12)	Install dependencies	2026-02-19T22:12:02.9190258Z   Stored in directory: /home/runner/.cache/pip/wheels/33/da/70/6466ff1f01b46cd86476b674eacaeca519d6774f178420c1e2
build (3.12)	Install dependencies	2026-02-19T22:12:02.9212651Z Successfully built aria-runtime
build (3.12)	Install dependencies	2026-02-19T22:12:02.9743182Z Installing collected packages: typing-extensions, sniffio, jiter, h11, docstring-parser, distro, click, annotated-types, typing-inspection, pydantic-core, httpcore, anyio, pydantic, httpx, anthropic, aria-runtime
build (3.12)	Install dependencies	2026-02-19T22:12:04.1114862Z 
build (3.12)	Install dependencies	2026-02-19T22:12:04.1158132Z Successfully installed annotated-types-0.7.0 anthropic-0.83.0 anyio-4.12.1 aria-runtime-0.1.0 click-8.3.1 distro-1.9.0 docstring-parser-0.17.0 h11-0.16.0 httpcore-1.0.9 httpx-0.28.1 jiter-0.13.0 pydantic-2.12.5 pydantic-core-2.41.5 sniffio-1.3.1 typing-extensions-4.15.0 typing-inspection-0.4.2
build (3.12)	Lint with ruff	∩╗┐2026-02-19T22:12:04.2810612Z ##[group]Run # stop the build if there are Python syntax errors or undefined names
build (3.12)	Lint with ruff	2026-02-19T22:12:04.2811197Z [36;1m# stop the build if there are Python syntax errors or undefined names[0m
build (3.12)	Lint with ruff	2026-02-19T22:12:04.2811676Z [36;1mruff check --select=E9,F63,F7,F82 --target-version=py311 .[0m
build (3.12)	Lint with ruff	2026-02-19T22:12:04.2812062Z [36;1m# exit-zero treats all errors as warnings.[0m
build (3.12)	Lint with ruff	2026-02-19T22:12:04.2812426Z [36;1mruff check --target-version=py311 --exit-zero .[0m
build (3.12)	Lint with ruff	2026-02-19T22:12:04.2846436Z shell: /usr/bin/bash -e {0}
build (3.12)	Lint with ruff	2026-02-19T22:12:04.2846681Z env:
build (3.12)	Lint with ruff	2026-02-19T22:12:04.2846938Z   pythonLocation: /opt/hostedtoolcache/Python/3.12.12/x64
build (3.12)	Lint with ruff	2026-02-19T22:12:04.2847354Z   LD_LIBRARY_PATH: /opt/hostedtoolcache/Python/3.12.12/x64/lib
build (3.12)	Lint with ruff	2026-02-19T22:12:04.2847667Z ##[endgroup]
build (3.12)	Lint with ruff	2026-02-19T22:12:04.3012195Z All checks passed!
build (3.12)	Lint with ruff	2026-02-19T22:12:04.3160696Z N817 CamelCase `ToolManifest` imported as acronym `TM`
build (3.12)	Lint with ruff	2026-02-19T22:12:04.3161346Z    --> aria/kernel/kernel.py:377:39
build (3.12)	Lint with ruff	2026-02-19T22:12:04.3161749Z     |
build (3.12)	Lint with ruff	2026-02-19T22:12:04.3162408Z 375 |         self, session_id: str, step_id: str, manifest: object, arguments: dict, tool_call_id: str
build (3.12)	Lint with ruff	2026-02-19T22:12:04.3163127Z 376 |     ) -> ToolResult:
build (3.12)	Lint with ruff	2026-02-19T22:12:04.3163570Z 377 |         from aria.models.types import ToolManifest as TM
build (3.12)	Lint with ruff	2026-02-19T22:12:04.3164164Z     |                                       ^^^^^^^^^^^^^^^^^^
build (3.12)	Lint with ruff	2026-02-19T22:12:04.3164981Z 378 |
build (3.12)	Lint with ruff	2026-02-19T22:12:04.3165305Z 379 |         assert isinstance(manifest, TM)
build (3.12)	Lint with ruff	2026-02-19T22:12:04.3165746Z     |
build (3.12)	Lint with ruff	2026-02-19T22:12:04.3165891Z 
build (3.12)	Lint with ruff	2026-02-19T22:12:04.3166539Z N818 Exception name `PromptInjectionWarning` should be named with an Error suffix
build (3.12)	Lint with ruff	2026-02-19T22:12:04.3167162Z   --> aria/models/errors.py:42:7
build (3.12)	Lint with ruff	2026-02-19T22:12:04.3167388Z    |
build (3.12)	Lint with ruff	2026-02-19T22:12:04.3167606Z 42 | class PromptInjectionWarning(ARIAError):
build (3.12)	Lint with ruff	2026-02-19T22:12:04.3167884Z    |       ^^^^^^^^^^^^^^^^^^^^^^
build (3.12)	Lint with ruff	2026-02-19T22:12:04.3168099Z 43 |     pass
build (3.12)	Lint with ruff	2026-02-19T22:12:04.3168264Z    |
build (3.12)	Lint with ruff	2026-02-19T22:12:04.3168352Z 
build (3.12)	Lint with ruff	2026-02-19T22:12:04.3168639Z F401 `httpx` imported but unused; consider using `importlib.util.find_spec` to test for availability
build (3.12)	Lint with ruff	2026-02-19T22:12:04.3169166Z   --> aria/models/providers/anthropic_provider.py:50:24
build (3.12)	Lint with ruff	2026-02-19T22:12:04.3169450Z    |
build (3.12)	Lint with ruff	2026-02-19T22:12:04.3169605Z 48 |             try:
build (3.12)	Lint with ruff	2026-02-19T22:12:04.3169796Z 49 |                 import anthropic
build (3.12)	Lint with ruff	2026-02-19T22:12:04.3170054Z 50 |                 import httpx
build (3.12)	Lint with ruff	2026-02-19T22:12:04.3170357Z    |                        ^^^^^
build (3.12)	Lint with ruff	2026-02-19T22:12:04.3170578Z 51 |             except ImportError as exc:
build (3.12)	Lint with ruff	2026-02-19T22:12:04.3170836Z 52 |                 raise ImportError(
build (3.12)	Lint with ruff	2026-02-19T22:12:04.3171050Z    |
build (3.12)	Lint with ruff	2026-02-19T22:12:04.3171223Z help: Remove unused import: `httpx`
build (3.12)	Lint with ruff	2026-02-19T22:12:04.3171382Z 
build (3.12)	Lint with ruff	2026-02-19T22:12:04.3171526Z UP042 Class CBState inherits from both `str` and `enum.Enum`
build (3.12)	Lint with ruff	2026-02-19T22:12:04.3171878Z   --> aria/models/providers/circuit_breaker.py:11:7
build (3.12)	Lint with ruff	2026-02-19T22:12:04.3172141Z    |
build (3.12)	Lint with ruff	2026-02-19T22:12:04.3172297Z 11 | class CBState(str, Enum):
build (3.12)	Lint with ruff	2026-02-19T22:12:04.3172503Z    |       ^^^^^^^
build (3.12)	Lint with ruff	2026-02-19T22:12:04.3172679Z 12 |     CLOSED = "CLOSED"
build (3.12)	Lint with ruff	2026-02-19T22:12:04.3172875Z 13 |     OPEN = "OPEN"
build (3.12)	Lint with ruff	2026-02-19T22:12:04.3173046Z    |
build (3.12)	Lint with ruff	2026-02-19T22:12:04.3173218Z help: Inherit from `enum.StrEnum`
build (3.12)	Lint with ruff	2026-02-19T22:12:04.3173382Z 
build (3.12)	Lint with ruff	2026-02-19T22:12:04.3173458Z E501 Line too long (116 > 100)
build (3.12)	Lint with ruff	2026-02-19T22:12:04.3173713Z   --> aria/models/providers/ollama_provider.py:42:101
build (3.12)	Lint with ruff	2026-02-19T22:12:04.3173984Z    |
build (3.12)	Lint with ruff	2026-02-19T22:12:04.3174135Z 40 |             role = m.role.value
build (3.12)	Lint with ruff	2026-02-19T22:12:04.3174367Z 41 |             if role == "tool":
build (3.12)	Lint with ruff	2026-02-19T22:12:04.3174889Z 42 |                 # Ollama's chat API typically expects tool results as system or user messages depending on the model
build (3.12)	Lint with ruff	2026-02-19T22:12:04.3175818Z    |                                                                                                     ^^^^^^^^^^^^^^^^
build (3.12)	Lint with ruff	2026-02-19T22:12:04.3176705Z 43 |                 # mapping to user for generic compatibility
build (3.12)	Lint with ruff	2026-02-19T22:12:04.3177197Z 44 |                 role = "user"
build (3.12)	Lint with ruff	2026-02-19T22:12:04.3177933Z    |
build (3.12)	Lint with ruff	2026-02-19T22:12:04.3178072Z 
build (3.12)	Lint with ruff	2026-02-19T22:12:04.3178198Z E501 Line too long (112 > 100)
build (3.12)	Lint with ruff	2026-02-19T22:12:04.3178842Z   --> aria/models/providers/ollama_provider.py:65:101
build (3.12)	Lint with ruff	2026-02-19T22:12:04.3179308Z    |
build (3.12)	Lint with ruff	2026-02-19T22:12:04.3179556Z 63 |         }
build (3.12)	Lint with ruff	2026-02-19T22:12:04.3179770Z 64 |
build (3.12)	Lint with ruff	2026-02-19T22:12:04.3180158Z 65 |         # Add tool definitions if tools are present and model supports function calling (e.g. llama3.1, mistral)
build (3.12)	Lint with ruff	2026-02-19T22:12:04.3180712Z    |                                                                                                     ^^^^^^^^^^^^
build (3.12)	Lint with ruff	2026-02-19T22:12:04.3181307Z 66 |         # Note: tinyllama v1.1 doesn't support native tool calling well, but we pass it effectively as text if needed.
build (3.12)	Lint with ruff	2026-02-19T22:12:04.3181952Z 67 |         # For now, we omit 'tools' key in the payload for tinyllama unless we know it supports it,
build (3.12)	Lint with ruff	2026-02-19T22:12:04.3182337Z    |
build (3.12)	Lint with ruff	2026-02-19T22:12:04.3182428Z 
build (3.12)	Lint with ruff	2026-02-19T22:12:04.3182509Z E501 Line too long (118 > 100)
build (3.12)	Lint with ruff	2026-02-19T22:12:04.3182779Z   --> aria/models/providers/ollama_provider.py:66:101
build (3.12)	Lint with ruff	2026-02-19T22:12:04.3183082Z    |
build (3.12)	Lint with ruff	2026-02-19T22:12:04.3183465Z 65 |         # Add tool definitions if tools are present and model supports function calling (e.g. llama3.1, mistral)
build (3.12)	Lint with ruff	2026-02-19T22:12:04.3184190Z 66 |         # Note: tinyllama v1.1 doesn't support native tool calling well, but we pass it effectively as text if needed.
build (3.12)	Lint with ruff	2026-02-19T22:12:04.3184943Z    |                                                                                                     ^^^^^^^^^^^^^^^^^^
build (3.12)	Lint with ruff	2026-02-19T22:12:04.3185430Z 67 |         # For now, we omit 'tools' key in the payload for tinyllama unless we know it supports it,
build (3.12)	Lint with ruff	2026-02-19T22:12:04.3185871Z 68 |         # or we implement strict JSON enforcing.
build (3.12)	Lint with ruff	2026-02-19T22:12:04.3186341Z    |
build (3.12)	Lint with ruff	2026-02-19T22:12:04.3186441Z 
build (3.12)	Lint with ruff	2026-02-19T22:12:04.3186521Z E501 Line too long (197 > 100)
build (3.12)	Lint with ruff	2026-02-19T22:12:04.3186798Z   --> aria/models/providers/ollama_provider.py:80:101
build (3.12)	Lint with ruff	2026-02-19T22:12:04.3187074Z    |
build (3.12)	Lint with ruff	2026-02-19T22:12:04.3187395Z 78 | ΓÇª
build (3.12)	Lint with ruff	2026-02-19T22:12:04.3187557Z 79 | ΓÇª
build (3.12)	Lint with ruff	2026-02-19T22:12:04.3188185Z 80 | ΓÇªuse a tool, respond with: {{"tool": "name", "arguments": {{...}} }}\nIf answering directly, just provide the text.'
build (3.12)	Lint with ruff	2026-02-19T22:12:04.3188729Z    |                    ^^^^^^^^^^^^^^^^^^^^^^^^^^^^^^^^^^^^^^^^^^^^^^^^^^^^^^^^^^^^^^^^^^^^^^^^^^^^^^^^^^^^^^^^^^^^^^^^^
build (3.12)	Lint with ruff	2026-02-19T22:12:04.3189070Z 81 | ΓÇª
build (3.12)	Lint with ruff	2026-02-19T22:12:04.3189216Z 82 | ΓÇª
build (3.12)	Lint with ruff	2026-02-19T22:12:04.3189363Z    |
build (3.12)	Lint with ruff	2026-02-19T22:12:04.3189441Z 
build (3.12)	Lint with ruff	2026-02-19T22:12:04.3189608Z UP042 Class SessionStatus inherits from both `str` and `enum.Enum`
build (3.12)	Lint with ruff	2026-02-19T22:12:04.3189950Z   --> aria/models/types.py:20:7
build (3.12)	Lint with ruff	2026-02-19T22:12:04.3190159Z    |
build (3.12)	Lint with ruff	2026-02-19T22:12:04.3190316Z 20 | class SessionStatus(str, Enum):
build (3.12)	Lint with ruff	2026-02-19T22:12:04.3190549Z    |       ^^^^^^^^^^^^^
build (3.12)	Lint with ruff	2026-02-19T22:12:04.3190733Z 21 |     IDLE = "IDLE"
build (3.12)	Lint with ruff	2026-02-19T22:12:04.3190923Z 22 |     RUNNING = "RUNNING"
build (3.12)	Lint with ruff	2026-02-19T22:12:04.3191109Z    |
build (3.12)	Lint with ruff	2026-02-19T22:12:04.3191273Z help: Inherit from `enum.StrEnum`
build (3.12)	Lint with ruff	2026-02-19T22:12:04.3191435Z 
build (3.12)	Lint with ruff	2026-02-19T22:12:04.3191581Z UP042 Class StepType inherits from both `str` and `enum.Enum`
build (3.12)	Lint with ruff	2026-02-19T22:12:04.3191910Z   --> aria/models/types.py:29:7
build (3.12)	Lint with ruff	2026-02-19T22:12:04.3192119Z    |
build (3.12)	Lint with ruff	2026-02-19T22:12:04.3192273Z 29 | class StepType(str, Enum):
build (3.12)	Lint with ruff	2026-02-19T22:12:04.3192488Z    |       ^^^^^^^^
build (3.12)	Lint with ruff	2026-02-19T22:12:04.3192668Z 30 |     MODEL_CALL = "model_call"
build (3.12)	Lint with ruff	2026-02-19T22:12:04.3192900Z 31 |     TOOL_CALL = "tool_call"
build (3.12)	Lint with ruff	2026-02-19T22:12:04.3193101Z    |
build (3.12)	Lint with ruff	2026-02-19T22:12:04.3193259Z help: Inherit from `enum.StrEnum`
build (3.12)	Lint with ruff	2026-02-19T22:12:04.3193411Z 
build (3.12)	Lint with ruff	2026-02-19T22:12:04.3193565Z UP042 Class StepStatus inherits from both `str` and `enum.Enum`
build (3.12)	Lint with ruff	2026-02-19T22:12:04.3193888Z   --> aria/models/types.py:35:7
build (3.12)	Lint with ruff	2026-02-19T22:12:04.3194091Z    |
build (3.12)	Lint with ruff	2026-02-19T22:12:04.3194245Z 35 | class StepStatus(str, Enum):
build (3.12)	Lint with ruff	2026-02-19T22:12:04.3194456Z    |       ^^^^^^^^^^
build (3.12)	Lint with ruff	2026-02-19T22:12:04.3194632Z 36 |     STARTED = "started"
build (3.12)	Lint with ruff	2026-02-19T22:12:04.3194843Z 37 |     COMPLETED = "completed"
build (3.12)	Lint with ruff	2026-02-19T22:12:04.3195212Z    |
build (3.12)	Lint with ruff	2026-02-19T22:12:04.3195370Z help: Inherit from `enum.StrEnum`
build (3.12)	Lint with ruff	2026-02-19T22:12:04.3195519Z 
build (3.12)	Lint with ruff	2026-02-19T22:12:04.3195687Z UP042 Class ToolPermission inherits from both `str` and `enum.Enum`
build (3.12)	Lint with ruff	2026-02-19T22:12:04.3196020Z   --> aria/models/types.py:41:7
build (3.12)	Lint with ruff	2026-02-19T22:12:04.3196470Z    |
build (3.12)	Lint with ruff	2026-02-19T22:12:04.3196644Z 41 | class ToolPermission(str, Enum):
build (3.12)	Lint with ruff	2026-02-19T22:12:04.3196889Z    |       ^^^^^^^^^^^^^^
build (3.12)	Lint with ruff	2026-02-19T22:12:04.3197074Z 42 |     NONE = "none"
build (3.12)	Lint with ruff	2026-02-19T22:12:04.3197266Z 43 |     FILESYSTEM_READ = "fs_read"
build (3.12)	Lint with ruff	2026-02-19T22:12:04.3197475Z    |
build (3.12)	Lint with ruff	2026-02-19T22:12:04.3197639Z help: Inherit from `enum.StrEnum`
build (3.12)	Lint with ruff	2026-02-19T22:12:04.3197788Z 
build (3.12)	Lint with ruff	2026-02-19T22:12:04.3197939Z UP042 Class ActionType inherits from both `str` and `enum.Enum`
build (3.12)	Lint with ruff	2026-02-19T22:12:04.3198253Z   --> aria/models/types.py:49:7
build (3.12)	Lint with ruff	2026-02-19T22:12:04.3198456Z    |
build (3.12)	Lint with ruff	2026-02-19T22:12:04.3198612Z 49 | class ActionType(str, Enum):
build (3.12)	Lint with ruff	2026-02-19T22:12:04.3198825Z    |       ^^^^^^^^^^
build (3.12)	Lint with ruff	2026-02-19T22:12:04.3199004Z 50 |     TOOL_CALL = "tool_call"
build (3.12)	Lint with ruff	2026-02-19T22:12:04.3199236Z 51 |     FINAL_ANSWER = "final_answer"
build (3.12)	Lint with ruff	2026-02-19T22:12:04.3199455Z    |
build (3.12)	Lint with ruff	2026-02-19T22:12:04.3199625Z help: Inherit from `enum.StrEnum`
build (3.12)	Lint with ruff	2026-02-19T22:12:04.3199777Z 
build (3.12)	Lint with ruff	2026-02-19T22:12:04.3199935Z UP042 Class MessageRole inherits from both `str` and `enum.Enum`
build (3.12)	Lint with ruff	2026-02-19T22:12:04.3200260Z   --> aria/models/types.py:54:7
build (3.12)	Lint with ruff	2026-02-19T22:12:04.3200597Z    |
build (3.12)	Lint with ruff	2026-02-19T22:12:04.3200753Z 54 | class MessageRole(str, Enum):
build (3.12)	Lint with ruff	2026-02-19T22:12:04.3200973Z    |       ^^^^^^^^^^^
build (3.12)	Lint with ruff	2026-02-19T22:12:04.3201153Z 55 |     SYSTEM = "system"
build (3.12)	Lint with ruff	2026-02-19T22:12:04.3201344Z 56 |     USER = "user"
build (3.12)	Lint with ruff	2026-02-19T22:12:04.3201513Z    |
build (3.12)	Lint with ruff	2026-02-19T22:12:04.3201673Z help: Inherit from `enum.StrEnum`
build (3.12)	Lint with ruff	2026-02-19T22:12:04.3201826Z 
build (3.12)	Lint with ruff	2026-02-19T22:12:04.3201972Z UP042 Class LogLevel inherits from both `str` and `enum.Enum`
build (3.12)	Lint with ruff	2026-02-19T22:12:04.3202284Z   --> aria/models/types.py:61:7
build (3.12)	Lint with ruff	2026-02-19T22:12:04.3202487Z    |
build (3.12)	Lint with ruff	2026-02-19T22:12:04.3202635Z 61 | class LogLevel(str, Enum):
build (3.12)	Lint with ruff	2026-02-19T22:12:04.3202836Z    |       ^^^^^^^^
build (3.12)	Lint with ruff	2026-02-19T22:12:04.3203011Z 62 |     DEBUG = "DEBUG"
build (3.12)	Lint with ruff	2026-02-19T22:12:04.3203198Z 63 |     INFO = "INFO"
build (3.12)	Lint with ruff	2026-02-19T22:12:04.3203362Z    |
build (3.12)	Lint with ruff	2026-02-19T22:12:04.3203523Z help: Inherit from `enum.StrEnum`
build (3.12)	Lint with ruff	2026-02-19T22:12:04.3203669Z 
build (3.12)	Lint with ruff	2026-02-19T22:12:04.3204089Z B904 Within an `except` clause, raise exceptions with `raise ... from err` or `raise ... from None` to distinguish them from errors in exception handling
build (3.12)	Lint with ruff	2026-02-19T22:12:04.3204685Z    --> aria/tools/sandbox.py:134:13
build (3.12)	Lint with ruff	2026-02-19T22:12:04.3204908Z     |
build (3.12)	Lint with ruff	2026-02-19T22:12:04.3205090Z 132 |             resolved = Path(value).resolve()
build (3.12)	Lint with ruff	2026-02-19T22:12:04.3205371Z 133 |         except (OSError, ValueError):
build (3.12)	Lint with ruff	2026-02-19T22:12:04.3205902Z 134 |             raise PathTraversalError(f"Path {value!r} could not be resolved ΓÇö rejecting as unsafe")
build (3.12)	Lint with ruff	2026-02-19T22:12:04.3206628Z     |             ^^^^^^^^^^^^^^^^^^^^^^^^^^^^^^^^^^^^^^^^^^^^^^^^^^^^^^^^^^^^^^^^^^^^^^^^^^^^^^^^^^^^^^^
build (3.12)	Lint with ruff	2026-02-19T22:12:04.3206932Z 135 |         if not any(
build (3.12)	Lint with ruff	2026-02-19T22:12:04.3207230Z 136 |             resolved == base or str(resolved).startswith(str(base) + os.sep)
build (3.12)	Lint with ruff	2026-02-19T22:12:04.3207560Z     |
build (3.12)	Lint with ruff	2026-02-19T22:12:04.3207642Z 
build (3.12)	Lint with ruff	2026-02-19T22:12:04.3208057Z B904 Within an `except` clause, raise exceptions with `raise ... from err` or `raise ... from None` to distinguish them from errors in exception handling
build (3.12)	Lint with ruff	2026-02-19T22:12:04.3208654Z    --> aria/tools/sandbox.py:205:9
build (3.12)	Lint with ruff	2026-02-19T22:12:04.3208869Z     |
build (3.12)	Lint with ruff	2026-02-19T22:12:04.3209077Z 203 |           ms = int((time.monotonic() - started) * 1000)
build (3.12)	Lint with ruff	2026-02-19T22:12:04.3209513Z 204 |           _log.error("sandbox timeout", extra={"tool": manifest.name, "elapsed_ms": ms})
build (3.12)	Lint with ruff	2026-02-19T22:12:04.3209906Z 205 | /         raise ToolTimeoutError(
build (3.12)	Lint with ruff	2026-02-19T22:12:04.3210277Z 206 | |             f"Tool {manifest.name!r} exceeded timeout of {manifest.timeout_seconds}s"
build (3.12)	Lint with ruff	2026-02-19T22:12:04.3210638Z 207 | |         )
build (3.12)	Lint with ruff	2026-02-19T22:12:04.3210801Z     | |_________^
build (3.12)	Lint with ruff	2026-02-19T22:12:04.3210954Z 208 |
build (3.12)	Lint with ruff	2026-02-19T22:12:04.3211154Z 209 |       ms = int((time.monotonic() - started) * 1000)
build (3.12)	Lint with ruff	2026-02-19T22:12:04.3211547Z     |
build (3.12)	Lint with ruff	2026-02-19T22:12:04.3211639Z 
build (3.12)	Lint with ruff	2026-02-19T22:12:04.3211734Z E402 Module level import not at top of file
build (3.12)	Lint with ruff	2026-02-19T22:12:04.3211995Z   --> tests/test_aria.py:42:1
build (3.12)	Lint with ruff	2026-02-19T22:12:04.3212193Z    |
build (3.12)	Lint with ruff	2026-02-19T22:12:04.3212353Z 40 | print("\n[Unit] FSM")
build (3.12)	Lint with ruff	2026-02-19T22:12:04.3212537Z 41 |
build (3.12)	Lint with ruff	2026-02-19T22:12:04.3212720Z 42 | from aria.kernel.fsm import SessionFSM
build (3.12)	Lint with ruff	2026-02-19T22:12:04.3212961Z    | ^^^^^^^^^^^^^^^^^^^^^^^^^^^^^^^^^^^^^^
build (3.12)	Lint with ruff	2026-02-19T22:12:04.3213269Z 43 | from aria.models.errors import InvalidStateTransitionError
build (3.12)	Lint with ruff	2026-02-19T22:12:04.3213618Z 44 | from aria.models.types import SessionStatus
build (3.12)	Lint with ruff	2026-02-19T22:12:04.3213873Z    |
build (3.12)	Lint with ruff	2026-02-19T22:12:04.3213954Z 
build (3.12)	Lint with ruff	2026-02-19T22:12:04.3214051Z E402 Module level import not at top of file
build (3.12)	Lint with ruff	2026-02-19T22:12:04.3214301Z   --> tests/test_aria.py:43:1
build (3.12)	Lint with ruff	2026-02-19T22:12:04.3214501Z    |
build (3.12)	Lint with ruff	2026-02-19T22:12:04.3214667Z 42 | from aria.kernel.fsm import SessionFSM
build (3.12)	Lint with ruff	2026-02-19T22:12:04.3214992Z 43 | from aria.models.errors import InvalidStateTransitionError
build (3.12)	Lint with ruff	2026-02-19T22:12:04.3215323Z    | ^^^^^^^^^^^^^^^^^^^^^^^^^^^^^^^^^^^^^^^^^^^^^^^^^^^^^^^^^^
build (3.12)	Lint with ruff	2026-02-19T22:12:04.3215607Z 44 | from aria.models.types import SessionStatus
build (3.12)	Lint with ruff	2026-02-19T22:12:04.3215852Z    |
build (3.12)	Lint with ruff	2026-02-19T22:12:04.3215940Z 
build (3.12)	Lint with ruff	2026-02-19T22:12:04.3216030Z E402 Module level import not at top of file
build (3.12)	Lint with ruff	2026-02-19T22:12:04.3216616Z   --> tests/test_aria.py:44:1
build (3.12)	Lint with ruff	2026-02-19T22:12:04.3216816Z    |
build (3.12)	Lint with ruff	2026-02-19T22:12:04.3216994Z 42 | from aria.kernel.fsm import SessionFSM
build (3.12)	Lint with ruff	2026-02-19T22:12:04.3217313Z 43 | from aria.models.errors import InvalidStateTransitionError
build (3.12)	Lint with ruff	2026-02-19T22:12:04.3217657Z 44 | from aria.models.types import SessionStatus
build (3.12)	Lint with ruff	2026-02-19T22:12:04.3217915Z    | ^^^^^^^^^^^^^^^^^^^^^^^^^^^^^^^^^^^^^^^^^^^
build (3.12)	Lint with ruff	2026-02-19T22:12:04.3218138Z    |
build (3.12)	Lint with ruff	2026-02-19T22:12:04.3218219Z 
build (3.12)	Lint with ruff	2026-02-19T22:12:04.3218314Z E402 Module level import not at top of file
build (3.12)	Lint with ruff	2026-02-19T22:12:04.3218563Z    --> tests/test_aria.py:100:1
build (3.12)	Lint with ruff	2026-02-19T22:12:04.3218763Z     |
build (3.12)	Lint with ruff	2026-02-19T22:12:04.3218954Z  98 | print("\n[Unit] ToolManifest Validation")
build (3.12)	Lint with ruff	2026-02-19T22:12:04.3219203Z  99 |
build (3.12)	Lint with ruff	2026-02-19T22:12:04.3219438Z 100 | from aria.models.types import ToolManifest, ToolPermission
build (3.12)	Lint with ruff	2026-02-19T22:12:04.3219786Z     | ^^^^^^^^^^^^^^^^^^^^^^^^^^^^^^^^^^^^^^^^^^^^^^^^^^^^^^^^^^
build (3.12)	Lint with ruff	2026-02-19T22:12:04.3220028Z     |
build (3.12)	Lint with ruff	2026-02-19T22:12:04.3220117Z 
build (3.12)	Lint with ruff	2026-02-19T22:12:04.3220215Z E402 Module level import not at top of file
build (3.12)	Lint with ruff	2026-02-19T22:12:04.3220471Z    --> tests/test_aria.py:173:1
build (3.12)	Lint with ruff	2026-02-19T22:12:04.3220666Z     |
build (3.12)	Lint with ruff	2026-02-19T22:12:04.3220838Z 171 | print("\n[Unit] Secrets Scrubber")
build (3.12)	Lint with ruff	2026-02-19T22:12:04.3221066Z 172 |
build (3.12)	Lint with ruff	2026-02-19T22:12:04.3221370Z 173 | from aria.security.scrubber import scan_for_injection, scrub_record, scrub_value
build (3.12)	Lint with ruff	2026-02-19T22:12:04.3221799Z     | ^^^^^^^^^^^^^^^^^^^^^^^^^^^^^^^^^^^^^^^^^^^^^^^^^^^^^^^^^^^^^^^^^^^^^^^^^^^^^^^^
build (3.12)	Lint with ruff	2026-02-19T22:12:04.3222072Z     |
build (3.12)	Lint with ruff	2026-02-19T22:12:04.3222155Z 
build (3.12)	Lint with ruff	2026-02-19T22:12:04.3222249Z E402 Module level import not at top of file
build (3.12)	Lint with ruff	2026-02-19T22:12:04.3222507Z    --> tests/test_aria.py:206:1
build (3.12)	Lint with ruff	2026-02-19T22:12:04.3222717Z     |
build (3.12)	Lint with ruff	2026-02-19T22:12:04.3222876Z 204 | print("\n[Unit] Circuit Breaker")
build (3.12)	Lint with ruff	2026-02-19T22:12:04.3223100Z 205 |
build (3.12)	Lint with ruff	2026-02-19T22:12:04.3223322Z 206 | from aria.models.errors import CircuitBreakerOpenError
build (3.12)	Lint with ruff	2026-02-19T22:12:04.3223646Z     | ^^^^^^^^^^^^^^^^^^^^^^^^^^^^^^^^^^^^^^^^^^^^^^^^^^^^^^
build (3.12)	Lint with ruff	2026-02-19T22:12:04.3224028Z 207 | from aria.models.providers.circuit_breaker import CBState, CircuitBreaker
build (3.12)	Lint with ruff	2026-02-19T22:12:04.3224392Z     |
build (3.12)	Lint with ruff	2026-02-19T22:12:04.3224473Z 
build (3.12)	Lint with ruff	2026-02-19T22:12:04.3224565Z E402 Module level import not at top of file
build (3.12)	Lint with ruff	2026-02-19T22:12:04.3224822Z    --> tests/test_aria.py:207:1
build (3.12)	Lint with ruff	2026-02-19T22:12:04.3225037Z     |
build (3.12)	Lint with ruff	2026-02-19T22:12:04.3225262Z 206 | from aria.models.errors import CircuitBreakerOpenError
build (3.12)	Lint with ruff	2026-02-19T22:12:04.3225686Z 207 | from aria.models.providers.circuit_breaker import CBState, CircuitBreaker
build (3.12)	Lint with ruff	2026-02-19T22:12:04.3226346Z     | ^^^^^^^^^^^^^^^^^^^^^^^^^^^^^^^^^^^^^^^^^^^^^^^^^^^^^^^^^^^^^^^^^^^^^^^^^
build (3.12)	Lint with ruff	2026-02-19T22:12:04.3226623Z     |
build (3.12)	Lint with ruff	2026-02-19T22:12:04.3226845Z 
build (3.12)	Lint with ruff	2026-02-19T22:12:04.3226943Z E402 Module level import not at top of file
build (3.12)	Lint with ruff	2026-02-19T22:12:04.3227208Z    --> tests/test_aria.py:259:1
build (3.12)	Lint with ruff	2026-02-19T22:12:04.3227409Z     |
build (3.12)	Lint with ruff	2026-02-19T22:12:04.3227573Z 257 | print("\n[Unit] SQLite Memory")
build (3.12)	Lint with ruff	2026-02-19T22:12:04.3227793Z 258 |
build (3.12)	Lint with ruff	2026-02-19T22:12:04.3227991Z 259 | from aria.memory.sqlite import SQLiteStorage
build (3.12)	Lint with ruff	2026-02-19T22:12:04.3228275Z     | ^^^^^^^^^^^^^^^^^^^^^^^^^^^^^^^^^^^^^^^^^^^^
build (3.12)	Lint with ruff	2026-02-19T22:12:04.3228529Z 260 | from aria.models.types import (
build (3.12)	Lint with ruff	2026-02-19T22:12:04.3228755Z 261 |     AuditEvent,
build (3.12)	Lint with ruff	2026-02-19T22:12:04.3228929Z     |
build (3.12)	Lint with ruff	2026-02-19T22:12:04.3229009Z 
build (3.12)	Lint with ruff	2026-02-19T22:12:04.3229099Z E402 Module level import not at top of file
build (3.12)	Lint with ruff	2026-02-19T22:12:04.3229355Z    --> tests/test_aria.py:260:1
build (3.12)	Lint with ruff	2026-02-19T22:12:04.3229561Z     |
build (3.12)	Lint with ruff	2026-02-19T22:12:04.3229754Z 259 |   from aria.memory.sqlite import SQLiteStorage
build (3.12)	Lint with ruff	2026-02-19T22:12:04.3230042Z 260 | / from aria.models.types import (
build (3.12)	Lint with ruff	2026-02-19T22:12:04.3230274Z 261 | |     AuditEvent,
build (3.12)	Lint with ruff	2026-02-19T22:12:04.3230469Z 262 | |     KernelConfig,
build (3.12)	Lint with ruff	2026-02-19T22:12:04.3230655Z 263 | |     LogLevel,
build (3.12)	Lint with ruff	2026-02-19T22:12:04.3230834Z 264 | |     Message,
build (3.12)	Lint with ruff	2026-02-19T22:12:04.3231006Z 265 | |     MessageRole,
build (3.12)	Lint with ruff	2026-02-19T22:12:04.3231217Z 266 | | )
build (3.12)	Lint with ruff	2026-02-19T22:12:04.3231359Z     | |_^
build (3.12)	Lint with ruff	2026-02-19T22:12:04.3231532Z 267 |   from aria.models.types import (
build (3.12)	Lint with ruff	2026-02-19T22:12:04.3231915Z 268 |       SessionStatus as SS,
build (3.12)	Lint with ruff	2026-02-19T22:12:04.3232114Z     |
build (3.12)	Lint with ruff	2026-02-19T22:12:04.3232198Z 
build (3.12)	Lint with ruff	2026-02-19T22:12:04.3232295Z E402 Module level import not at top of file
build (3.12)	Lint with ruff	2026-02-19T22:12:04.3232545Z    --> tests/test_aria.py:267:1
build (3.12)	Lint with ruff	2026-02-19T22:12:04.3232746Z     |
build (3.12)	Lint with ruff	2026-02-19T22:12:04.3232894Z 265 |       MessageRole,
build (3.12)	Lint with ruff	2026-02-19T22:12:04.3233079Z 266 |   )
build (3.12)	Lint with ruff	2026-02-19T22:12:04.3233247Z 267 | / from aria.models.types import (
build (3.12)	Lint with ruff	2026-02-19T22:12:04.3233489Z 268 | |     SessionStatus as SS,
build (3.12)	Lint with ruff	2026-02-19T22:12:04.3233692Z 269 | | )
build (3.12)	Lint with ruff	2026-02-19T22:12:04.3233833Z     | |_^
build (3.12)	Lint with ruff	2026-02-19T22:12:04.3233976Z     |
build (3.12)	Lint with ruff	2026-02-19T22:12:04.3234057Z 
build (3.12)	Lint with ruff	2026-02-19T22:12:04.3234189Z N817 CamelCase `SessionStatus` imported as acronym `SS`
build (3.12)	Lint with ruff	2026-02-19T22:12:04.3234482Z    --> tests/test_aria.py:268:5
build (3.12)	Lint with ruff	2026-02-19T22:12:04.3234675Z     |
build (3.12)	Lint with ruff	2026-02-19T22:12:04.3234817Z 266 | )
build (3.12)	Lint with ruff	2026-02-19T22:12:04.3234980Z 267 | from aria.models.types import (
build (3.12)	Lint with ruff	2026-02-19T22:12:04.3235225Z 268 |     SessionStatus as SS,
build (3.12)	Lint with ruff	2026-02-19T22:12:04.3235439Z     |     ^^^^^^^^^^^^^^^^^^^
build (3.12)	Lint with ruff	2026-02-19T22:12:04.3235631Z 269 | )
build (3.12)	Lint with ruff	2026-02-19T22:12:04.3235775Z     |
build (3.12)	Lint with ruff	2026-02-19T22:12:04.3235861Z 
build (3.12)	Lint with ruff	2026-02-19T22:12:04.3235953Z E402 Module level import not at top of file
build (3.12)	Lint with ruff	2026-02-19T22:12:04.3236430Z    --> tests/test_aria.py:354:1
build (3.12)	Lint with ruff	2026-02-19T22:12:04.3236632Z     |
build (3.12)	Lint with ruff	2026-02-19T22:12:04.3236834Z 352 | print("\n[Unit] Path Traversal Prevention")
build (3.12)	Lint with ruff	2026-02-19T22:12:04.3237088Z 353 |
build (3.12)	Lint with ruff	2026-02-19T22:12:04.3237301Z 354 | from aria.models.errors import PathTraversalError
build (3.12)	Lint with ruff	2026-02-19T22:12:04.3237596Z     | ^^^^^^^^^^^^^^^^^^^^^^^^^^^^^^^^^^^^^^^^^^^^^^^^^
build (3.12)	Lint with ruff	2026-02-19T22:12:04.3237876Z 355 | from aria.tools.sandbox import validate_paths
build (3.12)	Lint with ruff	2026-02-19T22:12:04.3238142Z     |
build (3.12)	Lint with ruff	2026-02-19T22:12:04.3238223Z 
build (3.12)	Lint with ruff	2026-02-19T22:12:04.3238314Z E402 Module level import not at top of file
build (3.12)	Lint with ruff	2026-02-19T22:12:04.3238570Z    --> tests/test_aria.py:355:1
build (3.12)	Lint with ruff	2026-02-19T22:12:04.3238769Z     |
build (3.12)	Lint with ruff	2026-02-19T22:12:04.3238976Z 354 | from aria.models.errors import PathTraversalError
build (3.12)	Lint with ruff	2026-02-19T22:12:04.3239293Z 355 | from aria.tools.sandbox import validate_paths
build (3.12)	Lint with ruff	2026-02-19T22:12:04.3239567Z     | ^^^^^^^^^^^^^^^^^^^^^^^^^^^^^^^^^^^^^^^^^^^^^
build (3.12)	Lint with ruff	2026-02-19T22:12:04.3239795Z     |
build (3.12)	Lint with ruff	2026-02-19T22:12:04.3239877Z 
build (3.12)	Lint with ruff	2026-02-19T22:12:04.3239965Z E402 Module level import not at top of file
build (3.12)	Lint with ruff	2026-02-19T22:12:04.3240231Z    --> tests/test_aria.py:421:1
build (3.12)	Lint with ruff	2026-02-19T22:12:04.3240427Z     |
build (3.12)	Lint with ruff	2026-02-19T22:12:04.3240610Z 419 | print("\n[Integration] Kernel Execution")
build (3.12)	Lint with ruff	2026-02-19T22:12:04.3240855Z 420 |
build (3.12)	Lint with ruff	2026-02-19T22:12:04.3241026Z 421 | from unittest.mock import MagicMock
build (3.12)	Lint with ruff	2026-02-19T22:12:04.3241264Z     | ^^^^^^^^^^^^^^^^^^^^^^^^^^^^^^^^^^^
build (3.12)	Lint with ruff	2026-02-19T22:12:04.3241479Z 422 |
build (3.12)	Lint with ruff	2026-02-19T22:12:04.3241807Z 423 | from aria.kernel.kernel import AgentKernel
build (3.12)	Lint with ruff	2026-02-19T22:12:04.3242054Z     |
build (3.12)	Lint with ruff	2026-02-19T22:12:04.3242136Z 
build (3.12)	Lint with ruff	2026-02-19T22:12:04.3242234Z E402 Module level import not at top of file
build (3.12)	Lint with ruff	2026-02-19T22:12:04.3242475Z    --> tests/test_aria.py:423:1
build (3.12)	Lint with ruff	2026-02-19T22:12:04.3242680Z     |
build (3.12)	Lint with ruff	2026-02-19T22:12:04.3242842Z 421 | from unittest.mock import MagicMock
build (3.12)	Lint with ruff	2026-02-19T22:12:04.3243076Z 422 |
build (3.12)	Lint with ruff	2026-02-19T22:12:04.3243253Z 423 | from aria.kernel.kernel import AgentKernel
build (3.12)	Lint with ruff	2026-02-19T22:12:04.3243517Z     | ^^^^^^^^^^^^^^^^^^^^^^^^^^^^^^^^^^^^^^^^^^
build (3.12)	Lint with ruff	2026-02-19T22:12:04.3243827Z 424 | from aria.models.errors import ModelProviderExhaustedError
build (3.12)	Lint with ruff	2026-02-19T22:12:04.3244175Z 425 | from aria.models.router import ModelRouter
build (3.12)	Lint with ruff	2026-02-19T22:12:04.3244418Z     |
build (3.12)	Lint with ruff	2026-02-19T22:12:04.3244498Z 
build (3.12)	Lint with ruff	2026-02-19T22:12:04.3244587Z E402 Module level import not at top of file
build (3.12)	Lint with ruff	2026-02-19T22:12:04.3244838Z    --> tests/test_aria.py:424:1
build (3.12)	Lint with ruff	2026-02-19T22:12:04.3245029Z     |
build (3.12)	Lint with ruff	2026-02-19T22:12:04.3245212Z 423 | from aria.kernel.kernel import AgentKernel
build (3.12)	Lint with ruff	2026-02-19T22:12:04.3245552Z 424 | from aria.models.errors import ModelProviderExhaustedError
build (3.12)	Lint with ruff	2026-02-19T22:12:04.3245890Z     | ^^^^^^^^^^^^^^^^^^^^^^^^^^^^^^^^^^^^^^^^^^^^^^^^^^^^^^^^^^
build (3.12)	Lint with ruff	2026-02-19T22:12:04.3246400Z 425 | from aria.models.router import ModelRouter
build (3.12)	Lint with ruff	2026-02-19T22:12:04.3246694Z 426 | from aria.models.types import (
build (3.12)	Lint with ruff	2026-02-19T22:12:04.3247041Z     |
build (3.12)	Lint with ruff	2026-02-19T22:12:04.3247123Z 
build (3.12)	Lint with ruff	2026-02-19T22:12:04.3247216Z E402 Module level import not at top of file
build (3.12)	Lint with ruff	2026-02-19T22:12:04.3247466Z    --> tests/test_aria.py:425:1
build (3.12)	Lint with ruff	2026-02-19T22:12:04.3247657Z     |
build (3.12)	Lint with ruff	2026-02-19T22:12:04.3247841Z 423 | from aria.kernel.kernel import AgentKernel
build (3.12)	Lint with ruff	2026-02-19T22:12:04.3248170Z 424 | from aria.models.errors import ModelProviderExhaustedError
build (3.12)	Lint with ruff	2026-02-19T22:12:04.3248514Z 425 | from aria.models.router import ModelRouter
build (3.12)	Lint with ruff	2026-02-19T22:12:04.3248776Z     | ^^^^^^^^^^^^^^^^^^^^^^^^^^^^^^^^^^^^^^^^^^
build (3.12)	Lint with ruff	2026-02-19T22:12:04.3249020Z 426 | from aria.models.types import (
build (3.12)	Lint with ruff	2026-02-19T22:12:04.3249252Z 427 |     ActionType,
build (3.12)	Lint with ruff	2026-02-19T22:12:04.3249428Z     |
build (3.12)	Lint with ruff	2026-02-19T22:12:04.3249515Z 
build (3.12)	Lint with ruff	2026-02-19T22:12:04.3249607Z E402 Module level import not at top of file
build (3.12)	Lint with ruff	2026-02-19T22:12:04.3249852Z    --> tests/test_aria.py:426:1
build (3.12)	Lint with ruff	2026-02-19T22:12:04.3250051Z     |
build (3.12)	Lint with ruff	2026-02-19T22:12:04.3250290Z 424 |   from aria.models.errors import ModelProviderExhaustedError
build (3.12)	Lint with ruff	2026-02-19T22:12:04.3250655Z 425 |   from aria.models.router import ModelRouter
build (3.12)	Lint with ruff	2026-02-19T22:12:04.3250934Z 426 | / from aria.models.types import (
build (3.12)	Lint with ruff	2026-02-19T22:12:04.3251164Z 427 | |     ActionType,
build (3.12)	Lint with ruff	2026-02-19T22:12:04.3251358Z 428 | |     RawModelResponse,
build (3.12)	Lint with ruff	2026-02-19T22:12:04.3251563Z 429 | |     SessionRequest,
build (3.12)	Lint with ruff	2026-02-19T22:12:04.3251769Z 430 | |     ToolCallRequest,
build (3.12)	Lint with ruff	2026-02-19T22:12:04.3251960Z 431 | |     new_id,
build (3.12)	Lint with ruff	2026-02-19T22:12:04.3252138Z 432 | |     sha256_str,
build (3.12)	Lint with ruff	2026-02-19T22:12:04.3252312Z 433 | | )
build (3.12)	Lint with ruff	2026-02-19T22:12:04.3252463Z     | |_^
build (3.12)	Lint with ruff	2026-02-19T22:12:04.3252662Z 434 |   from aria.tools.registry import ToolRegistry
build (3.12)	Lint with ruff	2026-02-19T22:12:04.3252928Z     |
build (3.12)	Lint with ruff	2026-02-19T22:12:04.3253015Z 
build (3.12)	Lint with ruff	2026-02-19T22:12:04.3253114Z E402 Module level import not at top of file
build (3.12)	Lint with ruff	2026-02-19T22:12:04.3253361Z    --> tests/test_aria.py:434:1
build (3.12)	Lint with ruff	2026-02-19T22:12:04.3253568Z     |
build (3.12)	Lint with ruff	2026-02-19T22:12:04.3253713Z 432 |     sha256_str,
build (3.12)	Lint with ruff	2026-02-19T22:12:04.3253886Z 433 | )
build (3.12)	Lint with ruff	2026-02-19T22:12:04.3254075Z 434 | from aria.tools.registry import ToolRegistry
build (3.12)	Lint with ruff	2026-02-19T22:12:04.3254358Z     | ^^^^^^^^^^^^^^^^^^^^^^^^^^^^^^^^^^^^^^^^^^^^
build (3.12)	Lint with ruff	2026-02-19T22:12:04.3254580Z     |
build (3.12)	Lint with ruff	2026-02-19T22:12:04.3254666Z 
build (3.12)	Lint with ruff	2026-02-19T22:12:04.3254757Z E402 Module level import not at top of file
build (3.12)	Lint with ruff	2026-02-19T22:12:04.3255007Z    --> tests/test_aria.py:590:1
build (3.12)	Lint with ruff	2026-02-19T22:12:04.3255202Z     |
build (3.12)	Lint with ruff	2026-02-19T22:12:04.3255401Z 588 | print("\n[Integration] Sandbox + Builtin Tools")
build (3.12)	Lint with ruff	2026-02-19T22:12:04.3255658Z 589 |
build (3.12)	Lint with ruff	2026-02-19T22:12:04.3255810Z 590 | import inspect
build (3.12)	Lint with ruff	2026-02-19T22:12:04.3255979Z     | ^^^^^^^^^^^^^^
build (3.12)	Lint with ruff	2026-02-19T22:12:04.3256396Z 591 |
build (3.12)	Lint with ruff	2026-02-19T22:12:04.3256610Z 592 | from aria.models.errors import ToolTimeoutError
build (3.12)	Lint with ruff	2026-02-19T22:12:04.3257018Z     |
build (3.12)	Lint with ruff	2026-02-19T22:12:04.3257103Z 
build (3.12)	Lint with ruff	2026-02-19T22:12:04.3257203Z E402 Module level import not at top of file
build (3.12)	Lint with ruff	2026-02-19T22:12:04.3257451Z    --> tests/test_aria.py:592:1
build (3.12)	Lint with ruff	2026-02-19T22:12:04.3257653Z     |
build (3.12)	Lint with ruff	2026-02-19T22:12:04.3257799Z 590 | import inspect
build (3.12)	Lint with ruff	2026-02-19T22:12:04.3257965Z 591 |
build (3.12)	Lint with ruff	2026-02-19T22:12:04.3258158Z 592 | from aria.models.errors import ToolTimeoutError
build (3.12)	Lint with ruff	2026-02-19T22:12:04.3258447Z     | ^^^^^^^^^^^^^^^^^^^^^^^^^^^^^^^^^^^^^^^^^^^^^^^
build (3.12)	Lint with ruff	2026-02-19T22:12:04.3258785Z 593 | from aria.tools.builtin.read_file import ToolPlugin as ReadFileTool
build (3.12)	Lint with ruff	2026-02-19T22:12:04.3259244Z 594 | from aria.tools.builtin.write_file import ToolPlugin as WriteFileTool
build (3.12)	Lint with ruff	2026-02-19T22:12:04.3259584Z     |
build (3.12)	Lint with ruff	2026-02-19T22:12:04.3259664Z 
build (3.12)	Lint with ruff	2026-02-19T22:12:04.3259754Z E402 Module level import not at top of file
build (3.12)	Lint with ruff	2026-02-19T22:12:04.3260002Z    --> tests/test_aria.py:593:1
build (3.12)	Lint with ruff	2026-02-19T22:12:04.3260198Z     |
build (3.12)	Lint with ruff	2026-02-19T22:12:04.3260393Z 592 | from aria.models.errors import ToolTimeoutError
build (3.12)	Lint with ruff	2026-02-19T22:12:04.3260767Z 593 | from aria.tools.builtin.read_file import ToolPlugin as ReadFileTool
build (3.12)	Lint with ruff	2026-02-19T22:12:04.3261138Z     | ^^^^^^^^^^^^^^^^^^^^^^^^^^^^^^^^^^^^^^^^^^^^^^^^^^^^^^^^^^^^^^^^^^^
build (3.12)	Lint with ruff	2026-02-19T22:12:04.3261503Z 594 | from aria.tools.builtin.write_file import ToolPlugin as WriteFileTool
build (3.12)	Lint with ruff	2026-02-19T22:12:04.3261902Z 595 | from aria.tools.sandbox import run_tool_sandboxed
build (3.12)	Lint with ruff	2026-02-19T22:12:04.3262293Z     |
build (3.12)	Lint with ruff	2026-02-19T22:12:04.3262378Z 
build (3.12)	Lint with ruff	2026-02-19T22:12:04.3262468Z E402 Module level import not at top of file
build (3.12)	Lint with ruff	2026-02-19T22:12:04.3262720Z    --> tests/test_aria.py:594:1
build (3.12)	Lint with ruff	2026-02-19T22:12:04.3262922Z     |
build (3.12)	Lint with ruff	2026-02-19T22:12:04.3263128Z 592 | from aria.models.errors import ToolTimeoutError
build (3.12)	Lint with ruff	2026-02-19T22:12:04.3263505Z 593 | from aria.tools.builtin.read_file import ToolPlugin as ReadFileTool
build (3.12)	Lint with ruff	2026-02-19T22:12:04.3263954Z 594 | from aria.tools.builtin.write_file import ToolPlugin as WriteFileTool
build (3.12)	Lint with ruff	2026-02-19T22:12:04.3264377Z     | ^^^^^^^^^^^^^^^^^^^^^^^^^^^^^^^^^^^^^^^^^^^^^^^^^^^^^^^^^^^^^^^^^^^^^
build (3.12)	Lint with ruff	2026-02-19T22:12:04.3264697Z 595 | from aria.tools.sandbox import run_tool_sandboxed
build (3.12)	Lint with ruff	2026-02-19T22:12:04.3264964Z     |
build (3.12)	Lint with ruff	2026-02-19T22:12:04.3265045Z 
build (3.12)	Lint with ruff	2026-02-19T22:12:04.3265136Z E402 Module level import not at top of file
build (3.12)	Lint with ruff	2026-02-19T22:12:04.3265391Z    --> tests/test_aria.py:595:1
build (3.12)	Lint with ruff	2026-02-19T22:12:04.3265589Z     |
build (3.12)	Lint with ruff	2026-02-19T22:12:04.3265845Z 593 | from aria.tools.builtin.read_file import ToolPlugin as ReadFileTool
build (3.12)	Lint with ruff	2026-02-19T22:12:04.3266496Z 594 | from aria.tools.builtin.write_file import ToolPlugin as WriteFileTool
build (3.12)	Lint with ruff	2026-02-19T22:12:04.3266900Z 595 | from aria.tools.sandbox import run_tool_sandboxed
build (3.12)	Lint with ruff	2026-02-19T22:12:04.3267191Z     | ^^^^^^^^^^^^^^^^^^^^^^^^^^^^^^^^^^^^^^^^^^^^^^^^^
build (3.12)	Lint with ruff	2026-02-19T22:12:04.3267415Z     |
build (3.12)	Lint with ruff	2026-02-19T22:12:04.3267504Z 
build (3.12)	Lint with ruff	2026-02-19T22:12:04.3267580Z E501 Line too long (144 > 100)
build (3.12)	Lint with ruff	2026-02-19T22:12:04.3267796Z    --> tests/test_aria.py:691:101
build (3.12)	Lint with ruff	2026-02-19T22:12:04.3268010Z     |
build (3.12)	Lint with ruff	2026-02-19T22:12:04.3268201Z 689 | ΓÇª
build (3.12)	Lint with ruff	2026-02-19T22:12:04.3268364Z 690 | ΓÇª
build (3.12)	Lint with ruff	2026-02-19T22:12:04.3268735Z 691 | ΓÇªmethod\n    def execute(d):\n        time.sleep(60)\n        return {'result':'done'}\n"
build (3.12)	Lint with ruff	2026-02-19T22:12:04.3269179Z     |                                              ^^^^^^^^^^^^^^^^^^^^^^^^^^^^^^^^^^^^^^^^^^^^
build (3.12)	Lint with ruff	2026-02-19T22:12:04.3269480Z 692 | ΓÇª
build (3.12)	Lint with ruff	2026-02-19T22:12:04.3269627Z 693 | ΓÇª
build (3.12)	Lint with ruff	2026-02-19T22:12:04.3269766Z     |
build (3.12)	Lint with ruff	2026-02-19T22:12:04.3269847Z 
build (3.12)	Lint with ruff	2026-02-19T22:12:04.3269932Z E501 Line too long (111 > 100)
build (3.12)	Lint with ruff	2026-02-19T22:12:04.3270156Z   --> tests/test_sandbox.py:31:101
build (3.12)	Lint with ruff	2026-02-19T22:12:04.3270368Z    |
build (3.12)	Lint with ruff	2026-02-19T22:12:04.3270525Z 29 |             name="read_file",
build (3.12)	Lint with ruff	2026-02-19T22:12:04.3270734Z 30 |             version="1.0.0",
build (3.12)	Lint with ruff	2026-02-19T22:12:04.3271170Z 31 |             description="Read text contents of a file. Returns content string. Only allowed paths accessible.",
build (3.12)	Lint with ruff	2026-02-19T22:12:04.3271705Z    |                                                                                                     ^^^^^^^^^^^
build (3.12)	Lint with ruff	2026-02-19T22:12:04.3272103Z 32 |             permissions=frozenset({ToolPermission.FILESYSTEM_READ}),
build (3.12)	Lint with ruff	2026-02-19T22:12:04.3272569Z 33 |             timeout_seconds=10,
build (3.12)	Lint with ruff	2026-02-19T22:12:04.3272777Z    |
build (3.12)	Lint with ruff	2026-02-19T22:12:04.3272862Z 
build (3.12)	Lint with ruff	2026-02-19T22:12:04.3272927Z Found 43 errors.
build (3.12)	Lint with ruff	2026-02-19T22:12:04.3273250Z No fixes available (8 hidden fixes can be enabled with the `--unsafe-fixes` option).
build (3.12)	Test with pytest	∩╗┐2026-02-19T22:12:04.3298883Z ##[group]Run python -m pytest
build (3.12)	Test with pytest	2026-02-19T22:12:04.3299182Z [36;1mpython -m pytest[0m
build (3.12)	Test with pytest	2026-02-19T22:12:04.3332121Z shell: /usr/bin/bash -e {0}
build (3.12)	Test with pytest	2026-02-19T22:12:04.3332355Z env:
build (3.12)	Test with pytest	2026-02-19T22:12:04.3332592Z   pythonLocation: /opt/hostedtoolcache/Python/3.12.12/x64
build (3.12)	Test with pytest	2026-02-19T22:12:04.3332975Z   LD_LIBRARY_PATH: /opt/hostedtoolcache/Python/3.12.12/x64/lib
build (3.12)	Test with pytest	2026-02-19T22:12:04.3333277Z ##[endgroup]
build (3.12)	Test with pytest	2026-02-19T22:12:07.5223866Z ============================= test session starts ==============================
build (3.12)	Test with pytest	2026-02-19T22:12:07.5224461Z platform linux -- Python 3.12.12, pytest-9.0.2, pluggy-1.6.0
build (3.12)	Test with pytest	2026-02-19T22:12:07.5224928Z rootdir: /home/runner/work/aria-runtime/aria-runtime
build (3.12)	Test with pytest	2026-02-19T22:12:07.5225297Z configfile: pyproject.toml
build (3.12)	Test with pytest	2026-02-19T22:12:07.5225562Z testpaths: tests
build (3.12)	Test with pytest	2026-02-19T22:12:07.5225805Z plugins: cov-7.0.0, anyio-4.12.1
build (3.12)	Test with pytest	2026-02-19T22:12:07.5226075Z collected 164 items
build (3.12)	Test with pytest	2026-02-19T22:12:07.5226622Z 
build (3.12)	Test with pytest	2026-02-19T22:12:07.5255437Z tests/test_aria.py E                                                     [  0%]
build (3.12)	Test with pytest	2026-02-19T22:12:07.9121915Z tests/test_builtin_tools.py ........                                     [  5%]
build (3.12)	Test with pytest	2026-02-19T22:12:08.3267684Z tests/test_circuit_breaker.py ...........                                [ 12%]
build (3.12)	Test with pytest	2026-02-19T22:12:08.3567022Z tests/test_core.py ............................                          [ 29%]
build (3.12)	Test with pytest	2026-02-19T22:12:08.3687294Z tests/test_fsm.py ...........                                            [ 35%]
build (3.12)	Test with pytest	2026-02-19T22:12:08.4536868Z tests/test_kernel.py .....F...                                           [ 41%]
build (3.12)	Test with pytest	2026-02-19T22:12:08.5298236Z tests/test_memory.py ............                                        [ 48%]
build (3.12)	Test with pytest	2026-02-19T22:12:08.5411532Z tests/test_router.py .......                                             [ 53%]
build (3.12)	Test with pytest	2026-02-19T22:12:09.6645655Z tests/test_sandbox.py ......                                             [ 56%]
build (3.12)	Test with pytest	2026-02-19T22:12:09.6853172Z tests/test_sandbox_validation.py ..............                          [ 65%]
build (3.12)	Test with pytest	2026-02-19T22:12:09.7086040Z tests/test_scrubber.py ......................                            [ 78%]
build (3.12)	Test with pytest	2026-02-19T22:12:09.7611176Z tests/test_security.py ....................                              [ 90%]
build (3.12)	Test with pytest	2026-02-19T22:12:09.9075536Z tests/test_types.py ...............
build (3.12)	Test with pytest	2026-02-19T22:12:09.9076445Z ERROR: Coverage failure: total of 60 is less than fail-under=80
build (3.12)	Test with pytest	2026-02-19T22:12:09.9553905Z                                                                          [100%]
build (3.12)	Test with pytest	2026-02-19T22:12:09.9554464Z 
build (3.12)	Test with pytest	2026-02-19T22:12:09.9554696Z ==================================== ERRORS ====================================
build (3.12)	Test with pytest	2026-02-19T22:12:09.9555383Z ____________________________ ERROR at setup of test ____________________________
build (3.12)	Test with pytest	2026-02-19T22:12:09.9556642Z file /home/runner/work/aria-runtime/aria-runtime/tests/test_aria.py, line 23
build (3.12)	Test with pytest	2026-02-19T22:12:09.9557343Z   def test(name: str):
build (3.12)	Test with pytest	2026-02-19T22:12:09.9557704Z E       fixture 'name' not found
build (3.12)	Test with pytest	2026-02-19T22:12:09.9560331Z >       available fixtures: anyio_backend, anyio_backend_name, anyio_backend_options, cache, capfd, capfdbinary, caplog, capsys, capsysbinary, capteesys, cov, doctest_namespace, free_tcp_port, free_tcp_port_factory, free_udp_port, free_udp_port_factory, monkeypatch, no_cover, pytestconfig, record_property, record_testsuite_property, record_xml_attribute, recwarn, subtests, test_config, tmp_db, tmp_path, tmp_path_factory, tmpdir, tmpdir_factory
build (3.12)	Test with pytest	2026-02-19T22:12:09.9562946Z >       use 'pytest --fixtures [testpath]' for help on them.
build (3.12)	Test with pytest	2026-02-19T22:12:09.9563300Z 
build (3.12)	Test with pytest	2026-02-19T22:12:09.9563556Z /home/runner/work/aria-runtime/aria-runtime/tests/test_aria.py:23
build (3.12)	Test with pytest	2026-02-19T22:12:09.9564128Z =================================== FAILURES ===================================
build (3.12)	Test with pytest	2026-02-19T22:12:09.9564739Z ________________ TestKernelIntegration.test_step_limit_enforced ________________
build (3.12)	Test with pytest	2026-02-19T22:12:09.9565196Z 
build (3.12)	Test with pytest	2026-02-19T22:12:09.9565490Z self = <tests.test_kernel.TestKernelIntegration object at 0x7fade0d9b800>
build (3.12)	Test with pytest	2026-02-19T22:12:09.9566411Z tmp_path = PosixPath('/tmp/pytest-of-runner/pytest-0/test_step_limit_enforced0')
build (3.12)	Test with pytest	2026-02-19T22:12:09.9567394Z 
build (3.12)	Test with pytest	2026-02-19T22:12:09.9567584Z     def test_step_limit_enforced(self, tmp_path):
build (3.12)	Test with pytest	2026-02-19T22:12:09.9568090Z         """Session fails when step limit exceeded."""
build (3.12)	Test with pytest	2026-02-19T22:12:09.9568500Z     
build (3.12)	Test with pytest	2026-02-19T22:12:09.9568751Z         cfg = KernelConfig(
build (3.12)	Test with pytest	2026-02-19T22:12:09.9569100Z             primary_provider="mock",
build (3.12)	Test with pytest	2026-02-19T22:12:09.9569477Z             max_steps=2,
build (3.12)	Test with pytest	2026-02-19T22:12:09.9569783Z             max_cost_usd=1.0,
build (3.12)	Test with pytest	2026-02-19T22:12:09.9570156Z             db_path=str(tmp_path / "lim.db"),
build (3.12)	Test with pytest	2026-02-19T22:12:09.9570599Z             log_path=str(tmp_path / "lim.jsonl"),
build (3.12)	Test with pytest	2026-02-19T22:12:09.9571305Z             allowed_permissions=frozenset({ToolPermission.NONE, ToolPermission.FILESYSTEM_READ}),
build (3.12)	Test with pytest	2026-02-19T22:12:09.9571985Z         )
build (3.12)	Test with pytest	2026-02-19T22:12:09.9572315Z         storage = SQLiteStorage(str(tmp_path / "lim.db"))
build (3.12)	Test with pytest	2026-02-19T22:12:09.9573210Z         # Always returns unknown tool call ΓÇö session will loop and hit limit
build (3.12)	Test with pytest	2026-02-19T22:12:09.9573830Z         tc = make_tool_call("nonexistent_tool_xyz", {})
build (3.12)	Test with pytest	2026-02-19T22:12:09.9574552Z         provider = MockProvider([tc, tc, tc, tc, tc])
build (3.12)	Test with pytest	2026-02-19T22:12:09.9575005Z         registry = ToolRegistry(cfg)
build (3.12)	Test with pytest	2026-02-19T22:12:09.9575381Z >       registry.build()
build (3.12)	Test with pytest	2026-02-19T22:12:09.9575580Z 
build (3.12)	Test with pytest	2026-02-19T22:12:09.9575715Z tests/test_kernel.py:110: 
build (3.12)	Test with pytest	2026-02-19T22:12:09.9576281Z _ _ _ _ _ _ _ _ _ _ _ _ _ _ _ _ _ _ _ _ _ _ _ _ _ _ _ _ _ _ _ _ _ _ _ _ _ _ _ _ 
build (3.12)	Test with pytest	2026-02-19T22:12:09.9576779Z aria/tools/registry.py:29: in build
build (3.12)	Test with pytest	2026-02-19T22:12:09.9577214Z     self._register(cls, module_path=_module_path(cls))
build (3.12)	Test with pytest	2026-02-19T22:12:09.9577728Z _ _ _ _ _ _ _ _ _ _ _ _ _ _ _ _ _ _ _ _ _ _ _ _ _ _ _ _ _ _ _ _ _ _ _ _ _ _ _ _ 
build (3.12)	Test with pytest	2026-02-19T22:12:09.9578079Z 
build (3.12)	Test with pytest	2026-02-19T22:12:09.9578344Z self = <aria.tools.registry.ToolRegistry object at 0x7fade0ae6a50>
build (3.12)	Test with pytest	2026-02-19T22:12:09.9578964Z cls = <class 'aria.tools.builtin.write_file.ToolPlugin'>
build (3.12)	Test with pytest	2026-02-19T22:12:09.9579699Z module_path = '/home/runner/work/aria-runtime/aria-runtime/aria/tools/builtin/write_file.py'
build (3.12)	Test with pytest	2026-02-19T22:12:09.9580258Z 
build (3.12)	Test with pytest	2026-02-19T22:12:09.9580472Z     def _register(self, cls: Any, module_path: str) -> None:
build (3.12)	Test with pytest	2026-02-19T22:12:09.9580980Z         manifest = getattr(cls, "manifest", None)
build (3.12)	Test with pytest	2026-02-19T22:12:09.9581430Z         if not isinstance(manifest, ToolManifest):
build (3.12)	Test with pytest	2026-02-19T22:12:09.9582096Z             raise ManifestValidationError(f"{cls.__name__}.manifest must be a ToolManifest")
build (3.12)	Test with pytest	2026-02-19T22:12:09.9582791Z         if not callable(getattr(cls, "execute", None)):
build (3.12)	Test with pytest	2026-02-19T22:12:09.9583452Z             raise ManifestValidationError(f"Tool {manifest.name!r} has no execute() method")
build (3.12)	Test with pytest	2026-02-19T22:12:09.9584280Z         disallowed = manifest.permissions - self._config.allowed_permissions
build (3.12)	Test with pytest	2026-02-19T22:12:09.9584827Z         if disallowed:
build (3.12)	Test with pytest	2026-02-19T22:12:09.9585156Z >           raise PermissionDeniedError(
build (3.12)	Test with pytest	2026-02-19T22:12:09.9585610Z                 f"Tool {manifest.name!r} requires {disallowed} "
build (3.12)	Test with pytest	2026-02-19T22:12:09.9586385Z                 f"not in allowed_permissions: {self._config.allowed_permissions}"
build (3.12)	Test with pytest	2026-02-19T22:12:09.9586932Z             )
build (3.12)	Test with pytest	2026-02-19T22:12:09.9588389Z E           aria.models.errors.PermissionDeniedError: Tool 'write_file' requires frozenset({<ToolPermission.FILESYSTEM_WRITE: 'fs_write'>}) not in allowed_permissions: frozenset({<ToolPermission.FILESYSTEM_READ: 'fs_read'>, <ToolPermission.NONE: 'none'>})
build (3.12)	Test with pytest	2026-02-19T22:12:09.9589837Z 
build (3.12)	Test with pytest	2026-02-19T22:12:09.9590031Z aria/tools/registry.py:64: PermissionDeniedError
build (3.12)	Test with pytest	2026-02-19T22:12:09.9590533Z ================================ tests coverage ================================
build (3.12)	Test with pytest	2026-02-19T22:12:09.9591157Z _______________ coverage: platform linux, python 3.12.12-final-0 _______________
build (3.12)	Test with pytest	2026-02-19T22:12:09.9591589Z 
build (3.12)	Test with pytest	2026-02-19T22:12:09.9591789Z Name                                          Stmts   Miss  Cover   Missing
build (3.12)	Test with pytest	2026-02-19T22:12:09.9592332Z ---------------------------------------------------------------------------
build (3.12)	Test with pytest	2026-02-19T22:12:09.9592898Z aria/__init__.py                                  0      0   100%
build (3.12)	Test with pytest	2026-02-19T22:12:09.9593657Z aria/cli/__init__.py                              0      0   100%
build (3.12)	Test with pytest	2026-02-19T22:12:09.9594235Z aria/cli/audit_cmd.py                            69     69     0%   3-96
build (3.12)	Test with pytest	2026-02-19T22:12:09.9594818Z aria/cli/bootstrap.py                            50     50     0%   3-78
build (3.12)	Test with pytest	2026-02-19T22:12:09.9595384Z aria/cli/main.py                                 33     33     0%   3-59
build (3.12)	Test with pytest	2026-02-19T22:12:09.9595952Z aria/cli/run_cmd.py                              49     49     0%   3-79
build (3.12)	Test with pytest	2026-02-19T22:12:09.9596693Z aria/cli/tools_cmd.py                            28     28     0%   3-39
build (3.12)	Test with pytest	2026-02-19T22:12:09.9597284Z aria/kernel/__init__.py                           0      0   100%
build (3.12)	Test with pytest	2026-02-19T22:12:09.9597868Z aria/kernel/context.py                           16      1    94%   37
build (3.12)	Test with pytest	2026-02-19T22:12:09.9598450Z aria/kernel/fsm.py                               23      0   100%
build (3.12)	Test with pytest	2026-02-19T22:12:09.9599180Z aria/kernel/kernel.py                           173     37    79%   106-108, 164, 227, 314-344, 392-415, 445-452, 473-475, 490-494
build (3.12)	Test with pytest	2026-02-19T22:12:09.9600174Z aria/logging_setup.py                            56     43    23%   21-86, 94-112
build (3.12)	Test with pytest	2026-02-19T22:12:09.9600809Z aria/memory/__init__.py                           0      0   100%
build (3.12)	Test with pytest	2026-02-19T22:12:09.9601835Z aria/memory/sqlite.py                           152     30    80%   164-165, 171-173, 183-185, 210-211, 242-243, 277-278, 286-287, 313-314, 344-345, 367-368, 376-377, 388-389, 408-409, 414-415
build (3.12)	Test with pytest	2026-02-19T22:12:09.9602865Z aria/models/__init__.py                           0      0   100%
build (3.12)	Test with pytest	2026-02-19T22:12:09.9603433Z aria/models/errors.py                            70      0   100%
build (3.12)	Test with pytest	2026-02-19T22:12:09.9604032Z aria/models/providers/__init__.py                 0      0   100%
build (3.12)	Test with pytest	2026-02-19T22:12:09.9604709Z aria/models/providers/anthropic_provider.py      72     72     0%   9-164
build (3.12)	Test with pytest	2026-02-19T22:12:09.9605375Z aria/models/providers/base.py                     4      0   100%
build (3.12)	Test with pytest	2026-02-19T22:12:09.9605982Z aria/models/providers/circuit_breaker.py         49      0   100%
build (3.12)	Test with pytest	2026-02-19T22:12:09.9606812Z aria/models/providers/ollama_provider.py         62     62     0%   8-153
build (3.12)	Test with pytest	2026-02-19T22:12:09.9607485Z aria/models/router.py                            50      2    96%   71-72
build (3.12)	Test with pytest	2026-02-19T22:12:09.9608178Z aria/models/types.py                            218     20    91%   90-92, 96-102, 106-112, 142, 269, 271
build (3.12)	Test with pytest	2026-02-19T22:12:09.9608901Z aria/security/__init__.py                         0      0   100%
build (3.12)	Test with pytest	2026-02-19T22:12:09.9609625Z aria/security/scrubber.py                        38      2    95%   90, 93
build (3.12)	Test with pytest	2026-02-19T22:12:09.9610350Z aria/security/secrets.py                         32     21    34%   12, 15-28, 31-36, 40, 48-50
build (3.12)	Test with pytest	2026-02-19T22:12:09.9611049Z aria/tools/__init__.py                            0      0   100%
build (3.12)	Test with pytest	2026-02-19T22:12:09.9611655Z aria/tools/builtin/__init__.py                    3      0   100%
build (3.12)	Test with pytest	2026-02-19T22:12:09.9612320Z aria/tools/builtin/read_file.py                  18     11    39%   41-51
build (3.12)	Test with pytest	2026-02-19T22:12:09.9613013Z aria/tools/builtin/write_file.py                 19     12    37%   43-54
build (3.12)	Test with pytest	2026-02-19T22:12:09.9613788Z aria/tools/registry.py                           78     27    65%   32, 34-36, 40-54, 59, 61, 69, 83-85, 103-104
build (3.12)	Test with pytest	2026-02-19T22:12:09.9614717Z aria/tools/sandbox.py                           113     20    82%   41-42, 63, 65, 68, 71, 74, 76, 79-82, 133-134, 212-214, 220, 224-225
build (3.12)	Test with pytest	2026-02-19T22:12:09.9615523Z ---------------------------------------------------------------------------
build (3.12)	Test with pytest	2026-02-19T22:12:09.9616296Z TOTAL                                          1475    589    60%
build (3.12)	Test with pytest	2026-02-19T22:12:09.9616931Z FAIL Required test coverage of 80% not reached. Total coverage: 60.07%
build (3.12)	Test with pytest	2026-02-19T22:12:09.9617572Z =========================== short test summary info ============================
build (3.12)	Test with pytest	2026-02-19T22:12:09.9619847Z FAILED tests/test_kernel.py::TestKernelIntegration::test_step_limit_enforced - aria.models.errors.PermissionDeniedError: Tool 'write_file' requires frozenset({<ToolPermission.FILESYSTEM_WRITE: 'fs_write'>}) not in allowed_permissions: frozenset({<ToolPermission.FILESYSTEM_READ: 'fs_read'>, <ToolPermission.NONE: 'none'>})
build (3.12)	Test with pytest	2026-02-19T22:12:09.9622201Z ERROR tests/test_aria.py::test
build (3.12)	Test with pytest	2026-02-19T22:12:09.9622670Z ==================== 1 failed, 162 passed, 1 error in 4.37s ====================
build (3.12)	Test with pytest	2026-02-19T22:12:10.0098282Z ##[error]Process completed with exit code 1.
build (3.12)	Post Run actions/checkout@v4	∩╗┐2026-02-19T22:12:10.0223361Z Post job cleanup.
build (3.12)	Post Run actions/checkout@v4	2026-02-19T22:12:10.1172479Z [command]/usr/bin/git version
build (3.12)	Post Run actions/checkout@v4	2026-02-19T22:12:10.1209161Z git version 2.52.0
build (3.12)	Post Run actions/checkout@v4	2026-02-19T22:12:10.1254006Z Temporarily overriding HOME='/home/runner/work/_temp/4ee569ce-30fb-41ba-859c-9f9b4fc4916a' before making global git config changes
build (3.12)	Post Run actions/checkout@v4	2026-02-19T22:12:10.1255346Z Adding repository directory to the temporary git global config as a safe directory
build (3.12)	Post Run actions/checkout@v4	2026-02-19T22:12:10.1268340Z [command]/usr/bin/git config --global --add safe.directory /home/runner/work/aria-runtime/aria-runtime
build (3.12)	Post Run actions/checkout@v4	2026-02-19T22:12:10.1304977Z [command]/usr/bin/git config --local --name-only --get-regexp core\.sshCommand
build (3.12)	Post Run actions/checkout@v4	2026-02-19T22:12:10.1337115Z [command]/usr/bin/git submodule foreach --recursive sh -c "git config --local --name-only --get-regexp 'core\.sshCommand' && git config --local --unset-all 'core.sshCommand' || :"
build (3.12)	Post Run actions/checkout@v4	2026-02-19T22:12:10.1569662Z [command]/usr/bin/git config --local --name-only --get-regexp http\.https\:\/\/github\.com\/\.extraheader
build (3.12)	Post Run actions/checkout@v4	2026-02-19T22:12:10.1590988Z http.https://github.com/.extraheader
build (3.12)	Post Run actions/checkout@v4	2026-02-19T22:12:10.1603643Z [command]/usr/bin/git config --local --unset-all http.https://github.com/.extraheader
build (3.12)	Post Run actions/checkout@v4	2026-02-19T22:12:10.1634625Z [command]/usr/bin/git submodule foreach --recursive sh -c "git config --local --name-only --get-regexp 'http\.https\:\/\/github\.com\/\.extraheader' && git config --local --unset-all 'http.https://github.com/.extraheader' || :"
build (3.12)	Post Run actions/checkout@v4	2026-02-19T22:12:10.1859649Z [command]/usr/bin/git config --local --name-only --get-regexp ^includeIf\.gitdir:
build (3.12)	Post Run actions/checkout@v4	2026-02-19T22:12:10.1891611Z [command]/usr/bin/git submodule foreach --recursive git config --local --show-origin --name-only --get-regexp remote.origin.url
build (3.12)	Complete job	∩╗┐2026-02-19T22:12:10.2224743Z Cleaning up orphan processes
